Time resolution is 1 ps

====================================================
          H_FUNCTION_CORE VERIFICATION
====================================================
Input file : C:/SOC_basic/buoi2/C_Modeling/input_vectors.txt
Golden file: C:/SOC_basic/buoi2/C_Modeling/golden_output.txt
====================================================

[PASS] TC=1 A=a847a195 B=1bedcf3b C=826161d0 D=01c1e8ce E=9d98eff8 F=001b8341 H=a9bfcb77
[PASS] TC=2 A=b8198915 B=958e92d5 C=51d2a3c0 D=26897ab8 E=c1d9d5a3 F=eb2c643e H=fb3def7f
[PASS] TC=3 A=2acb810b B=b6e3a056 C=bf818f43 D=5e8d67c8 E=30d97a7b F=3703b33a H=ffe7fffb
[PASS] TC=4 A=dc4b38c4 B=9c0979e3 C=28bc9c24 D=fd24e0d5 E=253992b2 F=73aa770b H=77fe7f6f
[PASS] TC=5 A=36729a33 B=f1c3f84b C=6fd6dcef D=5c899aa1 E=5dfb136c F=3af71d7c H=7effff7c
[PASS] TC=6 A=a2b09985 B=8544d389 C=1400bc47 D=86c3f04b E=f50b22cc F=6a2e1dc7 H=ea2ebfd7
[PASS] TC=7 A=bef06752 B=fe9ce429 C=fa047246 D=5b343076 E=0c794cf8 F=28c27c50 H=e8ee7cff
[PASS] TC=8 A=29e7854b B=16f187e2 C=98b851e9 D=a55e3b68 E=eb6e2aa2 F=0ef1ff6e H=9ff1fffe
[PASS] TC=9 A=e6e995b4 B=efb9dbf4 C=b88159e7 D=f9bb7771 E=c139f857 F=5b9bbb3d H=ffffffbf
[PASS] TC=10 A=6a9db6cf B=ebb37717 C=03c71475 D=f3672daf E=99c10a58 F=b5913279 H=bfbf77fd
[PASS] TC=11 A=5c415af0 B=6de147af C=85927cd2 D=471d6c7c E=128636d6 F=4870cb07 H=fe72ff37
[PASS] TC=12 A=90bd422c B=427951f6 C=3a839e14 D=0d33a521 E=54e3f8e7 F=1c3858ab H=bfbddebb
[PASS] TC=13 A=0d5c0f9f B=865aa71d C=19f73beb D=d9967639 E=96db4777 F=bde81c6e H=fde83d6f
[PASS] TC=14 A=c4490506 B=88ead6d0 C=3bdcd15a D=a1d7cc9a E=1386e450 F=1e904e0a H=1fd07f5a
[PASS] TC=15 A=82642bc4 B=f32bd748 C=24ab0f63 D=2ff33207 E=1f02b64d F=d92538f9 H=dfe57afb
[PASS] TC=16 A=f238b2bb B=af328914 C=fa336d1b D=a582be7c E=72212e6c F=954cadfd H=dffeedff
[PASS] TC=17 A=ffc63724 B=7a97134d C=1b749928 D=61579dd9 E=c4ec5482 F=7521e997 H=7fbbe9bf
[PASS] TC=18 A=63e5a514 B=1b9e82e7 C=5b61f4c3 D=bbe04d99 E=a77f6b13 F=d6ada1b2 H=ffafe7b6
[PASS] TC=19 A=d82e7c2f B=602e4a4f C=aa9bf57b D=f84caa62 E=2c9f72e4 F=bdaf4813 H=ffbfdeb7
[PASS] TC=20 A=0c0c1f06 B=e5ecd0f8 C=73885b0d D=ba8fd76d E=0021d62d F=5a545b82 H=defcdfbb
[PASS] TC=21 A=caf11634 B=a91c7270 C=81477fc9 D=14225975 E=fbf97450 F=a3c4a694 H=e7fdfedc
[PASS] TC=22 A=69cb9c11 B=50f6966a C=0ef50ea5 D=de7e1b01 E=2dabc46a F=ebf9a133 H=ebfdb5b7
[PASS] TC=23 A=1f78a688 B=78a01f99 C=7cb5d2f4 D=7b1c47a6 E=e9292438 F=ba166a70 H=bebffa7b
[PASS] TC=24 A=a401ce38 B=c3e69ffa C=428967aa D=468fac54 E=03bb9785 F=42bf12b0 H=ebfff2b3
[PASS] TC=25 A=a62b213d B=2db1d3d6 C=e5a719aa D=750a051f E=c032edaa F=24b93ce8 H=2cfb3df8
[PASS] TC=26 A=c09f9fd5 B=848ea9c8 C=c40d3ea5 D=1438680e E=0cddd81e F=08094f66 H=182f4f6e
[PASS] TC=27 A=3fc94e98 B=fbbb4384 C=e61d3e7a D=56358c48 E=5fb783e6 F=601f455e H=77dfddfe
[PASS] TC=28 A=9d91d529 B=4a7e5dc3 C=c2d36f37 D=9aab8372 E=0f0c1f3a F=2d3ad319 H=2d3ed31f
[PASS] TC=29 A=5ddf4173 B=3b276abc C=19914330 D=ba23595a E=91c8b5de F=9cdf77e6 H=feff77e7
[PASS] TC=30 A=f458f314 B=042e540f C=76fa644d D=996d148b E=3976e3eb F=724ffc4a H=ff7ffc5a
[PASS] TC=31 A=53220cfa B=7fbc622e C=2c34acf7 D=35478a13 E=ee6a706f F=f4d007fb H=fffa27ff
[PASS] TC=32 A=b39faef3 B=61564568 C=64d1fe35 D=bd4e5929 E=f149c17c F=ad386843 H=ff3fea7f
[PASS] TC=33 A=25ca46a5 B=7ccf5f40 C=2a91ef1e D=5b8a7db3 E=fc18db47 F=dfe2284d H=dfeb2d6d
[PASS] TC=34 A=883e1529 B=b26076a8 C=8598a730 D=7ea33938 E=5623dff9 F=7ea0baf4 H=7ef0baf4
[PASS] TC=35 A=de2e3bee B=141dcf77 C=fd6ac155 D=37bb2334 E=07fbb48a F=8275328c H=d2773b8c
[PASS] TC=36 A=a3a8ddff B=b03f9fc0 C=b9469021 D=c80d4184 E=a54b7a6e F=b82c2ae3 H=bffefbf7
[PASS] TC=37 A=219e36d0 B=641b77c2 C=16c9e2bb D=32b6f4f8 E=1ea946d4 F=c46f1c14 H=cfef1ef5
[PASS] TC=38 A=0829fc2a B=3f481024 C=b0b4c1bd D=42b0545c E=9fbdf2f0 F=f41d5903 H=feddff67
[PASS] TC=39 A=8311bc2a B=9a88285c C=369852b4 D=53405837 E=8984b75b F=cff9a04e H=fffdb7fe
[PASS] TC=40 A=9a1702af B=9546b8c0 C=498359b5 D=d4d451ad E=55e0141d F=61d10694 H=77d536fc
[PASS] TC=41 A=d5daa482 B=5af17597 C=97724f0e D=ce9b1a83 E=0b386923 F=42e041d1 H=fbed4bd1
[PASS] TC=42 A=bbd79620 B=9a08455c C=4d7b6a01 D=e5aae792 E=6cb07af0 F=a053b634 H=fa53b7ff
[PASS] TC=43 A=d4a57527 B=07e12a85 C=894469b2 D=311a5f1f E=0e348c0b F=d4b6a5a6 H=d6beefb6
[PASS] TC=44 A=db19a351 B=c02ae651 C=0c74030a D=2822c84c E=992ac22a F=0da8e6a5 H=ffefe6b7
[PASS] TC=45 A=2c2bf352 B=ce3898dc C=6e426e8b D=4f1042e7 E=e3b256f1 F=6d6d6cf7 H=6d6d6dff
[PASS] TC=46 A=c0a39e87 B=cc16ced8 C=2a92a0cc D=747e05ab E=441e34a8 F=ebfc5092 H=fffcd6da
[PASS] TC=47 A=37b2141f B=18ded0dc C=d6492686 D=b7820275 E=19d885ba F=9b51881a H=ff7f8c3a
[PASS] TC=48 A=f445ea61 B=cb02d7f7 C=4152386f D=44ee01f5 E=d6f61104 F=d0cd0188 H=fdffebae
[PASS] TC=49 A=b1d1454c B=0733f5ef C=79f4f32f D=4681b1a7 E=074e5f60 F=8283dd98 H=efafddfd
[PASS] TC=50 A=85e63a05 B=e00d9fbf C=bfbf7b5e D=27d9b404 E=65bff2db F=8bfca711 H=9ffeef5b
[PASS] TC=51 A=2b4ad0ea B=a9060240 C=e1ef79d4 D=03c893c0 E=bf200afb F=89af3914 H=ffeffd57
[PASS] TC=52 A=fe2bd030 B=eabb0579 C=2f906d3f D=e311b577 E=a744c31e F=55366704 H=55367785
[PASS] TC=53 A=3e7c7d0f B=1b08a43b C=6feba704 D=4b4c9b35 E=77eff453 F=9d7659de H=9f7e5ffe
[PASS] TC=54 A=6e27a13e B=ed9e2d47 C=ac3a774d D=665baa65 E=477d5117 F=afde770e H=afdeffae
[PASS] TC=55 A=be5692f0 B=2c85659a C=560e81bb D=cc9e948b E=fecae7a7 F=38c66eb5 H=bdee6fb7
[PASS] TC=56 A=8eab8413 B=09eb069a C=7866a761 D=6078e68d E=489f4e16 F=13d4f4d9 H=37f6f6fd
[PASS] TC=57 A=c5637a2f B=9f3e0ce1 C=cb464f1d D=83ef899c E=e20db074 F=ef37381b H=efffbf3f
[PASS] TC=58 A=322fbbd5 B=cca630f9 C=a37c056d D=9faf3228 E=8980a99a F=38c201e6 H=bcfe17ff
[PASS] TC=59 A=50fb993b B=e873999a C=e751fc47 D=8e74acb5 E=76762db2 F=b99641bd H=b9bf55ff
[PASS] TC=60 A=7ccf3d85 B=cb595edc C=edf9ba90 D=96f82028 E=7666639e F=512119e2 H=7b751bfb
[PASS] TC=61 A=690bf0d0 B=4c0af28b C=9a6a84cd D=f471eb65 E=1e08dce4 F=85000559 H=9de7a779
[PASS] TC=62 A=d92b1374 B=b20e4fa2 C=41266ba4 D=915fbdf6 E=a9295cb8 F=1cd29722 H=bfd797b6
[PASS] TC=63 A=1749b3ca B=b74a8daf C=1769086c D=a7918074 E=f93cf39c F=730093a7 H=7b2fd7f7
[PASS] TC=64 A=78696771 B=7f0c9671 C=4456040c D=9bca1d81 E=17804dd9 F=6d2358a7 H=eda7deb7
[PASS] TC=65 A=b97dfe82 B=169d62a7 C=5b3b336f D=f9c97284 E=e73ab114 F=0033fea3 H=eb77ffab
[PASS] TC=66 A=b980a7c4 B=7f17b2bc C=9b60f217 D=466313c9 E=5989c570 F=aa3a9ddf H=be3a9dff
[PASS] TC=67 A=c97c4605 B=bb60e0fd C=93de2884 D=39a44d5b E=27065041 F=b0028241 H=fa1ab2dd
[PASS] TC=68 A=83b0a9cc B=f4c56aea C=5ae0f4f8 D=698d1460 E=9cbde8a5 F=c71c381d H=df1c3d3d
[PASS] TC=69 A=dabc0d80 B=4be73445 C=d2f0f621 D=d2249c6c E=3c268d85 F=7d69d004 H=ffebde05
[PASS] TC=70 A=b609b70d B=1d60dd0f C=074ecd62 D=5f518aff E=772e5416 F=f5e9d20e H=fffbd76f
[PASS] TC=71 A=490f5f77 B=e66ee5cc C=481cad8b D=1de922d8 E=bb0b69d0 F=571e8dfb H=ff7eefff
[PASS] TC=72 A=5ff22942 B=2a679c18 C=b6c7a7d1 D=6c1d6cd0 E=5ede897d F=49e0662d H=cffd7e7f
[PASS] TC=73 A=56dfa931 B=f12cce0e C=fd47e715 D=a01c4656 E=468c868b F=2c228ea8 H=bebb9fff
[PASS] TC=74 A=34164a0c B=b181ef21 C=b3dc089f D=7d1c13ce E=31e1a783 F=afe7e8a9 H=bfe7eaff
[PASS] TC=75 A=4f541c04 B=5579ae33 C=a5819f59 D=1460fc60 E=488a058c F=ca6e45d2 H=dfefd5f6
[PASS] TC=76 A=eca16a8b B=8c28332e C=f116b84b D=c1d6252c E=02577357 F=144db633 H=b5dffff3
[PASS] TC=77 A=7bf69169 B=ca02add8 C=38ec79e9 D=96818841 E=95edebfa F=36743b6e H=76767f7f
[PASS] TC=78 A=8b544ad4 B=37ced3de C=5060023d D=19b03d01 E=6cc8a5d9 F=702f5dde H=fd6f7ddf
[PASS] TC=79 A=5e243206 B=830a607b C=a55d9757 D=16ae2154 E=28c0e0b0 F=cf2c61ac H=ef6d67fc
[PASS] TC=80 A=5a9965ad B=e9edf086 C=51a72061 D=2bf4dcfb E=6b3563c3 F=b0dabb95 H=f2ffffbd
[PASS] TC=81 A=6600ca8a B=f897d2c8 C=706368c6 D=30a6ce87 E=9accb3b0 F=2f02402a H=6f8e54ef
[PASS] TC=82 A=4b0745b1 B=617e73c7 C=266130aa D=d57380fb E=9657bf61 F=7181e7fe H=71bdeffe
[PASS] TC=83 A=dfc29d76 B=c4fa4af8 C=013975d4 D=068d6739 E=405eff24 F=3a01b0c2 H=7b1dbad7
[PASS] TC=84 A=67eb6aa7 B=7f4902b7 C=1e57ae4c D=42e1695e E=f3fda45f F=dd251a5e H=df6fdedf
[PASS] TC=85 A=d509b298 B=9b596b60 C=71f90cdb D=535f51bc E=aa511859 F=9cb4ab8a H=9eb6eb9e
[PASS] TC=86 A=8e2da341 B=12c3ce8b C=a2664cc4 D=7f4d0a51 E=b76bfe97 F=0d08d5c2 H=8daef7ea
[PASS] TC=87 A=ace34fea B=3f20a0e0 C=f4491c45 D=bb3ec953 E=cedd5698 F=34b340d7 H=bcb76dd7
[PASS] TC=88 A=63738812 B=92930dc4 C=a06b2f47 D=b94e2e98 E=d288cc11 F=fd2474ee H=fdb77ffe
[PASS] TC=89 A=18d57c71 B=7f3fd040 C=7b088c48 D=a60227eb E=dc32e522 F=c8cbd07b H=d8efd9fb
[PASS] TC=90 A=0167840a B=99ced044 C=daa2ce82 D=111b3e15 E=5694a3ae F=4bd9f700 H=4ffdff17
[PASS] TC=91 A=d2f50527 B=2598a57e C=d13822bc D=1a6cea0d E=9f2e99ac F=ba4d1a36 H=be7f9ff6
[PASS] TC=92 A=25f4604f B=42220226 C=45710aed D=d2a146d8 E=8ef76c70 F=171c6999 H=f73effdb
[PASS] TC=93 A=3af22838 B=a7ae9186 C=cbe6f387 D=88869edc E=f8aeae1f F=445ac9e6 H=6d5acdfe
[PASS] TC=94 A=d0db5ec6 B=b3f37009 C=f8726e40 D=8a401e66 E=ce8fcc62 F=208c1400 H=28fd5707
[PASS] TC=95 A=d74ff32e B=5ad86647 C=5f9e71f5 D=cfe09a90 E=9a2d778f F=2c166613 H=effefe7b
[PASS] TC=96 A=6b16b49d B=04ef63c5 C=62bc4949 D=2dab3397 E=a810e19f F=a3a1a082 H=f7f9f09f
[PASS] TC=97 A=4fdf2de1 B=bee91e6f C=fa43df75 D=326fd192 E=d2a38d48 F=37d93241 H=7fd97f4f
[PASS] TC=98 A=ff3d07ba B=ccd1996a C=7f49f8e8 D=ff7dea5f E=ad85046d F=4e241041 H=4ea47be7
[PASS] TC=99 A=4db67bd0 B=43d8f5c6 C=5d6fe779 D=9649ad4e E=155a5532 F=cbbd0f9d H=ebfd9f9f
[PASS] TC=100 A=34a7fe2d B=e130074b C=8b751909 D=398c8ab2 E=20c3065e F=241ca00c H=77feaddd
[PASS] TC=101 A=ff462399 B=8a6caccb C=2806d890 D=bd0c75bd E=546000e4 F=6b83b1cf H=fbd7fdef
[PASS] TC=102 A=e85e01cc B=5f1efdb8 C=56fe2adb D=0d568ba6 E=2908ee86 F=92f1b47d H=faf5b77f
[PASS] TC=103 A=078fcc7d B=3f2f2853 C=d2db634b D=c85fd221 E=86e552cb F=7eecaeeb H=7eecbfef
[PASS] TC=104 A=2b5c3bf8 B=24a87fbc C=3cdd902c D=318c253b E=91f890aa F=22f3e8f7 H=2bf7fef7
[PASS] TC=105 A=bb853049 B=749de48e C=1ecf078e D=990b265f E=d40bd83b F=4eb2a6e7 H=4fffe7ff
[PASS] TC=106 A=3b861711 B=7908c26b C=69ddf7f5 D=71579539 E=33ed95ff F=14f570ca H=3ffdfecb
[PASS] TC=107 A=262b4681 B=9605b824 C=d72bb8f9 D=a11b92b1 E=e94215b8 F=773f0812 H=7f3f0f77
[PASS] TC=108 A=1d46104a B=2e71f151 C=e8857d23 D=9838240c E=94341141 F=e677fe11 H=f7f7ff71
[PASS] TC=109 A=093657ce B=934a3d23 C=edcea840 D=adee13f9 E=eec143f3 F=cc1dc5ed H=fcdfeffd
[PASS] TC=110 A=fcec6d38 B=589ee62f C=82f0cfdd D=ee41a036 E=e0271cb2 F=9188c8ad H=d79eeeed
[PASS] TC=111 A=99d529c0 B=ecb92e09 C=3b01d330 D=2c1b4437 E=2affbf65 F=815b18cd H=c3dbbfed
[PASS] TC=112 A=67a52f49 B=2cc65667 C=733cf8e4 D=1c547029 E=661c74f2 F=5658e90d H=f7dff9cf
[PASS] TC=113 A=44cf4499 B=894324f6 C=614b1acb D=eda3fb20 E=448cda5c F=29297f8d H=7f79ff9f
[PASS] TC=114 A=ad8d5544 B=c3c5d88c C=14aa4520 D=f1597c4f E=74691e1f F=d2b6e7a5 H=d2bef7a5
[PASS] TC=115 A=1703ef0a B=57ce7d20 C=63fcae26 D=662da8cb E=f2bfef70 F=cdc2540a H=cfe2d72b
[PASS] TC=116 A=0a3cbb65 B=4f2a4ec8 C=95c27854 D=ce55434f E=cd98921a F=1bdbe242 H=5bffeff6
[PASS] TC=117 A=d73a0d34 B=5e924ba3 C=2b533148 D=33494257 E=20538b17 F=bf77844f H=bf77bd7f
[PASS] TC=118 A=393e25a4 B=2d1b2bfd C=1514fadd D=80081f50 E=b642cf32 F=6e184c04 H=6f3bcffc
[PASS] TC=119 A=47863c6e B=8f53151f C=ce88ab2e D=f761a5c3 E=b86255f3 F=f166e3b6 H=f9fee3b7
[PASS] TC=120 A=873c24af B=260da78f C=afc7e584 D=2bdee905 E=0b2858f9 F=1502203c H=7fa6fffe
[PASS] TC=121 A=53d6950a B=3f8d0a19 C=643dada5 D=561dabc3 E=ea13e571 F=c0e2b89c H=f7ebb99e
[PASS] TC=122 A=909fb844 B=5e5f4902 C=0e374fc5 D=2cb89573 E=747552c5 F=3d02243c H=7d1b75bf
[PASS] TC=123 A=384968e1 B=0d414371 C=c1da2243 D=63ad15b1 E=b74ea33a F=1fca1b8b H=bffb3feb
[PASS] TC=124 A=50e075e7 B=c74e3af3 C=5b588831 D=f38febf8 E=407551ee F=34fa4eac H=3ffbcfad
[PASS] TC=125 A=a1b461b2 B=e4201629 C=b4772122 D=3a65ecc0 E=8a0347a6 F=30314bde H=763b6fdf
[PASS] TC=126 A=69e993de B=618f2137 C=37198159 D=3cc287f9 E=f7400411 F=c2ec5299 H=c7fcff9f
[PASS] TC=127 A=8c42b67c B=3e91ccb7 C=086a738b D=1b63aa1e E=d53dff83 F=c04789b4 H=f35fddbd
[PASS] TC=128 A=20a6faac B=7674aaa9 C=4252a6a5 D=f687ac3c E=3a835816 F=cd73719c H=fd77ffbc
[PASS] TC=129 A=d96f0a36 B=f995d0b0 C=0e47bc82 D=23499a89 E=72fe61da F=67407b68 H=6f46ff6f
[PASS] TC=130 A=d56582a3 B=2587aaa2 C=8227e5ce D=3456a2cd E=e07baaca F=4d7622cd H=6dfe27dd
[PASS] TC=131 A=516f43fe B=cf098bf2 C=9c149c7d D=fd8f7584 E=a6b3f724 F=4634b4fa H=de7eb6ff
[PASS] TC=132 A=b3a6697d B=4f8326a4 C=cb57b6c3 D=a20da0bc E=3966c794 F=4b5ebb8d H=7b7ebfcd
[PASS] TC=133 A=ad627fb4 B=5e5a8ddd C=2a7eabd1 D=b0ab7bed E=efcf7fb4 F=07df8be3 H=97dfcbfb
[PASS] TC=134 A=1c31056e B=0167c2e4 C=fc93479b D=77deb039 E=b118c761 F=d6de7c6f H=fedffc7f
[PASS] TC=135 A=7e2478eb B=1d2bb78b C=407f6889 D=7318ede1 E=e83dd173 F=7bbf12bb H=fbbfb3bb
[PASS] TC=136 A=7d442c6a B=8ea86d13 C=ac1e9688 D=f8f6c850 E=9bf6fa5e F=8b349889 H=af36fdff
[PASS] TC=137 A=41f90313 B=48c3f312 C=ca741fa1 D=6f814899 E=988c8cad F=0024d90b H=a227d9bb
[PASS] TC=138 A=f536733c B=c6ecdd74 C=44af42ab D=f02fc1f3 E=6f157ed8 F=2f061b34 H=afe7dbf4
[PASS] TC=139 A=156027fd B=e384b156 C=225b6eb8 D=49e06454 E=71cb92a3 F=57663c40 H=f7f6bdfc
[PASS] TC=140 A=b244c6e8 B=84d94ad0 C=539584fd D=23db48cb E=f839eac7 F=263f3ce9 H=b73fffff
[PASS] TC=141 A=2d73166f B=fedc9c88 C=95472de3 D=b7bcaaa7 E=55e09b40 F=5bfd783b H=7bfdff3f
[PASS] TC=142 A=09f9a5dd B=dc8f7bc4 C=388033f6 D=b804eac4 E=fade3cdd F=35944e73 H=bdbfce77
[PASS] TC=143 A=c1da596f B=973eba14 C=4437bd7e D=f6fd71aa E=d3edf5d9 F=0e326934 H=9fbfebf6
[PASS] TC=144 A=23bcc5ef B=13db799c C=612f6fd8 D=f1d76b28 E=15b6ce67 F=e6ed4e36 H=f7fdfff6
[PASS] TC=145 A=025d9ef1 B=38fbfd3b C=dbcf6e8f D=4bae9da9 E=c7ffe2ec F=57bd0c36 H=d7bfbc36
[PASS] TC=146 A=a06a4eba B=7de07457 C=44948c12 D=dd8b6850 E=5201f166 F=e1edb331 H=edffb73d
[PASS] TC=147 A=613fd3c4 B=1e5976f5 C=a22b0546 D=c52ba488 E=a438fe26 F=a1c38007 H=e1f7ed57
[PASS] TC=148 A=6cb6ed71 B=1db034b5 C=d05e756e D=40eb70c8 E=c428becb F=e52008bc H=f72628bd
[PASS] TC=149 A=4addc2ab B=710d9cdf C=b41252fa D=50101551 E=26be6e69 F=8c46c8ea H=9d6ff9ee
[PASS] TC=150 A=73b05171 B=6d7217e8 C=4f980f36 D=97efbc4e E=fca7b59f F=f103cd05 H=fbafcf27
[PASS] TC=151 A=2b0d31ee B=3dceef36 C=f0b922ee D=f7f23b96 E=e59968ff F=d87599ab H=d8ff9faf
[PASS] TC=152 A=bbf92885 B=aefce2b8 C=96ef3b42 D=aba20a9f E=8cb41914 F=2287dc4c H=3f97ffcc
[PASS] TC=153 A=284aba76 B=989a24f2 C=7015899d D=f1f79b23 E=bb8b2fc5 F=8a59ac44 H=8fdbee65
[PASS] TC=154 A=52b3824b B=e7da384d C=eb4bc050 D=d1f8a744 E=e8d580f5 F=89fc7fc4 H=8bfc7ff7
[PASS] TC=155 A=bc37359e B=8a6348eb C=4eb3acea D=253776fd E=6760bdd1 F=9befd776 H=dbffdfff
[PASS] TC=156 A=476e8de7 B=729902f9 C=bdacfcf2 D=af3d1060 E=7f3d9718 F=48ad6a88 H=59ed6e9a
[PASS] TC=157 A=57681aa5 B=11cd403d C=9b9a9bc9 D=c00257d2 E=d1684a65 F=a0bd201b H=f3fd771f
[PASS] TC=158 A=f750c5f5 B=97185eb0 C=83c63308 D=3626cb35 E=c0efa8bf F=ce2e7e9b H=ef3fffdb
[PASS] TC=159 A=a5b17d6c B=8efb24ef C=1484d7a8 D=8f776bec E=f24ea144 F=ac298de8 H=fffffdeb
[PASS] TC=160 A=3d0e6c2b B=e5ba0e76 C=b6918678 D=2e91ade1 E=4c6dc5a9 F=0c91d033 H=afddf77f
[PASS] TC=161 A=f8b142b8 B=9b68b9a0 C=eb776997 D=383c9129 E=e703c737 F=b618fb87 H=f6baff8f
[PASS] TC=162 A=9ee0458f B=6773912e C=e6d4139c D=1f1623e2 E=7fc804d1 F=32583659 H=7279f6fb
[PASS] TC=163 A=8b4960e9 B=e43ad7b6 C=2692f0cb D=a7e91f44 E=33834352 F=d8e41efb H=fefefeff
[PASS] TC=164 A=ace91120 B=b02493ec C=d858663c D=8f737738 E=abcbf6e6 F=0866929f H=0e6f979f
[PASS] TC=165 A=0a82277c B=b6818a4a C=2c4de8d9 D=c0a3b796 E=49c2a4dd F=8f4c7055 H=ef6ff87d
[PASS] TC=166 A=95a93736 B=8f99c92c C=7a88687d D=e8272771 E=799e984b F=bb5d51f6 H=ff5df7f7
[PASS] TC=167 A=fe874ad0 B=c92eaa53 C=41b6d194 D=3cf24c38 E=f910f374 F=d683255e H=fe8fb75f
[PASS] TC=168 A=dc4d9726 B=dcf42610 C=3c046c41 D=9665d1ad E=a37725fe F=9ad91dff H=bffddfff
[PASS] TC=169 A=8e7b8301 B=45700819 C=1b4c00cd D=5a0f19d4 E=4b9d233d F=c4278d53 H=edbfeff7
[PASS] TC=170 A=f4d10119 B=d98bede2 C=f48db00e D=1340d0db E=4735f034 F=f6eb8339 H=feffdfbf
[PASS] TC=171 A=5c758d50 B=54e6ffec C=b34eefbf D=1deb41c9 E=72c0635b F=49e38e0d H=4fffdfdf
[PASS] TC=172 A=6428a3f2 B=a7e1afc5 C=c7306c08 D=3d18bc01 E=6d2116a4 F=a9e361af H=a9e3edbf
[PASS] TC=173 A=c6b2bd23 B=328a0de7 C=ad582975 D=912009cd E=b6c5e606 F=09ba6a13 H=89ff7fbf
[PASS] TC=174 A=d5c627a5 B=abdc4886 C=8b01f5bf D=d693ef29 E=99b27e74 F=9eef60e2 H=deef6cef
[PASS] TC=175 A=ea7cdc07 B=1ce3579e C=f2abc6c7 D=b94db95e E=83eaebd7 F=c7453142 H=ff5f775b
[PASS] TC=176 A=154c5866 B=3b10cc11 C=3e6c44ca D=36241432 E=6c6fe200 F=5cb9f770 H=5cfdff73
[PASS] TC=177 A=d7c0334c B=e69a7172 C=b1c18589 D=d2549c3d E=6190ef37 F=f3db543c H=f3ffd77f
[PASS] TC=178 A=b5fead28 B=0d9a39e9 C=98ffd4df D=6b2bae4b E=2d45a63b F=7a5c6bb2 H=7a7d6fb2
[PASS] TC=179 A=eb05b080 B=7fe45775 C=9281dc9d D=4ee56a41 E=0fea357f F=dbb3c1ab H=fbb7d9ff
[PASS] TC=180 A=bb08ae07 B=5de81c99 C=9d3e51c4 D=70d5533d E=feec7e6f F=8d2697ec H=cd2fd7ee
[PASS] TC=181 A=534ef851 B=46378094 C=9e8dc094 D=ec468992 E=71146c2a F=e1070395 H=e33f47d5
[PASS] TC=182 A=48c82fed B=6dd658b2 C=656c4989 D=1a5d2075 E=f7907845 F=3d0e94cf H=3fcffedf
[PASS] TC=183 A=ca09ade3 B=e80cc8f6 C=2c527532 D=60e27fa0 E=6d83a719 F=00340c10 H=5136ec92
[PASS] TC=184 A=67adec7a B=95a3d8c2 C=58a576aa D=dc57a16d E=a6974a2e F=fa1f0c04 H=fb1f5c5d
[PASS] TC=185 A=93b7147c B=2c798b48 C=8cc16987 D=201756cb E=176a0823 F=1fc143bc H=5ffb57fd
[PASS] TC=186 A=7d5580a3 B=c35cead8 C=27bcc391 D=f6e98f6a E=b00b8c8c F=682c08b0 H=ee7f1bfa
[PASS] TC=187 A=03364483 B=aa1da9ce C=8eb1a43c D=b5d22269 E=b8b8e24b F=adb1457a H=fdbfcffb
[PASS] TC=188 A=4bd2cdc8 B=9c45633c C=d5ebbc06 D=a6f85340 E=3ca96a54 F=3e186465 H=fe5a77f7
[PASS] TC=189 A=2de53501 B=f3cfddf1 C=c18d5bfb D=e6a1c4c4 E=a07f90bf F=6e922f30 H=6ff63f7a
[PASS] TC=190 A=34fb2464 B=5199edb4 C=06afff4a D=332e5281 E=cd12cf73 F=b5bda2fd H=f5fdf6fd
[PASS] TC=191 A=8b795cb5 B=f63dc822 C=c7093456 D=2c87f4ef E=69572057 F=d2e02ae5 H=faf0afef
[PASS] TC=192 A=7c52b981 B=efa91cd1 C=4a405e3b D=4c027f3c E=829f9d9b F=6cf0894e H=7ffeaf5e
[PASS] TC=193 A=9ce6a01e B=dbcf69f8 C=6f91918c D=0cf6fb0a E=ee410333 F=c32cb54a H=f77cfd7f
[PASS] TC=194 A=3789efb3 B=aa39a0e1 C=100a7d19 D=cbc68c5d E=369bbb6f F=a92e80db H=ab6ec6db
[PASS] TC=195 A=19aaf530 B=00179c49 C=92cc6d07 D=25972fb2 E=0d250166 F=99aa7cb6 H=fbfefffe
[PASS] TC=196 A=92f2a6a0 B=77c08133 C=a9d43aec D=367de15d E=2aa0e0b7 F=823e3aaa H=da7fbbab
[PASS] TC=197 A=5dd04e04 B=c707946b C=09737036 D=1547231d E=6566155e F=bf66f832 H=ffe6fc7a
[PASS] TC=198 A=8266e4fd B=27e48f8b C=e663c18f D=0c427955 E=682f8402 F=fa881203 H=febddb43
[PASS] TC=199 A=beef3106 B=f361e98f C=11bd759f D=24396f8d E=c3a4eb41 F=03f9cd17 H=1ffbdd7f
[PASS] TC=200 A=5b771940 B=f035c0dd C=2e9eaf9b D=b910b104 E=9499e0f4 F=40907afc H=6ed17ffc
[PASS] TC=201 A=a2834cd2 B=f4520ab3 C=d0d4eeda D=1cb68fc3 E=1fe01017 F=7952319d H=7b7eb99d
[PASS] TC=202 A=85b79d8c B=a12b495b C=88cda524 D=1672e444 E=be6406a7 F=a521ed02 H=ff7fedaa
[PASS] TC=203 A=b6435e31 B=9e074adc C=3f26de97 D=c5d8e1a9 E=2b69ba2a F=ec5cfc3d H=ef7fffff
[PASS] TC=204 A=a9050913 B=8c01c8e5 C=192a0553 D=fa839ee1 E=a2df9bae F=e83c2bac H=f9ffaffc
[PASS] TC=205 A=40d2feaf B=0ff0ff36 C=0556b512 D=ec38bb99 E=13438a3f F=06755269 H=a6ff7f6f
[PASS] TC=206 A=68d6cc4e B=3413943f C=8678206f D=907d2f7d E=29821c7e F=f86342ad H=f9ffd3af
[PASS] TC=207 A=21d1f2e6 B=e18ec4b1 C=8e94c9cb D=f05dcf66 E=c87a004e F=ce9ccdd0 H=dfbecdf6
[PASS] TC=208 A=b560bad4 B=896ac8a3 C=45148fdf D=1b0dadea E=5c2d4f20 F=422ae2a6 H=7eeaefbe
[PASS] TC=209 A=6f8fd2a7 B=12239912 C=ef250a86 D=dbbf10f6 E=fd6cbd4d F=d5a78c00 H=fdffad7c
[PASS] TC=210 A=8718c605 B=5b664f92 C=c6532a02 D=1d637bb3 E=e4d7a6cd F=445629eb H=d4dfbdff
[PASS] TC=211 A=36ac5f63 B=d7d592da C=ae8319ff D=75801e13 E=eca687a3 F=b725dbcb H=ffffdbcf
[PASS] TC=212 A=922a92e4 B=ecc28f96 C=5031c269 D=1b97d74a E=886e76fd F=26dc4ec1 H=6edefeed
[PASS] TC=213 A=a100443f B=ca7485d7 C=eb0c0ecb D=afc221b9 E=6e2e8797 F=b4931cb2 H=bf977df3
[PASS] TC=214 A=a1972a13 B=3ac58e3d C=b1b6f1ea D=6a0943e0 E=84ce56cb F=d377d4ff H=df7fd7ff
[PASS] TC=215 A=1934ef0e B=ac49a1a3 C=660bd326 D=f064070b E=1765bad9 F=8ce20272 H=cceaaa73
[PASS] TC=216 A=c9a43ca4 B=242b37d2 C=c43cd8be D=548465d3 E=02d18f49 F=f410b487 H=f7b6bd9f
[PASS] TC=217 A=81335e19 B=f8680601 C=b4e4cbdf D=db01ce19 E=baed874a F=6fbc20f8 H=7fbc7afe
[PASS] TC=218 A=5a706020 B=280471d6 C=1af9b4e6 D=7448e49d E=f18b9873 F=1c70b5c7 H=fffafdcf
[PASS] TC=219 A=713170f4 B=1b9a7402 C=003e0faa D=28898171 E=6dc420f1 F=877322a8 H=b7ff76e8
[PASS] TC=220 A=ecd06274 B=f0c1a7bd C=e9be607d D=c8b6442f E=c09ef0ba F=b605db97 H=ff47ffd7
[PASS] TC=221 A=a5a02a4d B=c035972b C=c2c0dca5 D=4cf233f1 E=4d99688c F=a7f34dd7 H=b7fb4df7
[PASS] TC=222 A=7837d07c B=cf49e5fb C=f16e56bc D=08a3de3e E=b930f965 F=85fca2ee H=f7fefbee
[PASS] TC=223 A=59e24eb2 B=e71d1a80 C=3f6c9d22 D=f618e50c E=c76fb64d F=7c388a2f H=ff3daf2f
[PASS] TC=224 A=92f2c92a B=be20e08b C=31b76613 D=2e63a9ee E=3690fdac F=8fe927fe H=ffffaffe
[PASS] TC=225 A=5468988c B=063c0d98 C=91f18c38 D=b086ebd4 E=daea97a4 F=06541a56 H=87765bf6
[PASS] TC=226 A=34c6fc6c B=ff63fc36 C=b2b97b9b D=866545ab E=44c54486 F=2637767c H=3fbfff7c
[PASS] TC=227 A=aa99549a B=206ae129 C=5246b053 D=0927a6ae E=48e00f64 F=b446dad1 H=ffcffbd5
[PASS] TC=228 A=9b9c64cc B=c6a57687 C=fc70ccfa D=90dd3137 E=c9669040 F=2d6d7c20 H=2d6d7d3a
[PASS] TC=229 A=0bdbb3d2 B=c1cb50a1 C=f858e802 D=c71da2f2 E=3c9ce788 F=841b8ee2 H=c65feeff
[PASS] TC=230 A=97db8d43 B=3590e0bb C=9ca7e9d6 D=bb8d3843 E=4ea38232 F=aeca4b13 H=aeffef77
[PASS] TC=231 A=4f2c3fa8 B=7c4a1893 C=cfe8a9b7 D=94b3dbc4 E=5d8a567e F=2c6555e2 H=be67d7fa
[PASS] TC=232 A=3e81f382 B=f8d47b1d C=db0a7cf0 D=0a0072e6 E=0a333f90 F=53a1a6da H=5fadffdb
[PASS] TC=233 A=29670f2e B=df1d780a C=91618de8 D=c31de08d E=cd903f68 F=f9209d78 H=fd6bbf7d
[PASS] TC=234 A=e91f8dd3 B=793c46a9 C=e452a5a1 D=9c8c22d3 E=99249560 F=9df0742e H=ddfdf76e
[PASS] TC=235 A=1250a7f0 B=e7141c83 C=e7813ab6 D=c35d10e8 E=49e4a27b F=88f2db45 H=d9f6df47
[PASS] TC=236 A=30634c0f B=bbd3fdf3 C=8b77b4f3 D=9b6b7497 E=42c714a8 F=bb402719 H=bbfe77bb
[PASS] TC=237 A=ba4957cc B=49ec536d C=ed2de7dc D=c79cff7d E=8fcdaeb0 F=1c01774e H=bf31fffe
[PASS] TC=238 A=e966df5e B=8836334b C=81d91128 D=0e90b23c E=5d37ca63 F=b02fe8af H=b0afefaf
[PASS] TC=239 A=7f574b9b B=5d46c21e C=60431886 D=e9371a8c E=70533323 F=6dfa5d80 H=6dfb5d90
[PASS] TC=240 A=1aff3596 B=5cfdaacc C=e44678fe D=221acdad E=585daa50 F=00f8da36 H=25fbfa7f
[PASS] TC=241 A=bb780f88 B=8c7318b0 C=d9ec3ca2 D=015f5943 E=883d5ea5 F=1b61e880 H=9b6bfef4
[PASS] TC=242 A=772b0498 B=030de77e C=37bb7107 D=44fe52ba E=a69da1fc F=fd878ae3 H=ffefefeb
[PASS] TC=243 A=1afa1fa1 B=58907357 C=c9f25988 D=4d8e856a E=6911da01 F=9e1a42fd H=9ffacffd
[PASS] TC=244 A=16a39f79 B=9c409ee1 C=fe1eb7a1 D=8761754a E=bc398a6e F=5cc8f3f4 H=7ee9f7f7
[PASS] TC=245 A=fb75a1c7 B=46aea212 C=43c34435 D=2cf65ebd E=63d78586 F=d2152dc9 H=d73f7ded
[PASS] TC=246 A=df0f1fa3 B=b3334820 C=f9a4514e D=8b1d1047 E=f0c7275d F=af28eee6 H=bf3cefff
[PASS] TC=247 A=defe368a B=64309b37 C=c0f8c0f8 D=8f2bbc6e E=62bfd5d9 F=5e80a682 H=7eccfefe
[PASS] TC=248 A=1a0f8b76 B=05407de6 C=10fdd755 D=abaff00c E=f6f85ee2 F=382cf09c H=bcedf1df
[PASS] TC=249 A=b030c349 B=00e3a0f8 C=eaa6b00c D=8fdec9a4 E=e696f40e F=64dba78e H=6ddfefdf
[PASS] TC=250 A=b506f406 B=63fc17c6 C=c9dfc27d D=be48e3ee E=4df3c388 F=61d45ef0 H=6ff67eff
[PASS] TC=251 A=9add0d83 B=4efc91d5 C=6c668728 D=82711c96 E=4a718355 F=bd8e3517 H=bdbfb7d7
[PASS] TC=252 A=33614d6c B=febb19f7 C=417a6396 D=c185f681 E=579c2582 F=0e47217c H=5e7737fe
[PASS] TC=253 A=e7ffcc8f B=056a35f2 C=9018673f D=94e32af5 E=74c2e3df F=bccbe128 H=fcdfff7e
[PASS] TC=254 A=6b083f3c B=fdbfb579 C=c291bb4d D=ea91f5f2 E=08bae94c F=0fe94a34 H=bfed5eb4
[PASS] TC=255 A=4ce3d16f B=40b5a47f C=f6f14efc D=c5fbdef0 E=1b8ccb66 F=14e2aba4 H=35e6efb4
[PASS] TC=256 A=32a5a9c5 B=d699a767 C=8da59364 D=8890f8ad E=d2a1864f F=ae269532 H=eff695fe
[PASS] TC=257 A=419c98b7 B=8b254a56 C=82049b0e D=948bcee7 E=6c7dd540 F=7366636e H=7feffbfe
[PASS] TC=258 A=243d3962 B=425e3fc9 C=04c85741 D=eb6d376d E=0106c206 F=ded48eab H=ffdcaefb
[PASS] TC=259 A=556b6764 B=8758280c C=edb3357f D=bd3e2f50 E=ce364863 F=79a6503a H=f9b6f37e
[PASS] TC=260 A=e3720e31 B=1f214fef C=e3729288 D=b35e07af E=cbeaf5bc F=4778d0b2 H=cf79d1fb
[PASS] TC=261 A=4cfd32e5 B=081f4e04 C=f4ebe6f3 D=dcaf4a56 E=4e586408 F=72623c0b H=7a6efd8b
[PASS] TC=262 A=99872fa1 B=6b5b67bd C=7804e502 D=b7f85b76 E=f333d719 F=ab66d6a5 H=ffefdffd
[PASS] TC=263 A=69a15ec4 B=de54358b C=548025cc D=063da17e E=58b10e5c F=ef824d9d H=ef974d9d
[PASS] TC=264 A=f550cc31 B=97f343a8 C=30390a56 D=7fb3c9c0 E=39f7eb0f F=317eb1fb H=b9fef9fb
[PASS] TC=265 A=d011e976 B=0d72c344 C=c08fb8d8 D=99ea2a31 E=179c783e F=5fbc6c1c H=fffdff7d
[PASS] TC=266 A=9e0b65fa B=0d9af6bc C=7456fd1c D=445969a6 E=c94edc4d F=ad4ef987 H=bf5ffda7
[PASS] TC=267 A=e6a32d02 B=c348209a C=1811f4c6 D=d295e822 E=de3ce007 F=ab669ecb H=bf6fdefb
[PASS] TC=268 A=98df4550 B=c8fcb07b C=bd8f28b9 D=1c985b9a E=8eb32a32 F=52560309 H=77561bed
[PASS] TC=269 A=274f96b0 B=6cb0f09d C=72fd19fe D=ea2459a0 E=4700ad6c F=7a3a5f11 H=fffb5f7f
[PASS] TC=270 A=a2324ccf B=4733806e C=2cd7f29a D=1f3ac5b6 E=37eae836 F=7632f579 H=f73ef77b
[PASS] TC=271 A=10ef92ca B=51139fa2 C=bcfca36a D=a2ace44b E=3a1a0f5c F=d4e8ad17 H=d6f9af57
[PASS] TC=272 A=295abf0d B=06b7705b C=6c7980f1 D=cf6c0eac E=cdc016a0 F=8f1afa97 H=8f3ffad7
[PASS] TC=273 A=093aae54 B=c04e4124 C=968b3680 D=369ea77a E=c94a87b1 F=471d8646 H=cf3ffed7
[PASS] TC=274 A=2b1be9c9 B=6a926535 C=f9253f7a D=124c227f E=fe871903 F=92da6b01 H=9edafb05
[PASS] TC=275 A=99f46247 B=79ad67b5 C=78e708c7 D=624c8221 E=b71c229a F=c3454da7 H=f7ed6fef
[PASS] TC=276 A=591af9e3 B=f5212264 C=81953c3e D=a8abacb0 E=2607133d F=11e61f2c H=51f7fffc
[PASS] TC=277 A=52b72432 B=41ac513f C=3d36d486 D=bc40d72a E=36cd35ed F=3edfafb4 H=3fdfeff4
[PASS] TC=278 A=3eb4a12c B=31d5f5d0 C=c3c6f51b D=43771ce1 E=eefe3899 F=3f457093 H=bf6d78df
[PASS] TC=279 A=74d7e7f0 B=1d449adf C=fb2d2f2a D=ba0b4de5 E=535cfbb7 F=9f249092 H=ffe690f7
[PASS] TC=280 A=d03e5b64 B=67bd070b C=9151a69c D=b6c0d005 E=47c8e895 F=c5d60b8f H=f7d6fbff
[PASS] TC=281 A=ddb0094d B=2870ccaf C=41e667b5 D=3d42b6be E=4fa65a86 F=519d4ad3 H=759f7adb
[PASS] TC=282 A=89b00ba8 B=98b8dd0d C=076037dc D=6d9fd79e E=9340d55c F=dea92491 H=ffbf25b3
[PASS] TC=283 A=7bf99569 B=f497c3c1 C=7dffba6d D=cf505baf E=c3baf7c0 F=285e05a1 H=7e5e55f9
[PASS] TC=284 A=5f7665a1 B=bc5faf1c C=c0270dfc D=f9ef49d8 E=19a492a8 F=26e52104 H=2eedf9bd
[PASS] TC=285 A=ca849484 B=f8a25dc5 C=69e1d74c D=8256e5da E=6cb576ed F=a99beab4 H=ebbbfff6
[PASS] TC=286 A=315a78ec B=4664f515 C=70ac6ec2 D=fab6d022 E=d463b715 F=7f3e948b H=7f7fd5cf
[PASS] TC=287 A=c511792e B=de63deb5 C=0bd60548 D=ffbad65a E=99ccf85c F=341f03ad H=b73f93bd
[PASS] TC=288 A=cfa8b676 B=e9873c5e C=2d639323 D=27125ebe E=0c0f6d76 F=53d37cbb H=f7f37dfb
[PASS] TC=289 A=dc394e89 B=4cdeb09c C=059ecc1c D=4527caaf E=454a238a F=a9645120 H=af66df64
[PASS] TC=290 A=28d2a91e B=277bc29f C=a17b5b9a D=c64c7123 E=1210afd4 F=ad813f74 H=adf53ff4
[PASS] TC=291 A=42f7d494 B=9e324f06 C=420af205 D=cbc11e43 E=408e189f F=cee0462c H=eee5f73d
[PASS] TC=292 A=e4bc1407 B=10db2a06 C=3792ba3f D=7b276064 E=635ea2a2 F=230304d9 H=f3aff5df
[PASS] TC=293 A=fe3ce950 B=75fc104d C=9924237e D=4fc1dc1b E=f812edf3 F=2b213a1c H=6ba9fb1d
[PASS] TC=294 A=dff8f6e2 B=58602086 C=0f822740 D=66b2f43e E=3b47778d F=1e4472d9 H=fe6673d9
[PASS] TC=295 A=31cc996b B=d33e952a C=3c0df641 D=9a033a4a E=df911000 F=4a9778b5 H=fb9f7ebd
[PASS] TC=296 A=337e9a58 B=54d02b90 C=884b7ff1 D=65ac6843 E=76d4be0c F=88c98656 H=fee9efde
[PASS] TC=297 A=e54cef7b B=7a942094 C=670898d8 D=936d98d4 E=324466ab F=2dff6e51 H=2fffefd9
[PASS] TC=298 A=5cedc802 B=a89b3c7e C=d802f332 D=b5340b80 E=8d8a0a04 F=371015d5 H=ff35f7ff
[PASS] TC=299 A=89f69cbd B=7e1800ca C=5ac906e1 D=87204016 E=f65c01b4 F=60aa5d64 H=efbbffee
[PASS] TC=300 A=9a8cf417 B=f639ccd0 C=5ac32438 D=3b22b7b0 E=ec3ae3bd F=f42ec43d H=f47eeeff
[PASS] TC=301 A=d6f0a962 B=cfbd647a C=b36706ce D=7a503d5d E=a38bf868 F=3e27fe54 H=7ebfffdf
[PASS] TC=302 A=ff4ac547 B=3e6af5a6 C=c6fb9f14 D=530b6187 E=932c4944 F=2e58edef H=eeddffef
[PASS] TC=303 A=6d7c697a B=a59f59b6 C=4d3799cd D=1df32427 E=4330edb1 F=88a2f697 H=baefffbf
[PASS] TC=304 A=f47f02f2 B=33f4980a C=fb5a721b D=965efaa4 E=3762d4c9 F=f04bfe5d H=fe6ffeff
[PASS] TC=305 A=73dd4356 B=5fe40709 C=8c9a8e3c D=f4f8fa16 E=f7b69a97 F=53cc44ee H=dfecc7fe
[PASS] TC=306 A=346571c0 B=69157795 C=5f71f1b7 D=6e2c53f0 E=f4a9a220 F=ebfaf004 H=fffef6dc
[PASS] TC=307 A=143b8258 B=eaa84b9d C=5721daf3 D=49facaff E=1e49a9de F=d208aae3 H=d3bdbafb
[PASS] TC=308 A=381bc701 B=a4f92fd1 C=6198f8c6 D=74bf95fd E=6a86ddd5 F=0d92c9f7 H=df9bddf7
[PASS] TC=309 A=cf8c7bbe B=1de7c436 C=1dde09e1 D=b43a3219 E=8c399ee2 F=7db6e35b H=7fbefffb
[PASS] TC=310 A=79d6c7b0 B=ae5a981f C=718f8062 D=4303a9aa E=4763e7fc F=d97ba8fc H=db7fe9ff
[PASS] TC=311 A=e0c24e3b B=3ef94b48 C=2c104c8c D=153ffb9c E=c84a3326 F=bfd2e629 H=bffbee6d
[PASS] TC=312 A=3d07740c B=1842c941 C=12ef95f9 D=ac9c8cc5 E=5da95af6 F=24e4cf38 H=66fccfbd
[PASS] TC=313 A=db5867e7 B=78e222bc C=4fe4525e D=cbb830a6 E=a0990ab1 F=7befcca9 H=ffefeeff
[PASS] TC=314 A=573d912e B=c8451f88 C=c4558818 D=05b1015c E=fc241df3 F=ca9d0f13 H=eadd1f9f
[PASS] TC=315 A=b3ec7739 B=9bd81196 C=d22fc0bd D=e0cead88 E=28a459b1 F=d0447888 H=d8d6fadb
[PASS] TC=316 A=ac0f9bfc B=a92f4ca8 C=a6ad251e D=1951fdeb E=b64ce196 F=1d737aa1 H=3d737eb3
[PASS] TC=317 A=69ae2324 B=7bfe65d3 C=4117469b D=74e6f504 E=bdd510bf F=069a9004 H=96dab9d7
[PASS] TC=318 A=d17ce768 B=3d8cfa20 C=41190dd0 D=72a9ed28 E=a9cc1bd8 F=39d0507a H=79fef6fa
[PASS] TC=319 A=40f65321 B=4e65f742 C=34b86bd8 D=71e49e66 E=8efcede2 F=0439d013 H=26fbfa7b
[PASS] TC=320 A=347d7920 B=c517f252 C=89dfcbb1 D=82575b5b E=b31abfe3 F=557bf433 H=5f7ffcb7
[PASS] TC=321 A=cdb4c824 B=e15c7780 C=e3fc1b2c D=c7fa24f2 E=6e4e165f F=1c35a306 H=febde7c7
[PASS] TC=322 A=82378e19 B=416c1133 C=7bfb45a6 D=e147b078 E=bec6a65e F=a2cb48a5 H=a2dbeead
[PASS] TC=323 A=72102522 B=a400252a C=e505f97b D=195db2b9 E=c1a0fab9 F=2a3aa59c H=2abaf7dd
[PASS] TC=324 A=15e6f234 B=ca8f8434 C=0894e6c4 D=273a8acb E=74dd68a6 F=9bfff0d8 H=dbffffd9
[PASS] TC=325 A=ae4c7d46 B=a1506d12 C=23a4441b D=b5b795b4 E=693d59b7 F=bade4e43 H=ffff6e53
[PASS] TC=326 A=5333d43c B=00fc14d3 C=cef52b36 D=ba6fe4db E=1d6b84fe F=690f25ff H=7bdf6fff
[PASS] TC=327 A=6bc29049 B=b0cae09f C=f8f04cc9 D=d177a73c E=ca0f72c8 F=144fedb4 H=fdffeff5
[PASS] TC=328 A=b6e3ca06 B=83682021 C=23be3e47 D=6e6476f1 E=12836f60 F=8bc4e178 H=9feeef7f
[PASS] TC=329 A=9a974633 B=c654b802 C=cb322f63 D=de0136f4 E=bfad8ecb F=1794b89d H=37f5bcbd
[PASS] TC=330 A=db95e90b B=5fd9a5a4 C=5bd37428 D=935812b7 E=3e2f16c1 F=32d861ed H=f7fbf9ff
[PASS] TC=331 A=5508a13c B=d8de678b C=109c64a2 D=4903ab33 E=aad50f57 F=63357607 H=efbff707
[PASS] TC=332 A=3ebb4136 B=acfcfe68 C=d002c490 D=b705ab97 E=ad9b16de F=513b096f H=5f3b99ff
[PASS] TC=333 A=8b07e494 B=1c26c936 C=fb554efe D=2b23505d E=f03a0401 F=b7e800d6 H=bfeea8d6
[PASS] TC=334 A=68a300eb B=ac0a1378 C=10430f3f D=89804efe E=5076367c F=4d662078 H=5dfe36f8
[PASS] TC=335 A=fb0c046b B=cc0fa8a7 C=1b491d4a D=b216a650 E=01dece3c F=6f86fd33 H=6f97fdf3
[PASS] TC=336 A=1d3a9aa9 B=4d900d74 C=9eaa0578 D=0e4b074d E=0664ba55 F=1ac616a7 H=1adef6a7
[PASS] TC=337 A=c994a446 B=65a51a0a C=dac2b30b D=3a82d5ce E=b7760691 F=7e75d2bf H=7e7ddebf
[PASS] TC=338 A=23dc308c B=791025ba C=fec8e896 D=22ee1c03 E=8340707e F=297721ea H=3f7fb3eb
[PASS] TC=339 A=75f737c2 B=29387c5b C=f21743fe D=9302bbac E=e844f8a7 F=d5b6c306 H=ddffcb16
[PASS] TC=340 A=abb21039 B=98d46328 C=16ca1749 D=35e73aa6 E=47d5aef7 F=6061469e H=66e3479f
[PASS] TC=341 A=978e834f B=62a11ace C=f3cd8c18 D=3cb869c4 E=c3db65f0 F=e61fb5f2 H=ef7ffff3
[PASS] TC=342 A=a9ee7921 B=719e9232 C=71c84755 D=55381d7a E=578eee0c F=80a26e58 H=80fe6fde
[PASS] TC=343 A=0556b68a B=a8ff4d2b C=65810960 D=93c9fd0f E=8caff66a F=17dd807c H=f7fff9fc
[PASS] TC=344 A=82835496 B=ea41465e C=ba86d060 D=fc506475 E=49826def F=f6a7bb4a H=f7bfbb7a
[PASS] TC=345 A=b5444be0 B=d8c50cd2 C=39ec5967 D=7b2a3f42 E=0ff12429 F=8c6e7573 H=acee7d73
[PASS] TC=346 A=2d892037 B=7282ba38 C=16a28a60 D=3ab59925 E=def624f6 F=df83997c H=ffa7d9fc
[PASS] TC=347 A=f556dbd3 B=fdf13ed8 C=49c2f499 D=fa23ff06 E=4079d2e8 F=0bd87a65 H=8fff7f7f
[PASS] TC=348 A=2c4f8703 B=b9a83c41 C=ab2c4616 D=b1b4d8b6 E=664d2436 F=92ee7cef H=baeffdff
[PASS] TC=349 A=ae96cda3 B=16148d8c C=f299f597 D=2709e7f0 E=d16b24fa F=26c81b2d H=bee99b3d
[PASS] TC=350 A=199320eb B=1a345a0c C=f3d3260c D=d4722023 E=ad0f8e1a F=5c64583c H=5efcfb3e
[PASS] TC=351 A=d4300e18 B=30f23a7d C=324ec3e0 D=b76de0e5 E=9184cd81 F=6e71841d H=eef99f1f
[PASS] TC=352 A=c319957a B=6c0d9484 C=ba7592d6 D=afb1d408 E=b3c1c9e5 F=2e15a795 H=be7fbff7
[PASS] TC=353 A=eff20287 B=c7b89d01 C=90a1241c D=f53d64d1 E=3234262f F=9f4e6482 H=9f4ee5c6
[PASS] TC=354 A=ea1056bb B=45677b94 C=243db3d9 D=ffb1e756 E=49536bbf F=7bda03c8 H=7bfaf7ff
[PASS] TC=355 A=fe952b8b B=d7d1b256 C=f57105e6 D=59ebe563 E=086d21a3 F=8264990e H=8beefd0f
[PASS] TC=356 A=45bf77a2 B=fddf77f3 C=9dd19d2d D=dc7687e1 E=f3e921dd F=03751826 H=4b7df966
[PASS] TC=357 A=d5b60327 B=ff7c1f0a C=6ee67b56 D=22d26d7b E=a6e1faa3 F=1fd19c52 H=bff9fe5b
[PASS] TC=358 A=008979bd B=81b508f6 C=9b60041a D=a204e120 E=7bbc9fe3 F=5913198d H=5bdfd98f
[PASS] TC=359 A=3d113589 B=a16f30fa C=5767a4e4 D=49202d1d E=a80b489c F=4c2716f1 H=dcbfdfff
[PASS] TC=360 A=c3f26efa B=846c6ad3 C=699da43e D=07266a27 E=1dfb88db F=731db95b H=fbdfbb5b
[PASS] TC=361 A=8cf51522 B=9a7b08b1 C=b505f38f D=223ff216 E=2918c3ae F=2310807f H=f7319fff
[PASS] TC=362 A=68926c30 B=ad9d109e C=b4ccf9c4 D=278f78be E=68beabfc F=e392d25c H=e7b6f27c
[PASS] TC=363 A=503aeab8 B=3c836e35 C=7393afa0 D=27900089 E=c4c2c20c F=093a79c8 H=6bff7df8
[PASS] TC=364 A=b59b2b79 B=6bdedeb3 C=ef278eef D=5f3357ba E=fb1f0cd0 F=6858afec H=7c7beffd
[PASS] TC=365 A=06948fe7 B=28aa6f53 C=3be30c3c D=41af8c1d E=f6f47e32 F=fa526a88 H=fbdb6bb9
[PASS] TC=366 A=2dd221e3 B=6b11f295 C=e3ef744b D=6c5d998a E=9fc5d83b F=783d8eec H=78fdbfee
[PASS] TC=367 A=672ad770 B=e6a6624a C=e4404efe D=1236ead5 E=dee63ae0 F=5a281ac9 H=5b693fcd
[PASS] TC=368 A=471d9bd7 B=a6e73e11 C=1a09a139 D=a89947db E=c31c13aa F=3a70a70b H=ff7baf5b
[PASS] TC=369 A=87f6a6cd B=409527bb C=7f09b8d3 D=b6a7e633 E=90439d4e F=487d7484 H=68fff49e
[PASS] TC=370 A=ec4c5ab3 B=5f59cb32 C=9594b981 D=e5fcdcb1 E=55588ce3 F=1ac26f61 H=bfef7ff5
[PASS] TC=371 A=2e1cc35c B=b73cf139 C=d706f1ad D=98445efc E=987ad8da F=86b71783 H=8fbf1fe7
[PASS] TC=372 A=91ad3d5f B=fdb721f0 C=daad4634 D=9674c6f9 E=a0e8f5cd F=922c367c H=db7c7ffd
[PASS] TC=373 A=af4e7828 B=132d04a6 C=050b2def D=74073327 E=f14b2b44 F=2460c852 H=e676ee56
[PASS] TC=374 A=1cf1bca5 B=274eb56b C=957fae06 D=ccef272c E=eb65caa6 F=491cc612 H=69ddfe96
[PASS] TC=375 A=10dadf91 B=8d0bb1c2 C=d55e1f37 D=e83e84ad E=975ffb6b F=89539c6a H=8d5bbcfe
[PASS] TC=376 A=295bfd5b B=cf921aa6 C=289ff3f2 D=e2f84590 E=b0970a47 F=fafb4616 H=faff461e
[PASS] TC=377 A=b84dc7ea B=6d42a3b2 C=9290b65f D=69c4a36b E=95f0f6cf F=552d6b4e H=7ffdebcf
[PASS] TC=378 A=16073d6c B=effbad66 C=38d7794f D=49d16232 E=76aa1963 F=7cd99f49 H=7cf9fff9
[PASS] TC=379 A=0d555fd1 B=e4d9bded C=6a18dfd4 D=04032265 E=a7bf7146 F=c6173a4f H=f6977eff
[PASS] TC=380 A=27a52fdb B=ddbabd95 C=26ab32e8 D=28e33cb2 E=705418df F=ea18a92b H=fe9cad2b
[PASS] TC=381 A=922e33e9 B=0b5e08d8 C=4d4c8837 D=a8215aa2 E=e8088cfa F=188f5221 H=5aff5361
[PASS] TC=382 A=6cce1c92 B=7486148d C=8dd83a9e D=4eddb57d E=6a792c97 F=73129124 H=f77ab32d
[PASS] TC=383 A=5f7f9bf6 B=cdd6cfd3 C=b4d5b7ef D=78ff4703 E=ebd8845d F=4fdb3925 H=effbf97f
[PASS] TC=384 A=0c94f7fc B=93c7f49c C=84f6ac56 D=46bdf1c4 E=c8e8bb44 F=065256c1 H=9f57ffe7
[PASS] TC=385 A=f5e2552f B=0c3e605b C=81c67f51 D=f180e146 E=1b47bf56 F=b119d01c H=f739d65f
[PASS] TC=386 A=77452a18 B=171f631e C=ae7566fa D=9c43bb09 E=5ef6300a F=afa6e3ec H=efa6ffef
[PASS] TC=387 A=dc60f663 B=d5b0a548 C=b1a7dc02 D=fc09a789 E=31310848 F=07e5b2f8 H=6ffff7fc
[PASS] TC=388 A=8799f965 B=943ea2e0 C=b8bb4557 D=72fc3001 E=6f708a1b F=931f1de5 H=b7ff5fe7
[PASS] TC=389 A=f1152f62 B=d8ef500b C=5f6c8895 D=33f73bcc E=7ef809a7 F=e11430a0 H=fb9e3aa7
[PASS] TC=390 A=e5aadd1e B=d82916db C=e566e00e D=c9d36cff E=d9735e11 F=0fdf922f H=9fffdaef
[PASS] TC=391 A=a36982db B=c23012d9 C=0cf6554f D=30befe0b E=84b109ad F=4e16e41d H=ff96ef5f
[PASS] TC=392 A=9242820d B=1fe9113b C=8bb400fd D=41db715e E=de1b1a04 F=883ac381 H=9dfbcb97
[PASS] TC=393 A=fa13520d B=3080d386 C=b01f405f D=65b55388 E=c33a27e5 F=6661d030 H=ffeddeb5
[PASS] TC=394 A=7d34971f B=ce3b01e5 C=a0cd1c51 D=e602330f E=9e5e05eb F=444a2a13 H=6feaaa7f
[PASS] TC=395 A=06e98625 B=9b71e504 C=a02a23ab D=a8869a3d E=75b9d906 F=6dc325d8 H=7dcb3ffb
[PASS] TC=396 A=1966d379 B=7960dca0 C=fb5edfc1 D=acd17893 E=76e07b0c F=7a7817ad H=fe7f7fbd
[PASS] TC=397 A=975e607b B=4abd35bc C=66668f07 D=5fcf6d4f E=152dfb41 F=5254b557 H=525ffd77
[PASS] TC=398 A=1eecfada B=4f9494a5 C=d3e0bd57 D=ba7ded46 E=90d033dd F=c9e78c2f H=efefedbf
[PASS] TC=399 A=139e76b8 B=04c28a7f C=f1c47f3a D=a22c8922 E=dfb5ece9 F=bedf461c H=fedf5e7e
[PASS] TC=400 A=7bf11eae B=b36b911e C=19ef05bf D=467538dc E=00999609 F=cd81d47a H=cfa5f77e
[PASS] TC=401 A=536087ff B=c1c0e431 C=bbdc8ba7 D=7060cf7b E=025f7522 F=59faf424 H=dffff7ae
[PASS] TC=402 A=f45cfc26 B=7d46d412 C=e9103c25 D=1a2e6501 E=5ad4cd99 F=f61f74c3 H=f7dfffc3
[PASS] TC=403 A=d3593c94 B=ad9fd3f2 C=d29d7b21 D=a86c25fd E=03206a2d F=0a2ebefc H=fafefefd
[PASS] TC=404 A=f5d47a8e B=8e77f834 C=efb0e871 D=ec58e40d E=e498699e F=b81fcda8 H=bb1fdda8
[PASS] TC=405 A=a5c4d24d B=32a90098 C=9fe628c8 D=755b733f E=655c22fb F=473237f9 H=e7be77ff
[PASS] TC=406 A=9e1cef9e B=5df6a13c C=59cb6825 D=60384fa0 E=e2b3eeb0 F=47d4d264 H=57f6daef
[PASS] TC=407 A=d721342c B=b671bbb9 C=9dca6e90 D=8961438e E=40ddbc0a F=4426e0c3 H=657ee1f3
[PASS] TC=408 A=e4d2b982 B=54034a2e C=dc7d9b35 D=82277a99 E=8ad3e01e F=1bd5e49f H=1ff5e4df
[PASS] TC=409 A=48437c0d B=343f2af6 C=6abd7c13 D=fd5a41df E=b03fb3cb F=fd984e09 H=fddaeeff
[PASS] TC=410 A=225b86fa B=91986338 C=4304d5be D=43fc27d7 E=8f4097ff F=72056bbd H=77c56bbd
[PASS] TC=411 A=3334f42d B=e656be07 C=d44b022b D=a2a61c8e E=7e39d6e5 F=4784e8f6 H=d7b6f9fe
[PASS] TC=412 A=52f844df B=2ad50337 C=f8aa286e D=51411b06 E=af68e2d9 F=7e3ef26c H=7ffffaed
[PASS] TC=413 A=b897c23a B=1a4347d8 C=5a398c49 D=b3958d6d E=807699ec F=4b7554c1 H=5f7fd5cb
[PASS] TC=414 A=9c17ee1b B=714f1a50 C=c501b8d3 D=034717f9 E=fdb22e1c F=1b31f65d H=db7dfeff
[PASS] TC=415 A=568a6c72 B=116305f2 C=4f4b8fa1 D=f85f07e2 E=51dc12a2 F=4fbaac15 H=ffbbff55
[PASS] TC=416 A=9eeb0350 B=39831f61 C=9d3c84f8 D=74223953 E=7313e571 F=53a43814 H=dff4b99d
[PASS] TC=417 A=9e4556eb B=500e9bf7 C=85076b3f D=9254db92 E=d7b1a3b7 F=e18426fc H=e9dde7fc
[PASS] TC=418 A=3359d9e3 B=2ede8535 C=ec867e99 D=314a8b71 E=81e96acd F=aad31f25 H=fedbfff7
[PASS] TC=419 A=efc51ef5 B=587862d9 C=0467ac1c D=9aeda2ac E=0307eafb F=3ea3880f H=ffe3ac4f
[PASS] TC=420 A=563ad0f8 B=63a12deb C=74af4525 D=54e7a808 E=1f0983c6 F=2d3d0b8f H=7f7f6bbf
[PASS] TC=421 A=025f5e88 B=97008448 C=c95541d3 D=a36db91b E=60c9fbe5 F=1bf46530 H=7bfee5f3
[PASS] TC=422 A=a802b6e1 B=07dcab09 C=a1dd467f D=3318f817 E=177796b9 F=26038c27 H=6f2fbde7
[PASS] TC=423 A=dbdf7aea B=342ffae8 C=feb0616d D=0677010f E=bff59d77 F=8557894a H=cdd7b9fb
[PASS] TC=424 A=df4b28c4 B=42654014 C=24aa5e59 D=a544ccac E=153bad20 F=77b5b718 H=fff7ff7d
[PASS] TC=425 A=f39faace B=af2f0b17 C=4187d532 D=973e1d66 E=501dcb6d F=184e4ecd H=3b4ecfcd
[PASS] TC=426 A=2cda1ec5 B=4fddeccf C=bc3dd534 D=761a9b88 E=fdf9b87f F=db9c22a3 H=dbfde2e3
[PASS] TC=427 A=16d980e0 B=ef4f2c14 C=2e006704 D=e32c219f E=11d2925b F=2cb6535a H=edb6f35e
[PASS] TC=428 A=678ec3f4 B=70c0b7ab C=8f62890f D=0678bc3c E=a7d45655 F=a90c6411 H=b9fe663d
[PASS] TC=429 A=2b8a1f26 B=ff992983 C=d7a5db35 D=4c26ee7e E=5c153b75 F=1a928a15 H=fada9a3f
[PASS] TC=430 A=a279fdbe B=abb5b44c C=901ad86b D=07a6f7a8 E=9c607866 F=af532bc2 H=bfdf2ff7
[PASS] TC=431 A=0175b5cb B=e7fea94a C=0c21910a D=0d5b37ab E=b0300cf5 F=612e87d6 H=69bebfff
[PASS] TC=432 A=e82aad54 B=76544440 C=e8c990e7 D=ce558b42 E=8ea57a0a F=3f8e1ebf H=ffff9fbf
[PASS] TC=433 A=52764734 B=1667eed6 C=bf9bc5ba D=1a98c110 E=7b860296 F=6a5a87a7 H=ff5bbfbf
[PASS] TC=434 A=93a177b6 B=bf5243d1 C=84ab2080 D=cba76cd5 E=cdd441fc F=b115b69d H=ff75fedf
[PASS] TC=435 A=d2e37f6b B=41df6188 C=f975816e D=80484beb E=c8a296af F=3ac1883d H=ffcd9aff
[PASS] TC=436 A=5c6a5559 B=494ed7f0 C=57f0b3a8 D=5f97eb91 E=2b5e1ee9 F=2f62b009 H=7ffffc7f
[PASS] TC=437 A=3f69fb0a B=1cdf0d3d C=3d06cdf4 D=c3da0fe9 E=4d5f05b9 F=717146d5 H=7d77d6dd
[PASS] TC=438 A=8727f1b9 B=92c04fca C=8869cd82 D=d807e4d3 E=22db2155 F=bcc37acb H=fffbfacb
[PASS] TC=439 A=d4fe1c5a B=665c005c C=3b4395bf D=b0667aac E=90c9cd45 F=87e9cdcf H=b7f9ffdf
[PASS] TC=440 A=9b394bc3 B=ddb8e899 C=517c4f29 D=2f6ed8a4 E=40e3c22e F=286ec94c H=ac7ed9ff
[PASS] TC=441 A=8fb00075 B=ae1fb28c C=21cb6ae2 D=2d57f6c9 E=873c93b4 F=f725c27f H=ffb5d77f
[PASS] TC=442 A=2973a78b B=3d2bba3c C=74d0c514 D=880b100a E=10d765c3 F=f8a36253 H=faa3f35f
[PASS] TC=443 A=b4ec2811 B=3af7f5cf C=ea3f6365 D=bf1b79f0 E=63db6d3a F=2c7c85a6 H=2d7d8fff
[PASS] TC=444 A=d81c59d3 B=7c6f5f58 C=ed877394 D=21d716fa E=1b205f02 F=d1368ff0 H=d9b7dff3
[PASS] TC=445 A=24165941 B=9ffa34ed C=bf04989d D=974173f1 E=c0aed238 F=69c0aaee H=7be5abee
[PASS] TC=446 A=359e28dc B=24de9979 C=9616515a D=1f1f6e33 E=ab2d9b8e F=cd8b98b5 H=cddffabf
[PASS] TC=447 A=0f22ef63 B=afaf2a42 C=4e6580e6 D=ba33727c E=da275a2d F=a769992c H=fffd9fee
[PASS] TC=448 A=f2cb3eaa B=0d1db379 C=10e376dd D=5e674681 E=9fb98345 F=dffa35d0 H=fffbbdfc
[PASS] TC=449 A=d49fff19 B=a4037fcd C=9aa7718e D=1882a9c9 E=60f1c831 F=d40caf57 H=fedebfdf
[PASS] TC=450 A=49178e3f B=21d3233f C=e86cc93c D=bc6bdb37 E=07e7c988 F=8eb118ca H=eff5d8cf
[PASS] TC=451 A=4065ed18 B=5f4be01f C=705e3f45 D=15ef44fd E=3e5eb9f2 F=c4cad905 H=c7eadf8f
[PASS] TC=452 A=2b80dd4c B=82ce8c72 C=a57e56da D=3bc9ee95 E=e5195d9c F=11d4cd86 H=93feddf7
[PASS] TC=453 A=26d8ce3f B=a8bd2ebf C=97c7376e D=4789d82d E=2487a6d4 F=b84c94e5 H=fc4dd5ed
[PASS] TC=454 A=e619ce3b B=d9e22477 C=882d9ead D=fd7cb3ad E=7bf9804b F=401f2177 H=795fa3f7
[PASS] TC=455 A=d7257be8 B=100dbc3f C=d98421e1 D=89c5005d E=f0213282 F=2f1c87e8 H=7f5da7fb
[PASS] TC=456 A=69f176a6 B=60158e78 C=1d7a1861 D=235d0394 E=e69cfd3f F=280b6ec9 H=fe3f6fed
[PASS] TC=457 A=9bec2588 B=227717e6 C=a5d36296 D=395d7cf8 E=de7f496a F=3937b803 H=7fffbb93
[PASS] TC=458 A=6b4cc2fc B=b8605b6d C=f57fe77d D=e3555f70 E=5e23436b F=ede87b9d H=fdfd7fbf
[PASS] TC=459 A=5bcc1145 B=7f314269 C=0e84a73d D=b132aa71 E=ccc5d3a9 F=c2577298 H=cbff7ef9
[PASS] TC=460 A=3640fbb4 B=ef9014bf C=451f28c8 D=ccc2b06b E=ebc48523 F=0bd8e143 H=bbfee56f
[PASS] TC=461 A=6ca0ef2d B=40b3cac3 C=32982e9b D=46608e65 E=3fe0c592 F=d0ce4e65 H=d9efef7d
[PASS] TC=462 A=6ccf8200 B=f8d63994 C=55aabb2d D=ac2c8bea E=b6e19bbc F=a0a9fc00 H=e0bbfd6f
[PASS] TC=463 A=c4846d6b B=ac6bb049 C=f28eb843 D=918c5f2e E=a771d240 F=29f1da09 H=6bf1fa99
[PASS] TC=464 A=00db7052 B=686e40bc C=35e4393c D=8f21a2b3 E=bb3d87f7 F=dc4710e7 H=dccfd1e7
[PASS] TC=465 A=43248873 B=9cd1fa05 C=242f3d7a D=f606e8b4 E=aae5a271 F=98fd9d74 H=dffdbdf5
[PASS] TC=466 A=5ab52a89 B=fca20226 C=fcc92694 D=dc2ffda5 E=96e6449e F=3e61ccca H=ff69eeca
[PASS] TC=467 A=7ddacd82 B=6f7d3917 C=55794bc4 D=49fe989d E=d437e6cf F=92a2f866 H=b6f7fbf7
[PASS] TC=468 A=244988a8 B=e11acf2f C=2b1a7a17 D=6ca385cf E=a4a16945 F=87f5a16a H=bfffebfe
[PASS] TC=469 A=8fd96424 B=9f0f26bf C=a8c2dd70 D=f389269d E=aaf26306 F=5fb4006b H=7fbfebeb
[PASS] TC=470 A=aecaa9b3 B=99088301 C=90822bab D=7b68b4cc E=b4535c82 F=83fbdf6d H=effbdf7d
[PASS] TC=471 A=d69af09e B=653c7b3b C=59e3ed31 D=1ca5e9bd E=5156bbb5 F=107cfa18 H=37ffff1a
[PASS] TC=472 A=99250406 B=20b54418 C=670c806a D=448315d7 E=2a1ddd8c F=98d8ba9f H=badfffdf
[PASS] TC=473 A=09371440 B=6f6bbd8a C=70c3f366 D=9cf8475d E=e4040234 F=c2983de8 H=d39abdf9
[PASS] TC=474 A=ef66df3d B=27a540bc C=9af23821 D=3ad43418 E=3c275b8a F=7830a334 H=7f33b37c
[PASS] TC=475 A=dbf4bcb3 B=b90b0611 C=9a3f51e3 D=c0b0a376 E=6624301c F=6101d6e7 H=e96bd7f7
[PASS] TC=476 A=2382fdf9 B=1e440787 C=002de0dc D=456fef93 E=c0196d14 F=304f5b0c H=74cfdfbf
[PASS] TC=477 A=a5356b24 B=8f24e15d C=c6ae0754 D=8491a2a2 E=c4073d9c F=a8b35e47 H=bbb3ffdf
[PASS] TC=478 A=8f7f6963 B=01bdf5a3 C=997f62be D=cc8abd02 E=60b7eace F=c48960e5 H=c5fff1fd
[PASS] TC=479 A=cbaa09f8 B=50788bc4 C=770c80c8 D=e6d01c41 E=ebec75f4 F=fd9eb29a H=ff9eb6db
[PASS] TC=480 A=7d48822f B=553c414f C=bfcbfdef D=9f964f4b E=6752a154 F=44ee00d2 H=e6ffecd2
[PASS] TC=481 A=04121179 B=bdd464ca C=fc47825d D=c5afc7f2 E=8c551627 F=53b60361 H=ffbf2b6b
[PASS] TC=482 A=96ef3a86 B=1fa282db C=b07a1d41 D=35752dc2 E=9f708ab1 F=6f115f3c H=ff1f7fbf
[PASS] TC=483 A=88a00ea8 B=ae87eff3 C=affcf375 D=f0c5b40e E=04eeae99 F=18d80136 H=1afa97b7
[PASS] TC=484 A=30f6de87 B=c928bd4b C=f4af1cde D=c0ac8b9e E=5764e04e F=0e7a07de H=deff57fe
[PASS] TC=485 A=fd8f43ef B=35a09d00 C=cea1a4b1 D=fc3c5741 E=b359aac3 F=47346355 H=4fb46b5f
[PASS] TC=486 A=9e3837f9 B=1764a327 C=e692303c D=a45d1788 E=0ec46d85 F=d4d30373 H=fdffaf7f
[PASS] TC=487 A=8a63957f B=8f11e1c7 C=75ce9d8b D=e9a5735d E=e17b1f45 F=105db01c H=957ff85f
[PASS] TC=488 A=c3f60c99 B=075d7750 C=b75c4e92 D=daa55595 E=868bf209 F=f8bc6d1e H=f9fefdff
[PASS] TC=489 A=22469d19 B=84a6310a C=0a9e597a D=347d9501 E=eef9c38e F=76c864c7 H=f6fcefcf
[PASS] TC=490 A=611a606d B=d8254295 C=7fb2e882 D=f2b143a8 E=f51cfa0e F=baf8ac78 H=fffeee7e
[PASS] TC=491 A=48a0959e B=020dcf2c C=87a7fac9 D=3c4aa9ed E=97e2c0f0 F=daf7a280 H=deffb78e
[PASS] TC=492 A=1a6a0f74 B=37810964 C=d303ae49 D=6e2b341d E=0eb64650 F=76b28e68 H=7ebfaeec
[PASS] TC=493 A=2ed36963 B=d21123ef C=63718d09 D=d067ac12 E=22a7d275 F=7b3eaa4f H=fbbfebdf
[PASS] TC=494 A=cd3eb788 B=543c6521 C=78782f34 D=07a192e3 E=3ea83f23 F=9c4711ab H=dfef9bbb
[PASS] TC=495 A=ed6c0a72 B=45c8fc23 C=50c3bc7a D=8a8b7f96 E=25dd5c9c F=a385894f H=e397dfff
[PASS] TC=496 A=e9a673ec B=35610c4d C=4661b09f D=b69c13a0 E=68270ad9 F=78c1e09f H=7bcff89f
[PASS] TC=497 A=3a0d8062 B=738278b5 C=bf850fc9 D=8a61acf2 E=1a3cd029 F=a9156aff H=ed37fbff
[PASS] TC=498 A=8ca433a0 B=ea95b281 C=903d8e1a D=3bd079e3 E=02067131 F=86304868 H=beb0dcef
[PASS] TC=499 A=21d03ccd B=5c0889f7 C=47a6d4c9 D=6a9781b3 E=552bde19 F=fa6814b1 H=fafc3cb5
[PASS] TC=500 A=ede384c9 B=c1a3081f C=54f36ab8 D=731ee197 E=9e585db3 F=94182e95 H=dd1ebe95
[PASS] TC=501 A=ebcdcfe9 B=a878edd3 C=411a2ea9 D=363b62eb E=6b769243 F=ece2b31c H=ffe6ff5f
[PASS] TC=502 A=670c5779 B=34cfbc38 C=35932f37 D=d0e92376 E=b401928c F=2b9508f4 H=6f95cff6
[PASS] TC=503 A=fd449eb3 B=ea8b9b9c C=fc667ea3 D=ca32e833 E=4e8c72aa F=d6068fa7 H=df77dfb7
[PASS] TC=504 A=a1530c42 B=f2920cc9 C=9e85df74 D=bfe50592 E=36eef4b4 F=c1ca6c81 H=d7eb6db9
[PASS] TC=505 A=23ec92b3 B=8ff7d7ed C=253fbb8c D=e0e12283 E=5a3fcb6c F=be1f56a5 H=ff9f7fe7
[PASS] TC=506 A=4a0f8851 B=3ed8989c C=fafc14de D=28439c4f E=21201ad5 F=a919bfa6 H=ab9fbfaf
[PASS] TC=507 A=fa4968fe B=c5383137 C=5db38702 D=9db8819f E=19b52daf F=598c3ef4 H=7fdc7efd
[PASS] TC=508 A=e93b3a6d B=6177437a C=05d91f96 D=9a1f4fe8 E=a7e8d8f7 F=e884a2e4 H=eaaffbfe
[PASS] TC=509 A=edd610c7 B=3f330ef6 C=2b9ce84c D=ce9c25e6 E=514b93d4 F=571daefe H=57ffbeff
[PASS] TC=510 A=1ad6f4d6 B=309d348b C=22858a29 D=737f0bc1 E=c496d4f6 F=4f3bca6f H=5fffeb7f
[PASS] TC=511 A=f48de95b B=1a579c75 C=c25202dc D=3f59b028 E=13a37e8c F=bf1f3f40 H=ffdfbff8
[PASS] TC=512 A=66d98dbb B=6526b824 C=2190bc43 D=67223c66 E=b11997bf F=70f2d39f H=f9fbf79f
[PASS] TC=513 A=21e8e471 B=df60e67e C=b9682e9b D=b0edadf5 E=17f6cb44 F=4a6ada49 H=fa6fdb7b
[PASS] TC=514 A=ce2089c3 B=8a71e1c4 C=084f4990 D=21046f28 E=d74c862a F=274cf8dc H=6fddfcdd
[PASS] TC=515 A=426d8e6e B=3542f387 C=262da634 D=c7264815 E=8aa6a686 F=2e93440e H=fed3fdbe
[PASS] TC=516 A=d521df80 B=f203ed18 C=aac53c6d D=c76178e5 E=c63051d2 F=5aa9ce7f H=fafbee7f
[PASS] TC=517 A=9b637bad B=3da872af C=01d764f4 D=6b8b4445 E=f363a0cd F=37cc1990 H=bfcc7fd8
[PASS] TC=518 A=4702fef2 B=61a6d1a8 C=a5789039 D=15b67a99 E=6fba07b9 F=67b11a7f H=effb1aff
[PASS] TC=519 A=44262f12 B=93640a56 C=80e5ee0e D=d8d51c48 E=69bb167d F=8ef76b93 H=9eff6fd3
[PASS] TC=520 A=7b72fa82 B=afd86ed5 C=9b4fe7a4 D=8865e251 E=e696ea0b F=b3f98c0e H=fbffcc9f
[PASS] TC=521 A=7a45c9af B=06a7e9ff C=d1686e59 D=047e158e E=9d6b97e2 F=1fe41e50 H=bffc9ff7
[PASS] TC=522 A=85f0f8ba B=3a98efac C=0f37c98f D=5b3f8aa9 E=c4110b17 F=f97e5f61 H=f9ff7f65
[PASS] TC=523 A=f2bb81e4 B=41b2d951 C=6beff5ac D=655fe634 E=bf5b6c06 F=d03390c4 H=d5b7dacf
[PASS] TC=524 A=da5fd4b1 B=a65277cb C=6c94c637 D=961bf284 E=bef1d0b4 F=e230ce28 H=fe7bcfab
[PASS] TC=525 A=9a433d6f B=58d25e55 C=48865250 D=bdb63b41 E=d434ff68 F=14924024 H=b5fad5ed
[PASS] TC=526 A=f51479f1 B=2658b470 C=e5f8f68c D=4534c057 E=cb3deb86 F=382237d1 H=7936fff5
[PASS] TC=527 A=b1bdce3e B=2a5670ae C=9ef20c86 D=3ed73935 E=49f697a9 F=978a927c H=ffdadafe
[PASS] TC=528 A=e9f95540 B=cdbebe2e C=54a9e250 D=fe5249bd E=5c4224aa F=fe2d423a H=fffdd77b
[PASS] TC=529 A=1b364361 B=0291e674 C=2ee83ab4 D=1e45e0a5 E=08f2489b F=5154a7e4 H=5b57bff5
[PASS] TC=530 A=5522902b B=e1199f18 C=27d478a4 D=319411cd E=cde4ff52 F=cffb228d H=efffb6dd
[PASS] TC=531 A=e1a3ce4d B=6c4b3de5 C=f2f86a78 D=801f0e2e E=adda82b0 F=f4a2dcc2 H=f7bffdd6
[PASS] TC=532 A=bd6412e8 B=bd67c656 C=5b830ebb D=6e3ab0a5 E=9ee64f54 F=4fbdc6ba H=5fbfceba
[PASS] TC=533 A=c7f88152 B=d88895dc C=80a4a883 D=b86a6247 E=76d124b5 F=a02c69c9 H=a27ef9c9
[PASS] TC=534 A=8f2d204b B=77f73d07 C=a2fc6c9a D=19c96060 E=7f82d731 F=26b7db05 H=36f7db5f
[PASS] TC=535 A=e5ec94f1 B=8bab84d3 C=e445db68 D=4b8dac3d E=5cba2415 F=421add5f H=c39efdff
[PASS] TC=536 A=cc99fa84 B=3fa6436a C=1f39dfd3 D=ad33ae66 E=001e252a F=eb6ea31a H=ef6faf7f
[PASS] TC=537 A=91c40537 B=037b1146 C=dc682a32 D=ec4cc255 E=bf2377f7 F=4728a369 H=dfe8ab6b
[PASS] TC=538 A=535f92b5 B=4fa6b01a C=b6cb91c0 D=8d798364 E=8c44cd1f F=c6ceab7d H=ceefabfd
[PASS] TC=539 A=acf27401 B=59e4ad11 C=992b4552 D=502b2af0 E=4a8953a6 F=3c3626f2 H=bdbffefe
[PASS] TC=540 A=7dd82882 B=e9473cfc C=a079306f D=e065f3d9 E=c324300b F=a3f379ef H=a7fb7fef
[PASS] TC=541 A=c1cc316c B=fd534e10 C=fe8bc421 D=f98eab7e E=38225372 F=588fd14e H=5c8fd57f
[PASS] TC=542 A=98c4a8ba B=fc3ee34d C=fc613874 D=0a3f7a39 E=60f7f386 F=b7350170 H=bf77cbfc
[PASS] TC=543 A=23f5979a B=f549e71a C=c7a6993c D=61098972 E=caa85e5d F=d782c934 H=f7c7c935
[PASS] TC=544 A=227ed110 B=74b25aa1 C=2482cd41 D=2befbd46 E=75fb282d F=a094725c H=baf57fdf
[PASS] TC=545 A=60a1aad3 B=ec96c198 C=9e5aa3cb D=c309c24f E=3b66b852 F=a969030c H=ed7d1b2f
[PASS] TC=546 A=518f0a73 B=8c7e1c37 C=68d06400 D=e56b8b4e E=35115a1d F=e5ef5993 H=efefffd7
[PASS] TC=547 A=275e11de B=16da9d5a C=3a0bb76e D=0fb69aad E=6241fc4c F=5c45009b H=5df5ffbf
[PASS] TC=548 A=a0181f4e B=c2ebdb7e C=d7a16c54 D=de8a2930 E=76c76b08 F=4567df97 H=6d67ff9f
[PASS] TC=549 A=cf082ad3 B=6ae60419 C=84f050d5 D=5dadac4f E=62b47487 F=49a99cbf H=c9bfdfbf
[PASS] TC=550 A=2bf5595f B=376c8e36 C=55ac93b2 D=8ed2f5c4 E=b30051bd F=d1428aa1 H=d5debee7
[PASS] TC=551 A=be11afcc B=b3d134d9 C=1ad4f939 D=1470e9dc E=240c7f56 F=edf6a8fc H=fdfebcfc
[PASS] TC=552 A=d02c4ba3 B=554b32e0 C=c02a9ef4 D=cf9fec1f E=f854070c F=7a554e00 H=7bfdee5c
[PASS] TC=553 A=9abe0927 B=43c44dbe C=5ae41506 D=d86018f6 E=c4d28c31 F=4dcfdfa6 H=5dffffee
[PASS] TC=554 A=856a623f B=c982a976 C=e196b778 D=5273b1c2 E=031ba7be F=e4a2c345 H=fff6cb75
[PASS] TC=555 A=46b3b441 B=af643f07 C=bb4d29ba D=8d07560b E=32e1d0cb F=a3ca8dc6 H=abcafffe
[PASS] TC=556 A=e5d17c2a B=a6bcaaa3 C=085bf48b D=8a498dc6 E=56ca53cb F=373c3860 H=f7fd7af3
[PASS] TC=557 A=0b4489af B=ea220e5f C=316ecec4 D=d1a57821 E=83068109 F=b7283e53 H=f769bffb
[PASS] TC=558 A=aac3442f B=945fdda5 C=14fa3829 D=6b6bfacb E=b4531227 F=a56ebcae H=af6fbdaf
[PASS] TC=559 A=06b22fb7 B=4a745d7c C=838281b1 D=95dd8ec6 E=0b607fff F=9d263cce H=bf363cef
[PASS] TC=560 A=4ec46ecb B=b4efd1ca C=efd46c17 D=101d9a98 E=b046a47c F=783dc540 H=7b7fd5f8
[PASS] TC=561 A=dca5e3a8 B=c00b90f8 C=f5cf6579 D=4da7fc81 E=9530981b F=59fd18b3 H=59ff9eff
[PASS] TC=562 A=19ccefda B=a779252d C=6fda449f D=61fbbe9e E=b36a16eb F=9068a33f H=9d79f37f
[PASS] TC=563 A=8302a085 B=3dd73349 C=4502b614 D=f88921a7 E=99bcb895 F=b2a08f8b H=f3b8efbb
[PASS] TC=564 A=1e0e0047 B=8c0cb33f C=9862e609 D=cbf2b22f E=d5e4736b F=d75c45be H=f7fefdbf
[PASS] TC=565 A=b80b3957 B=045c6b75 C=504294c4 D=0eb4d345 E=35494c8b F=068e7a4b H=cedffe4b
[PASS] TC=566 A=029fff17 B=9bf39c5b C=b7ac4e93 D=2be6d5bb E=4edab7f2 F=88fae73c H=aefee7fc
[PASS] TC=567 A=9dfc54ec B=996b73e0 C=c85770c7 D=b99e8062 E=aa1fbdfa F=ebd8fa61 H=ffd9fbf7
[PASS] TC=568 A=52befa8c B=cda68807 C=4718d434 D=025349b7 E=d34c9e46 F=e6138af8 H=f7f38bfa
[PASS] TC=569 A=ecd911f9 B=60b33bb3 C=c9ece9ad D=22ef67e8 E=3e99bc5b F=dbc806f1 H=fffc96f7
[PASS] TC=570 A=2d229566 B=8753d741 C=5360732b D=d1a3a61e E=6db89f49 F=2e25b4d0 H=6ebdfed3
[PASS] TC=571 A=737e3078 B=fe8746ca C=cebee49a D=d1c2bb97 E=f6943276 F=f74ac080 H=ff7aedd5
[PASS] TC=572 A=1c231a3a B=28685abd C=d6950430 D=61ae03b7 E=9996e901 F=daf9ecf6 H=fafffdff
[PASS] TC=573 A=5c2dac9c B=9314c9e5 C=4be5c139 D=7eb5bf63 E=f1b27d3c F=062dc070 H=57efcbfd
[PASS] TC=574 A=61d7d7f0 B=7c08586b C=0a667352 D=18eb2689 E=8d8c4153 F=81466421 H=e36767f1
[PASS] TC=575 A=4583e2f4 B=67d9df19 C=cbf642d2 D=cc0f2823 E=ef6e5f23 F=f2083b53 H=f7ecffdb
[PASS] TC=576 A=205c70bd B=fab7120e C=edf900e4 D=d27f4fd0 E=d8d44e87 F=a83be33a H=aabffffa
[PASS] TC=577 A=c1d9c126 B=09c44f66 C=02798b0a D=b38747fc E=6dff1b60 F=271539f5 H=2f95f9ff
[PASS] TC=578 A=5e32f324 B=62184da0 C=52475420 D=88f472a4 E=c4dd83ab F=84b2b2d6 H=d5bbf2d7
[PASS] TC=579 A=848f5731 B=02a75d64 C=a5b8aae2 D=409e6792 E=6c094a62 F=b6f86e82 H=b6ffee83
[PASS] TC=580 A=d56d6a7f B=b67f436c C=85e0dd94 D=7d61e412 E=d0b9df79 F=31b32300 H=bbf3aff4
[PASS] TC=581 A=3399baa7 B=95a4f876 C=3e521a57 D=ab4cc2e1 E=7188adf3 F=20451741 H=3b5777e3
[PASS] TC=582 A=58d660e4 B=7ed3c4df C=ab4635cb D=336180b3 E=a04ae9e0 F=c41f262a H=d55ff77f
[PASS] TC=583 A=c7754180 B=0a3d982e C=20f93bf0 D=bb2e5492 E=f69750d3 F=4d0834e9 H=5feaf4f9
[PASS] TC=584 A=6b2af855 B=f7cadcb2 C=a6481810 D=f3f3ff1e E=78f472c6 F=c3fd243a H=c3fdbf7b
[PASS] TC=585 A=a891f75f B=a4ee48dc C=e13f690d D=6f06a8b4 E=aa8e7943 F=40e2cb87 H=d7eacbbf
[PASS] TC=586 A=b533fc11 B=201aabca C=4ce46d22 D=e0b3b80e E=6577d87e F=94c00bc0 H=ddc8dff5
[PASS] TC=587 A=f08e88b4 B=0ade6982 C=fb7acedc D=8dbca40c E=c63b32aa F=ece8a77a H=fde8b77e
[PASS] TC=588 A=9bb85bee B=502f4646 C=d5329111 D=11cd8a65 E=8d2231e7 F=3630da06 H=77b5df3f
[PASS] TC=589 A=9f0a16e3 B=92140481 C=ef6126d5 D=1041dfef E=af891b20 F=4971ab03 H=c9f5abb7
[PASS] TC=590 A=e9fcd72e B=4f0fb037 C=09d83bf7 D=57b1a590 E=97e6a7e0 F=ebd66d18 H=fffefffc
[PASS] TC=591 A=38f2fda4 B=f77dc614 C=2f8b2dad D=a01bce95 E=4491322f F=d31733f2 H=fb5f3ff3
[PASS] TC=592 A=5904e358 B=13e2088d C=fe785d53 D=b391e874 E=348102a0 F=98ab3e5a H=bcefbefe
[PASS] TC=593 A=3e98f05d B=e3ead67e C=983dcfc1 D=4396d12f E=cd653b13 F=9744fcf0 H=bff6fcf0
[PASS] TC=594 A=68c1375f B=cb86ad52 C=698e9e9d D=e144c293 E=81f5f526 F=cb20806e H=fbbcccff
[PASS] TC=595 A=527a7eb1 B=68e286fb C=8152018e D=c555bfea E=f1eba940 F=96688a28 H=9e6f8fb8
[PASS] TC=596 A=7901d9fe B=5b584666 C=1511f29c D=43567dd2 E=29fb0edc F=2b249389 H=ab3fdfff
[PASS] TC=597 A=ad790c69 B=561c2f6f C=018f213d D=afdd5409 E=9fee18bf F=db052140 H=db0ff15d
[PASS] TC=598 A=1a4da05a B=e12a0c38 C=499a7792 D=9661c29b E=5190f1b9 F=090166a2 H=89e3f7a6
[PASS] TC=599 A=e4554c58 B=e4740e50 C=5b340f99 D=a1d908ae E=1c02f7f6 F=381d1d91 H=7e3d7ff9
[PASS] TC=600 A=1933e7fa B=719bb921 C=00b94ca0 D=da621b07 E=ecfabb8c F=273f3695 H=67ff3fb5
[PASS] TC=601 A=331fbda0 B=f93084af C=af590232 D=eb5193ae E=4e8acfc6 F=a1fea9be H=e3feafff
[PASS] TC=602 A=df5f43d8 B=b26cfb61 C=3bceea89 D=18f25501 E=d2838a8d F=0e22d33d H=0ee7f33f
[PASS] TC=603 A=d72de884 B=ee44c428 C=a4111583 D=fabdd730 E=d324f3ed F=5bdf827d H=dbdfa37f
[PASS] TC=604 A=f61f4731 B=162c44a9 C=16f7b82a D=ee68f656 E=fc02a0d4 F=f1b737d0 H=f1bf37fe
[PASS] TC=605 A=8b5e0aa9 B=8cd15de1 C=95379af4 D=311e6c64 E=83781f62 F=308c2789 H=398d6fb9
[PASS] TC=606 A=34e62b49 B=feb9080a C=1f375a99 D=8a871556 E=a1caa0b3 F=5a00b8c1 H=7e86f8c7
[PASS] TC=607 A=58de4868 B=af1754e0 C=e93ca0ce D=8cb1749a E=ab771982 F=d27c40ae H=d27c71ae
[PASS] TC=608 A=b476039a B=ad1337ef C=22fddd9f D=5f7857e3 E=08e95e32 F=5fed2820 H=dffdf8b9
[PASS] TC=609 A=b8cbea74 B=3d765a95 C=8b289776 D=1356e406 E=dfdec26d F=38e6c91b H=baffff1f
[PASS] TC=610 A=633bc597 B=3db50eb2 C=df1a1031 D=4f619390 E=13ccfc74 F=cb7f36c9 H=fbff7fff
[PASS] TC=611 A=da132af8 B=8eace2fc C=892aee99 D=0b1c41f5 E=d90d4893 F=9c8a6435 H=bdeb74f5
[PASS] TC=612 A=e009afe0 B=483bbfe8 C=724d8122 D=8903d588 E=46b9c6b8 F=e43a25d3 H=ecff7ffb
[PASS] TC=613 A=d6ea339b B=b964eab6 C=300f84e3 D=217f0a23 E=afdbb02b F=ed1f3905 H=fd5ff9ed
[PASS] TC=614 A=9ec4f83c B=7afa77d1 C=40cf1784 D=dc0720d8 E=c7642442 F=e0c039b1 H=ffe5bbb7
[PASS] TC=615 A=a56469c3 B=0f39ec1e C=307cf374 D=11f10766 E=270fcb55 F=f21c571f H=ffded7df
[PASS] TC=616 A=5039139b B=61420014 C=c3c64e61 D=391a628a E=469db414 F=da5b876c H=dfffcfee
[PASS] TC=617 A=cb99b662 B=a84592fd C=daa58905 D=ccaf8009 E=f2c9dbe8 F=6c272345 H=ef6777c5
[PASS] TC=618 A=cf5c7e19 B=2aabf66c C=496e1cc7 D=4d8b99a7 E=3062aecd F=99bcf428 H=dfbefe3e
[PASS] TC=619 A=fd2ed2d6 B=56b243cc C=86ea310d D=cb385283 E=e770737d F=e581c215 H=ef83e3bf
[PASS] TC=620 A=fc83b230 B=421eef4c C=8e18ae46 D=12915d75 E=2c5f3d3c F=53e175cd H=f3ebf5ff
[PASS] TC=621 A=5a03a16c B=0f758a65 C=5039a931 D=7e8d4d67 E=7c07d53f F=913302f1 H=db37c3f7
[PASS] TC=622 A=064c5c6c B=5575edbc C=cfe93af6 D=afd1cc6c E=ed26f1f0 F=bbb87b3e H=bffb7fbe
[PASS] TC=623 A=a036ce49 B=d8b3cc95 C=0b852c94 D=42626588 E=ce0051d7 F=efed1e39 H=ffed5f3b
[PASS] TC=624 A=fb086e7a B=6ba1770f C=43b9fcd4 D=7a014a06 E=5940cf76 F=37c2292a H=77e3f9ef
[PASS] TC=625 A=0a6ce794 B=f596f792 C=d984b14f D=72d079ba E=7f984b84 F=464f8b1e H=6fcf9f5f
[PASS] TC=626 A=781888b1 B=f0a64619 C=da89e094 D=6452d591 E=4f0ecff3 F=4ca192c8 H=dcabbadc
[PASS] TC=627 A=ccc8c6a2 B=dcce2608 C=96181490 D=4f32a084 E=fc2444c9 F=9816d5a8 H=fc7fddfd
[PASS] TC=628 A=f6180ae6 B=4f6275b0 C=566a95b1 D=00cece83 E=1e63f175 F=149cf8ec H=7cdfffef
[PASS] TC=629 A=d20978ee B=ce7d2117 C=48e21b1e D=b3df15aa E=e1c090ad F=3bb277d8 H=7bf77fdc
[PASS] TC=630 A=a53e8ae5 B=185ca162 C=cfaeb072 D=770bc5c6 E=bb59c66d F=3b7611c3 H=3ffe53d3
[PASS] TC=631 A=5c1f3c45 B=e0467a82 C=2dbaf4e2 D=736effc3 E=6dd141eb F=20dab6b3 H=abffb6ff
[PASS] TC=632 A=5d0ad4ba B=cc5d3eca C=6567080f D=b6a30aa5 E=92f4ceff F=ac0862a2 H=ad7f62b7
[PASS] TC=633 A=7f722313 B=28683acb C=e98063df D=4c8e459f E=a0242cd5 F=c021cdde H=fdb1dfdf
[PASS] TC=634 A=21b7338f B=cda18f88 C=757bee7b D=463bd285 E=c3351298 F=114f289d H=5fff78ff
[PASS] TC=635 A=1aa8c7f2 B=3342ad9c C=96f2df4a D=103f1664 E=025d38a7 F=512febde H=f3afebdf
[PASS] TC=636 A=9c869dbd B=317d3caa C=ca92f19f D=0a88ec4a E=252ed829 F=7bd29aa9 H=7fffdaab
[PASS] TC=637 A=c6a5c20e B=6d2e89da C=d4a67e7e D=b277ef4e E=4670e5ba F=9cebdd62 H=ffffff6e
[PASS] TC=638 A=c504ad2a B=f3c6c762 C=e5d144f5 D=b3408258 E=e2b3e4bd F=bf02ad45 H=ff2aff5d
[PASS] TC=639 A=d65cc98b B=998ffb8b C=a1b41562 D=96346859 E=d7700363 F=f234ac16 H=f234aebe
[PASS] TC=640 A=81e1a4ab B=9b65c851 C=8a653850 D=a5b44f6a E=e57a997a F=16cccb4b H=1ededbef
[PASS] TC=641 A=de70ca0c B=4da3c123 C=aec90ca6 D=6e688526 E=d63107f8 F=80b177e5 H=deb57fff
[PASS] TC=642 A=1d5a16e5 B=e03ff4ca C=1a48d273 D=a0e09c29 E=771e3c45 F=647b0184 H=7fff05c6
[PASS] TC=643 A=74950a2f B=50ee5a0f C=a3a967ba D=255b8219 E=31c672fe F=433ce08f H=5bbcf6ef
[PASS] TC=644 A=7fa4b1a5 B=65b555d5 C=b99de666 D=cdbbd6f7 E=fd4cadfa F=cbc11794 H=dfff9f9d
[PASS] TC=645 A=806d6ca1 B=b3bef78b C=a8e71839 D=f90f1d7c E=226849fd F=778cc611 H=77bcd71d
[PASS] TC=646 A=b1b79ce7 B=482be37d C=0fe58b67 D=c40d8f8a E=3d0c29c2 F=e55ff6a9 H=f5fffeff
[PASS] TC=647 A=1029b31a B=cda00d75 C=61149961 D=2509e181 E=0603d8c7 F=d90daeea H=dddfffea
[PASS] TC=648 A=f100d21c B=cc661368 C=1c1a43f2 D=d97acdd1 E=e0d921a5 F=b14ff0bf H=b16ff3bf
[PASS] TC=649 A=ad0c755c B=8049ea19 C=9f1e65a8 D=e0c2af47 E=18c3ae63 F=bcbc79d7 H=bffefbf7
[PASS] TC=650 A=47c4e1c6 B=5b594dc7 C=ba8d3466 D=fcb1ab8e E=0682c918 F=bef6229c H=bef7fffd
[PASS] TC=651 A=0d0a9870 B=f06eede4 C=ba15a1bd D=dea36722 E=17195eec F=513bb637 H=533bf677
[PASS] TC=652 A=c49431fd B=657fdd57 C=e060223b D=572f2825 E=0401b288 F=75ecbe8f H=7dfdffaf
[PASS] TC=653 A=e6ee729e B=6a1ded70 C=3bb62913 D=100d48c0 E=c184007b F=36a47b99 H=ffeffbff
[PASS] TC=654 A=a2381547 B=e2bbb951 C=743333f6 D=6f8838c8 E=65f4d507 F=161f4654 H=36bf677f
[PASS] TC=655 A=f7436d4e B=6e79fb44 C=1fd6e466 D=b9d306c4 E=570423f0 F=f43592ba H=f577b6fe
[PASS] TC=656 A=4d040442 B=db7a0e88 C=04bd121f D=8a21a6f5 E=27666cdd F=60469b9a H=7ff69fbf
[PASS] TC=657 A=a0d3cfce B=d46206c7 C=a4d6ea81 D=4d1c9c19 E=57d0bb95 F=975d77a6 H=ff7ff7fe
[PASS] TC=658 A=9ffb5131 B=7e6bf6ff C=752172a0 D=89b9c225 E=76e26534 F=d0ad7b9f H=f3ef7bdf
[PASS] TC=659 A=77535acf B=22949eb9 C=c7ac82da D=3a53687f E=52a80eb5 F=6f47f77e H=6f5ff77e
[PASS] TC=660 A=f937bc63 B=93975107 C=77f82af5 D=c8ad17f4 E=7c264718 F=0ef3f147 H=5ef3f9d7
[PASS] TC=661 A=b9b898ad B=b36d309a C=fde1841a D=ac397534 E=dee9cecd F=13eda695 H=fbfdef9d
[PASS] TC=662 A=51a74e41 B=0f15a450 C=5cf67e5c D=9bce562d E=3abf2f66 F=a734b2b7 H=efbdf7ff
[PASS] TC=663 A=5a5b6fe2 B=caabd681 C=b6fad99f D=c7c870b3 E=724c7b35 F=a14d702d H=a97df57d
[PASS] TC=664 A=ff504d87 B=e561de39 C=1c54f94e D=84cf6dfc E=478f93e4 F=124ca486 H=3e7cb58e
[PASS] TC=665 A=1240ae1a B=fab34cff C=dd80a1e8 D=ffb637db E=11caca62 F=0e5cc8c4 H=0fffe8fc
[PASS] TC=666 A=a401d625 B=3977164d C=515adac5 D=867a50aa E=284c6bdb F=2ee444a0 H=aefd6fe2
[PASS] TC=667 A=6529b3b3 B=b29cacb9 C=4797c4e8 D=513f59d7 E=73034bf2 F=a6d65083 H=bfde7093
[PASS] TC=668 A=eddaa68c B=885fffa4 C=70ee96bb D=c86914ef E=6ce001e0 F=2b3cbe3b H=eb7cbe3f
[PASS] TC=669 A=dca5b1b6 B=0ee504f1 C=1d913dc9 D=499282bb E=f17cfc2e F=2f743913 H=6f7c7b9f
[PASS] TC=670 A=c11780b3 B=92ea341a C=cca539c0 D=849dba80 E=e04d0cfc F=ba24513b H=fbee573b
[PASS] TC=671 A=a3b8828d B=662b1098 C=846e9167 D=ced36113 E=431eddb9 F=660560af H=ff6767ef
[PASS] TC=672 A=1b82af97 B=e36a0cff C=abc512de D=46126cdc E=9391d8fd F=a0f66037 H=f9f7eabf
[PASS] TC=673 A=12bd2594 B=1ab7f30a C=3290d4db D=4446d648 E=5769aa71 F=e6e1dbd7 H=eef9dbd7
[PASS] TC=674 A=3bd8b5b4 B=3cea7ef6 C=936da2ef D=dfa6aef0 E=5286c310 F=bbeffe4c H=bbeffe5d
[PASS] TC=675 A=d5ef0201 B=6b286980 C=dafe0c1f D=c9b7edbc E=31b3e46e F=e0c66443 H=e3eef5ef
[PASS] TC=676 A=b94a250c B=3a8c10b3 C=cf7d216d D=ec8a0b56 E=d7212974 F=8a4c6a8f H=dafc7b8f
[PASS] TC=677 A=cc6469f2 B=197f1eea C=2d03d56e D=1d3602f2 E=d76f885f F=6c72b26e H=7c73f67f
[PASS] TC=678 A=947e362a B=a02ac631 C=1a9880f0 D=2a74d3e2 E=a5fd6500 F=e495757a H=ffbd7dfb
[PASS] TC=679 A=866dd11f B=80d05d8f C=fa940b1d D=c81ec6f8 E=750fe19d F=e5e2a212 H=f5ffbf96
[PASS] TC=680 A=b70b0319 B=a5048e7a C=8b781177 D=40e81ff6 E=47a1e112 F=e6276239 H=ffeffbfb
[PASS] TC=681 A=6203109b B=361c0800 C=759c1ab1 D=7d7afc09 E=ebd1fe4b F=5998e665 H=ddfff6ff
[PASS] TC=682 A=096821b6 B=ad5d7e77 C=0353933f D=208aba5e E=9658c58e F=48d921d0 H=4cfbe3f4
[PASS] TC=683 A=d70589c1 B=41c61ea6 C=6ad427ed D=80e0ccd7 E=3889b6fc F=d4d7ae25 H=def7efa7
[PASS] TC=684 A=d1ad5251 B=aa2ebd7e C=509c03c7 D=a3e35a04 E=257d5140 F=d87c28d1 H=da7df8d3
[PASS] TC=685 A=e480f906 B=e32f7ad8 C=be942c08 D=9ca9959a E=b5cade6f F=b440209e H=f5622c9f
[PASS] TC=686 A=065d3520 B=ed753ee6 C=ec1cc24c D=ed0bbdca E=149d9739 F=7b48653a H=7f4ef57f
[PASS] TC=687 A=9b001f2c B=bf3ec07e C=706c97ba D=e94f54ec E=90c0cc7e F=cfc54f55 H=dfe75f5f
[PASS] TC=688 A=f8876c6e B=e4efae51 C=4add992f D=ceef513a E=ce50bc64 F=9020ba6c H=986bbe7c
[PASS] TC=689 A=7eb07d2b B=7836934d C=1465f37f D=f887af65 E=12abb7c6 F=6fe38317 H=effff7df
[PASS] TC=690 A=4f805932 B=d804e041 C=25b1a7c9 D=2f961e38 E=14371485 F=cc895f14 H=cee9ff7f
[PASS] TC=691 A=adb49b78 B=b04f7c04 C=57dc406f D=3671d68c E=bd9baea7 F=69d9d200 H=edfdd2c0
[PASS] TC=692 A=a2266261 B=8165b4d1 C=1a27f149 D=37e969a7 E=4a7b0fed F=49e8702c H=ffea71ef
[PASS] TC=693 A=b7b6797e B=8e64cbed C=8e035aed D=2b013bb8 E=f665db50 F=b7bc4e41 H=bfbdced1
[PASS] TC=694 A=1bc0ee2d B=24cdd95b C=9cd58ea7 D=ab5b3efb E=f1082cc0 F=f3cd0b2f H=f7ff3f3f
[PASS] TC=695 A=1e092bb6 B=74d66885 C=3ba3bebf D=d8b1f359 E=383d6716 F=bf46c641 H=fff7fecd
[PASS] TC=696 A=c203ea47 B=01f9b869 C=c598b9b5 D=06aae158 E=a7e32b78 F=bab344b8 H=fffbd5fd
[PASS] TC=697 A=ba1f660e B=83b3ab27 C=92ce7780 D=b656b0d8 E=a3362b2c F=195dded9 H=dbdddfd9
[PASS] TC=698 A=e9ebf20e B=d2322229 C=59249178 D=e86a1b28 E=7bc0ea63 F=d3914158 H=d3f7d57c
[PASS] TC=699 A=a418da3b B=22b04bfb C=05b3dd63 D=90b3bfd2 E=43711467 F=6af9d63f H=7bfdf7ff
[PASS] TC=700 A=8be7214f B=87172f1e C=4c7ca074 D=0df73667 E=9283e02a F=5890eba7 H=d899efff
[PASS] TC=701 A=71a240fa B=06cfed62 C=2b5dda60 D=2ebacf76 E=b49c516a F=1b71ba4f H=dbfffe6f
[PASS] TC=702 A=2ecdac25 B=7a22723e C=c08ce51b D=487e4c73 E=066bcf95 F=7b9152e7 H=7b977fff
[PASS] TC=703 A=700a8989 B=894e028d C=69b3e1df D=ee34db55 E=22d9f504 F=c8b84e37 H=eafecfbf
[PASS] TC=704 A=cf64f772 B=1dad8400 C=48dd391e D=3e5077aa E=e543b872 F=e9e9a5cf H=effdafcf
[PASS] TC=705 A=9d8d3267 B=f243a3f8 C=01fc6dd4 D=f6df7206 E=f75d802e F=74936110 H=7fb7f717
[PASS] TC=706 A=620d62c8 B=3c6684e6 C=57cc051e D=d31d2730 E=fc90f0ca F=ab31456d H=abb1df7f
[PASS] TC=707 A=29e9e981 B=bd180f2c C=a1f3a701 D=b4fc3f80 E=d968a73f F=e379db64 H=e3f9fbef
[PASS] TC=708 A=1513da58 B=4d6b0c71 C=5a86c1fe D=6d81bc93 E=24c6a9e7 F=417a7c92 H=ebff7eff
[PASS] TC=709 A=af051497 B=a3c3ab96 C=05624ef4 D=f1032f4b E=3875ae1b F=3e77da68 H=7ef7fa6f
[PASS] TC=710 A=551cf373 B=19e82e84 C=9ab2fd61 D=09e9afc6 E=d7ba5754 F=bc373240 H=bcb77b4a
[PASS] TC=711 A=195229b8 B=eed43e19 C=d3a0304e D=baab82a5 E=44e55e6e F=2e3b4a47 H=3ebffe4f
[PASS] TC=712 A=ad621f3f B=7992e5d7 C=cd5ab80a D=c03f2277 E=ab7dda28 F=50fb4630 H=d8fbc73f
[PASS] TC=713 A=d7895ae4 B=f5f6af43 C=b238b22d D=e184cb8b E=dbe5d058 F=09a4af85 H=cbf6af87
[PASS] TC=714 A=00a6c44f B=322b458b C=22be6066 D=8fd3d020 E=7fa50965 F=b5f84d00 H=fffefdfb
[PASS] TC=715 A=c16f7637 B=6f776ced C=505fc072 D=b31d27e9 E=1b57a913 F=d72ccd8f H=d72fdfef
[PASS] TC=716 A=5b40b8b0 B=991a3725 C=8908a2be D=e6ab89ae E=670e18d6 F=cf3a89cc H=ffba8bef
[PASS] TC=717 A=793c5f0d B=59ecf8e2 C=68720fe4 D=45e229e2 E=861cb559 F=96cfd67b H=fedfdefb
[PASS] TC=718 A=75cb49ec B=fe649122 C=f2ffd591 D=5eb24e3f E=8e41f7cc F=8564174a H=af7c17de
[PASS] TC=719 A=9a8b6c0f B=a0f80199 C=84e57032 D=8b65fe22 E=cf3fe551 F=f70437b2 H=ffcd3fb7
[PASS] TC=720 A=f5363ce6 B=61947b52 C=f23ff863 D=51cd680a E=424f5032 F=f92d354e H=ff7dbd5f
[PASS] TC=721 A=25c357df B=838db404 C=4fab08f1 D=cb4eea36 E=75016c47 F=ebcff9e6 H=fffffbff
[PASS] TC=722 A=dc797734 B=f808abb9 C=5c86ef0c D=e36b51bc E=2bf244ff F=cd0e1e31 H=ef6fff77
[PASS] TC=723 A=3d621edb B=863c7fb1 C=6f0d7f69 D=b4ff94d0 E=d748388c F=48d526f3 H=efdf76fb
[PASS] TC=724 A=417d1423 B=112ab67e C=806afcf9 D=b0655ce4 E=742ea86d F=089dd0b4 H=efddf3b5
[PASS] TC=725 A=977aec08 B=2270c36c C=3107ef7e D=e19e6e69 E=0e5967da F=ee1a7d67 H=ff1efde7
[PASS] TC=726 A=e743a319 B=1237be8b C=dba55b0c D=e57e1d22 E=6f30f6a8 F=d3a1ef9a H=d3adeffa
[PASS] TC=727 A=f3a28406 B=4c7e67d0 C=2c73551b D=3884c3ed E=41235af4 F=875a722a H=97ff7a2a
[PASS] TC=728 A=4a7268f8 B=e09358cb C=d0d2cead D=d632b815 E=71c6e86a F=76a04d6b H=fea37ffb
[PASS] TC=729 A=43765c1e B=6a8eb2a6 C=52c73e2f D=a2414669 E=c235eebf F=ae39eea8 H=ee7ffffb
[PASS] TC=730 A=43dbe6bd B=b29684fe C=41b139f0 D=f7298c23 E=a2e8d7bc F=e4ee73ba H=ecef73fe
[PASS] TC=731 A=a66abb21 B=2bcf1830 C=a38ba26f D=659ce701 E=fe8dd02a F=99a85154 H=99ebd3d7
[PASS] TC=732 A=0e593be9 B=97bdd08e C=2aa845f6 D=bf366e83 E=2cb371cc F=f3826e64 H=f3d7ef66
[PASS] TC=733 A=abbceaab B=fa874ea4 C=c267df76 D=c25e68d1 E=9a97ee2d F=81023e22 H=915abfe7
[PASS] TC=734 A=909ce69e B=25238f2a C=b6c8becb D=e07ec521 E=fab4783c F=95af255d H=97ef7d7f
[PASS] TC=735 A=be3254e5 B=93e0eae6 C=c6b28762 D=594a726e E=720d53d2 F=c1133475 H=cf937575
[PASS] TC=736 A=33488371 B=9d46cddf C=719f1e48 D=0c01023b E=04e63124 F=9165bbae H=d96dbfff
[PASS] TC=737 A=eff071e4 B=80cfeaa4 C=ea20167e D=1001a852 E=6b64a3e2 F=93383216 H=df7d3776
[PASS] TC=738 A=2b44ec83 B=a4849d52 C=40556597 D=d1c7739d E=e9096f0d F=417c5aa8 H=d9fc7fec
[PASS] TC=739 A=8d564d7d B=5ce3923c C=7ea1ee49 D=4deb6e91 E=602dceba F=59364a4d H=dd36dbdd
[PASS] TC=740 A=e5396937 B=f29f509d C=0d1985d8 D=82b3385e E=725b2737 F=d5b0b2b0 H=f7f5f2bb
[PASS] TC=741 A=8ccfa777 B=264d75d8 C=168467c9 D=d080a3da E=b5462d63 F=361733e7 H=77dffbff
[PASS] TC=742 A=1bac8402 B=a2797bd9 C=52bcfbaf D=c62637f5 E=64e6b8c6 F=88927200 H=f9de73b9
[PASS] TC=743 A=3e9e0b45 B=aa5eb0f9 C=327d800e D=63a9bf4c E=278589f6 F=35243e09 H=756dff0b
[PASS] TC=744 A=f1bf05a4 B=e1e4a705 C=330717fb D=daec4eb4 E=9bfd7d65 F=ca8deeb9 H=cacdeebb
[PASS] TC=745 A=791490b4 B=26afddfb C=497aaf41 D=4ffb8818 E=ba87fa59 F=3911ed04 H=fd3dff8f
[PASS] TC=746 A=7a679cba B=ac50a1ec C=26b0e174 D=dff5186f E=e718c1d9 F=bf741a1f H=bff77e9f
[PASS] TC=747 A=d9d49a60 B=68d375d1 C=17c63361 D=648b90da E=c4158b3a F=6ed50d8f H=7ed54d8f
[PASS] TC=748 A=3a7bbed0 B=95a7f502 C=b929ceb8 D=e2063390 E=6b728e56 F=d57c9222 H=fffdb2e6
[PASS] TC=749 A=6fcab572 B=aa9156e2 C=774b6a05 D=71025120 E=0465d9d5 F=c6f11c2b H=deff5daf
[PASS] TC=750 A=0d362b7c B=ad06d14b C=b6b61bdb D=dedaf132 E=daac7481 F=e63493d5 H=f77df7df
[PASS] TC=751 A=4339c83b B=c766aeab C=56919ce2 D=40cdc65c E=5254eb5e F=1d3ec9a0 H=dfbeebb6
[PASS] TC=752 A=55638e40 B=1ac059c9 C=6816e1b1 D=75f4754c E=0d2e22fa F=4698c3e4 H=e6b8dbfc
[PASS] TC=753 A=3ed62572 B=b5161982 C=99f49b4b D=ad57dd2d E=638674bd F=8bd9ba17 H=bff9ba57
[PASS] TC=754 A=11a0cca6 B=807363f4 C=b8059db2 D=2d940d68 E=2bf24854 F=67319408 H=7fbbfed8
[PASS] TC=755 A=2a06dd26 B=09553734 C=00204fed D=fb183ef6 E=755fb02f F=58780f53 H=5b7cafd3
[PASS] TC=756 A=4b7a05d0 B=ec81af00 C=7a8d785a D=69178c2d E=4500e98b F=f022fd05 H=f6bfff7d
[PASS] TC=757 A=873d1db6 B=0a6eb32f C=660b719f D=47389011 E=4ec5508d F=c7454ee6 H=e7cfceee
[PASS] TC=758 A=a07ac25d B=8ddc15d9 C=728ce655 D=252dbe06 E=ec2511ae F=6d0666b2 H=fdaeeeff
[PASS] TC=759 A=8a08d61e B=f2e0cf08 C=bfa9e302 D=cc0e46e6 E=00b8d67c F=fa1566c3 H=fff5fed3
[PASS] TC=760 A=481b414d B=f6d496e1 C=91dabe19 D=e5c73254 E=807773a3 F=482ef303 H=fcbef373
[PASS] TC=761 A=59f86d5b B=b10a461d C=7f091e10 D=acd00911 E=f42e9fb0 F=d819b3d7 H=fabdbbff
[PASS] TC=762 A=82b2a427 B=fabd836a C=7aa3f4d3 D=ea2ec2bf E=3620e102 F=59a0c7fb H=ddb9fffb
[PASS] TC=763 A=9f1c3f67 B=fa4f1f93 C=b30a427d D=12960d03 E=afd8c3a0 F=53202ee1 H=ff2aeef5
[PASS] TC=764 A=e1b1fff0 B=37f2d5df C=9fa0100c D=89b72252 E=b4338474 F=a5bd2ed7 H=fdfd6fd7
[PASS] TC=765 A=79478feb B=f196af68 C=70ed4b36 D=77631009 E=8a9d71b2 F=2f9c3da7 H=2f9f3def
[PASS] TC=766 A=b4304233 B=4aaa6408 C=05d39dcb D=92eae784 E=9dbbcadc F=bd643d5c H=fdecfdfe
[PASS] TC=767 A=dae8471b B=5fae8f1c C=cb8f056b D=bdf344d7 E=9556af89 F=f43f0644 H=f67fefec
[PASS] TC=768 A=fabf6ba2 B=164d855c C=dd5445ea D=c3039184 E=881d0dae F=f58d8df0 H=f5cd9dfe
[PASS] TC=769 A=ab798877 B=75754934 C=535332d9 D=86902e3c E=79f4e63f F=bd584583 H=fddd45fb
[PASS] TC=770 A=ebaa7b4b B=8a5a8101 C=2ad47e99 D=87452593 E=ea3b9d92 F=aaefc790 H=bfefc7f4
[PASS] TC=771 A=e37c6df2 B=59146b99 C=7ba04ea1 D=f98a2719 E=d7186eff F=704e2a6c H=7aeeaa7e
[PASS] TC=772 A=a1d8f6de B=58a81bcc C=dd1d1600 D=614fc8c8 E=914bebaa F=49c9bc1f H=6dcdfcbf
[PASS] TC=773 A=6a43d10e B=e1b2547f C=6ea08ca1 D=1c0f521d E=fa937523 F=bdb67634 H=bdb67f34
[PASS] TC=774 A=c3c5b740 B=9d4d9add C=263f0d9b D=c549c817 E=047a1df1 F=e3e3e197 H=ffe3f9bf
[PASS] TC=775 A=33f14533 B=aa5fc53c C=30ddf428 D=815b9b20 E=c536630d F=ef9f33d7 H=efbf33ff
[PASS] TC=776 A=efae0bae B=85f4ea42 C=80d243aa D=60764497 E=faebfdc3 F=df74212a H=df777f6a
[PASS] TC=777 A=0b5fa4be B=e9420fd9 C=c2afcd25 D=f170f6a1 E=12589bd0 F=bbdd4335 H=bbdddb7d
[PASS] TC=778 A=8ff83d39 B=de56552f C=a046cdf5 D=89068ff5 E=d9a40efa F=7a375a76 H=fffffafe
[PASS] TC=779 A=52a4daad B=9f0d4d8f C=d8707e81 D=6ebae3cf E=233f57fc F=f3a8e5ef H=f3f8edff
[PASS] TC=780 A=2521e519 B=dc90377a C=80e9986d D=7aaf10e1 E=d5a65905 F=661075ed H=669e7dfd
[PASS] TC=781 A=26fbef16 B=05e2009f C=fe108019 D=5b1550b5 E=5ac6fa22 F=9e443336 H=9f74777f
[PASS] TC=782 A=78a30cfe B=17069be3 C=64fa0aae D=81d28a1c E=efc75e62 F=c19670b0 H=c5bffbb1
[PASS] TC=783 A=f6cf3c45 B=8192cc76 C=954be7a2 D=4263bc46 E=d6b94845 F=bce5d4c9 H=fdf5d7df
[PASS] TC=784 A=c85e17fa B=257e2324 C=121cc3c3 D=565a8abf E=d0c16d60 F=26a235bc H=fee337fe
[PASS] TC=785 A=780fa874 B=bfd867d6 C=06d6816e D=d887fda6 E=bdb35a19 F=ca1c52fe H=ea9e52ff
[PASS] TC=786 A=41bb0c7f B=0f441874 C=54c4cc29 D=ed3e1d22 E=e42312bc F=4046f63f H=64deffbf
[PASS] TC=787 A=d67f96a0 B=80ffa741 C=0401a7a1 D=dcfd7c10 E=50169cd5 F=e3e656ec H=f7e6fefd
[PASS] TC=788 A=1e43bc6d B=5492dbf6 C=16861eae D=2ef55842 E=2b2d3e39 F=70b67ff1 H=7cfefffb
[PASS] TC=789 A=0a635df4 B=9d13ee86 C=70b1dd59 D=e4c64730 E=73fa65c5 F=ee7177fb H=eef57fff
[PASS] TC=790 A=0d66cb6e B=f40b5d7c C=6843d7f1 D=b4698686 E=945f08fb F=627daae5 H=6bfdffe7
[PASS] TC=791 A=27aa9172 B=032752d7 C=cfab73de D=d2c9da0e E=d1d26fdc F=c8954283 H=def752cf
[PASS] TC=792 A=4d36ad5b B=89b4c130 C=13207825 D=392b2086 E=43942d36 F=7e03abd7 H=ff8fbbd7
[PASS] TC=793 A=0527326c B=325e9986 C=3b6794db D=446c6311 E=264d4793 F=b5e9f5f8 H=b5fbfdf9
[PASS] TC=794 A=bb7188b2 B=d0078d44 C=f88e989c D=cfc745c4 E=45f7597b F=06f45917 H=07fdd9df
[PASS] TC=795 A=d1a1401f B=799d1535 C=6d55f7a0 D=c10c727d E=2a0cf36a F=0c036574 H=4f8b6f7f
[PASS] TC=796 A=8845506f B=c885ae92 C=98037e6e D=a48b5374 E=07207492 F=e0b8ffaf H=e5bcffaf
[PASS] TC=797 A=0d2eb080 B=45735325 C=09fb4c68 D=ac3cdb9c E=8c8725d9 F=f0d1f9dd H=f4dbfdfd
[PASS] TC=798 A=1d7ab1de B=6c5a4786 C=a548785d D=acfa2d8e E=c8cd7580 F=dc2060d0 H=ff39e6df
[PASS] TC=799 A=f3ee80ab B=b444fb0f C=f53d94fd D=fabe026b E=457d4031 F=55904f78 H=77d1dffb
[PASS] TC=800 A=8c9901cc B=2b151921 C=27a61be6 D=12fe4520 E=cdc47f58 F=8ca6730d H=ffe7f79f
[PASS] TC=801 A=f7b539a1 B=a09bc082 C=af217cbb D=2152a30f E=fd67d597 F=9e1ef2a4 H=febff2be
[PASS] TC=802 A=6a9498dc B=f510b011 C=d90e4aa0 D=ff8965a7 E=4c6d2a9e F=7ec87413 H=7ecdff9f
[PASS] TC=803 A=468591c6 B=b9331449 C=111e45d9 D=875608d4 E=7f7a27f1 F=c9562e9b H=d956bfdb
[PASS] TC=804 A=a4adeaa9 B=d1aba214 C=c0406fc9 D=94b82ad4 E=08a689c8 F=dae5e1b4 H=dbffedbe
[PASS] TC=805 A=d469da6e B=475b20d6 C=050dc624 D=94e94b92 E=57ea4e1c F=5fdb6909 H=5fdb7ddf
[PASS] TC=806 A=93f5e732 B=71dd1370 C=0f233b33 D=420bb3d0 E=25dc13b6 F=55e4e61c H=75e5f65f
[PASS] TC=807 A=8380ea9d B=10f08c26 C=7465ebd5 D=6dda48ce E=c644b535 F=69a4cb51 H=ffecff71
[PASS] TC=808 A=7b59fe8d B=16e3d344 C=4ca976be D=3c4de09f E=5df0ae2a F=f40f6d14 H=f4bffdf6
[PASS] TC=809 A=e95d361a B=20e40f3a C=49d176c9 D=f556cd51 E=61660647 F=5977d5cb H=7fffffcf
[PASS] TC=810 A=f21cc751 B=1e9ab860 C=7c86883e D=83b1f7e0 E=86cc9a94 F=cb24d375 H=cfe7d77f
[PASS] TC=811 A=11530771 B=b4146f43 C=b59ba823 D=dc579ef8 E=de3efd3c F=ae32280f H=ef37aaff
[PASS] TC=812 A=7405a389 B=f560d56b C=a9d04ed7 D=ab369bec E=1628c9d0 F=544d92ae H=f5df92ff
[PASS] TC=813 A=520fd7fe B=8a8ed8db C=729355b2 D=ac5083e6 E=5d236065 F=f32912be H=f73f37be
[PASS] TC=814 A=0888cf81 B=b1b7e6c6 C=ccbd5fe9 D=0ed540c2 E=03720435 F=162dad42 H=96bdffff
[PASS] TC=815 A=530cc163 B=492f6934 C=8b349d7c D=fbe3dd43 E=757a8671 F=b61ee80d H=f71eeedf
[PASS] TC=816 A=dc24626e B=6bf33947 C=c2d35f1d D=4c06cb5c E=2e9efdbd F=b222fb5b H=ba6ffbdb
[PASS] TC=817 A=5da6c0f8 B=3c1d6119 C=c52d524a D=0e5b183a E=13ad578a F=816e9ee1 H=bdff9ef7
[PASS] TC=818 A=f5067d51 B=7c246a81 C=03c33242 D=528edfe7 E=94b1be82 F=192e5784 H=99af57f5
[PASS] TC=819 A=1d9f6534 B=22e04c3d C=62f1d503 D=4798c098 E=95fb83b5 F=21b15b28 H=6ffddb3f
[PASS] TC=820 A=d5ff300c B=7362e9ac C=8797f4d1 D=888e7c9d E=722204b2 F=e71e75e5 H=e75e7de7
[PASS] TC=821 A=36f539ad B=55cccba6 C=f82f6efb D=232a15ce E=d42f460b F=620b3721 H=f3af3f75
[PASS] TC=822 A=1b0ea9a3 B=f7b9b109 C=2d58196a D=0c310357 E=49767f94 F=ed03d10d H=ef9bf7ad
[PASS] TC=823 A=74657591 B=4dabe687 C=7a4434c9 D=5c6db139 E=6e76b239 F=7cdf66a5 H=fddf6fbf
[PASS] TC=824 A=2134a009 B=7c73f564 C=e614de7e D=2c850122 E=8821243e F=b22bb579 H=b73ffffb
[PASS] TC=825 A=3da8be5d B=b8d0871e C=3df1a5d4 D=582cb256 E=1b65a5d7 F=98dd95a9 H=d8fdb7eb
[PASS] TC=826 A=daa0f54a B=46e24917 C=a784c3c1 D=afbcc8b8 E=63cb2c30 F=be1c49df H=befddfff
[PASS] TC=827 A=0aaeeaa1 B=4b0292d0 C=0edffd2d D=48494c87 E=bb8a011a F=d3a6f97b H=f3eefdff
[PASS] TC=828 A=a6ee2bd2 B=abd1c253 C=d1a944af D=57fdac49 E=39f99edf F=f560e17d H=fdfaffff
[PASS] TC=829 A=62a1a51d B=aa36c66c C=d14d6852 D=104bdbfb E=52f45b4d F=6ecb61d3 H=7ffbedd3
[PASS] TC=830 A=587bb715 B=ae5b1405 C=b82f8201 D=0d815f1d E=add3b952 F=21707f7c H=25f37ffc
[PASS] TC=831 A=fe01796d B=2bc537fb C=184d2126 D=19787aee E=c643c3ae F=415a9790 H=d57ff7b2
[PASS] TC=832 A=2c0151a5 B=738b7ef5 C=acf3e257 D=e0c8056e E=996c8f23 F=1973519b H=1bff79ff
[PASS] TC=833 A=112426f4 B=b0b8bef7 C=e047d228 D=3e73de48 E=4b966a39 F=164363e3 H=56c3ffe3
[PASS] TC=834 A=8b5f2fbc B=ded151a2 C=f36a202b D=e9321f6b E=71d05cbd F=9e601ec3 H=def87ee7
[PASS] TC=835 A=3f147f29 B=2431d880 C=0e4c3da5 D=2a1b1f71 E=6499dad3 F=de6844e0 H=feefefec
[PASS] TC=836 A=acfc1cdc B=2329f892 C=8715396c D=5c751274 E=69283b46 F=64165c93 H=e6367dfb
[PASS] TC=837 A=5b714d48 B=7bfecd41 C=aa051a5f D=ec05e91a E=99881036 F=c19aa7d4 H=d3faeffc
[PASS] TC=838 A=4ddbebb6 B=c745b275 C=c689a5ae D=f7557385 E=c28a1a7e F=6c17499f H=6e775ddf
[PASS] TC=839 A=53ebc88c B=5c13bd13 C=03d2c029 D=19a65f43 E=0d7195a5 F=2c85b776 H=bd87b7f6
[PASS] TC=840 A=b004188a B=a090498c C=28c0622b D=f160769c E=4de1b8a6 F=2911146a H=3b53fe7f
[PASS] TC=841 A=5e542066 B=87f020de C=3ae5f407 D=6a7d8ed0 E=bc94c690 F=4be3c066 H=cfe3f56f
[PASS] TC=842 A=86b9658a B=1faa942a C=fb2f4c2f D=4ba0ab33 E=64b9ec31 F=f4bf8d79 H=f5ff8fff
[PASS] TC=843 A=4e5ce61f B=04159c3d C=9ec52d26 D=b0a7fd19 E=4d8d3897 F=1df78872 H=fdf79a76
[PASS] TC=844 A=2c9f8874 B=1742e933 C=4f046325 D=a999d5bd E=c8afc943 F=69e7c3de H=7beffbfe
[PASS] TC=845 A=1572b588 B=6f117a2b C=a1b963d0 D=07a5f015 E=49f00bba F=8c52e8b5 H=dffafffd
[PASS] TC=846 A=38e13cf9 B=e5cf866e C=759103c6 D=0ee0a230 E=8c3b2622 F=8b63db3f H=8f67ffff
[PASS] TC=847 A=894734fc B=b0fd51f7 C=fe401ae4 D=15d513b2 E=d06c84e7 F=8dde7225 H=ddff7f7f
[PASS] TC=848 A=e8b79583 B=623a32a7 C=a13dee8c D=1b5dda1e E=2b86012c F=608ca117 H=ebeceb7f
[PASS] TC=849 A=04f26f6c B=4347912d C=958eceaa D=6c6d1ed6 E=03a61d6a F=70cd01e6 H=fdffb5ef
[PASS] TC=850 A=384e86a2 B=159908bb C=0b89a377 D=7ae0f441 E=38fadd1b F=26e8da37 H=eefefb7f
[PASS] TC=851 A=cba74245 B=b456f72d C=437114e2 D=98444864 E=844fdb8b F=d99119dd H=dfdb3bfd
[PASS] TC=852 A=aa3545fe B=38b3addc C=6368a980 D=afc29bb7 E=3023c55b F=a4723bac H=bd7f7bbe
[PASS] TC=853 A=68d21f52 B=2feda1cc C=fc6d56d6 D=7c04c815 E=991b305a F=bf42dc8d H=ff4eff8f
[PASS] TC=854 A=453c5787 B=24f1c98b C=3312fe82 D=e369dd48 E=44811c1c F=8b24a7e9 H=bba7a7e9
[PASS] TC=855 A=c59d3ae6 B=43a0f5c0 C=0042e812 D=316c6914 E=0765615a F=0ae103d2 H=3be913d2
[PASS] TC=856 A=b83086e5 B=cbe7514b C=b73f8b2a D=2dd8fc7b E=e2b152c9 F=c60715c3 H=f7df5ddb
[PASS] TC=857 A=514ca970 B=f30b95cd C=c58c7e2f D=3db68b29 E=b9168157 F=80e9b958 H=fbfbbdfe
[PASS] TC=858 A=6969b256 B=226c70ce C=13b02d4d D=74a1cbe0 E=b4324088 F=1d2b6b71 H=3fff7b79
[PASS] TC=859 A=cbb24b04 B=67edae63 C=9dcd2df4 D=c427ef19 E=d764b732 F=84e69cf0 H=bde69df0
[PASS] TC=860 A=3562c29d B=281aee78 C=43f4a903 D=a7d0ad5d E=5b59ca3c F=1e2c6f09 H=bf6d6f09
[PASS] TC=861 A=f78a92cd B=3ae9abbc C=d3555815 D=172e9f08 E=a3197f1b F=4d6b40e6 H=6fefcaff
[PASS] TC=862 A=ad0f1192 B=30008473 C=c8c5b4e6 D=2163fe27 E=7783497d F=ec9fbb77 H=edbffb7f
[PASS] TC=863 A=f281946f B=68d54dda C=5eab8701 D=bce45635 E=19cef7cd F=01f2ed23 H=edf7efb3
[PASS] TC=864 A=4fe21920 B=8c2bf2fb C=983bd997 D=33e2454a E=eb2963e2 F=c9bdb3ee H=ddbfbffe
[PASS] TC=865 A=18c8eb20 B=b215904c C=349e9eb4 D=4bc3271f E=3323b498 F=74f991cf H=f5fb99ef
[PASS] TC=866 A=3b9931dd B=e8045567 C=29abe9f6 D=428b798d E=0316ceb6 F=6c899b51 H=6cabbb51
[PASS] TC=867 A=a84da06b B=e09b9377 C=044daa58 D=47651d15 E=9579f97b F=ad61ca17 H=bdf9cbb7
[PASS] TC=868 A=982ff925 B=f136cb53 C=adbd662f D=5d22e957 E=980d4526 F=3ebec1b8 H=fffffffa
[PASS] TC=869 A=2f1d8149 B=3b453233 C=5000a7ce D=cd85f84d E=4839ae20 F=8bc44c86 H=afecfce7
[PASS] TC=870 A=5879d32a B=699cedf2 C=cca516fd D=b80964d4 E=1022a93f F=3027bde0 H=36b7bfee
[PASS] TC=871 A=0f6e8d49 B=a737a77b C=d270e5f5 D=6933018d E=673fa479 F=33c0b73f H=7be4f7bf
[PASS] TC=872 A=4c470145 B=af8c9481 C=af663b51 D=e10707df E=0e7b4aa3 F=f5d1db20 H=ffd3df25
[PASS] TC=873 A=61a1adda B=3ff471c3 C=5719701c D=2fa36687 E=fd65d6da F=0e03cfd5 H=dfa7dff5
[PASS] TC=874 A=bcd07736 B=d162240f C=1baf0523 D=db4e67f7 E=06688ada F=fc78b5ce H=fc7fbdcf
[PASS] TC=875 A=c62bdd7f B=bdadd4a6 C=2823b37e D=afc689c4 E=6158efbb F=fb87b871 H=fbe7fcfd
[PASS] TC=876 A=5fd72b2b B=1ef95d3c C=02052cfc D=2d12bed5 E=a432fe74 F=e2e4bfe2 H=ebf4bfe2
[PASS] TC=877 A=0397be32 B=27d90a00 C=490d2451 D=bfce0f38 E=01d07d7c F=e3df29f3 H=ebff6fff
[PASS] TC=878 A=30fa93a5 B=b3b79253 C=8360af3f D=4ac4e337 E=da6a69bd F=4074dc6f H=487fdc6f
[PASS] TC=879 A=96b96d86 B=9b453aec C=6bfa7e29 D=face6f92 E=3c5c22a7 F=79928569 H=7bdba76b
[PASS] TC=880 A=46f83960 B=94a148c8 C=b6dc7880 D=72bce7d7 E=0c262673 F=7a2a8f86 H=feaaff8e
[PASS] TC=881 A=d5b2c4ee B=72beb01c C=2eacb332 D=8c8cc565 E=20b827d1 F=00518cb2 H=dadbcdba
[PASS] TC=882 A=a5fafb1f B=fc44e256 C=1dc675d6 D=67bf64be E=af37fc61 F=ad876613 H=fd877f97
[PASS] TC=883 A=74e12043 B=4dea8107 C=46b6c814 D=108e1c69 E=8d03834c F=cc85bbaf H=cc8dfbef
[PASS] TC=884 A=367e5911 B=81145736 C=80e28166 D=e3e826dd E=7c85e02d F=09339a4c H=5f37bf4f
[PASS] TC=885 A=560370f3 B=ff0a053a C=6d54ac91 D=6b4ee235 E=ccd4b938 F=633d138b H=ff7d17db
[PASS] TC=886 A=814d73cb B=2ff40e50 C=f717fc79 D=c9ff2d95 E=558b4b13 F=84cbd66d H=8cdbd7ef
[PASS] TC=887 A=cc7968b3 B=fd4a48ff C=48e0067e D=e34b9ee4 E=7771e255 F=a41ee4c5 H=fe7ee4ff
[PASS] TC=888 A=8ee70f6c B=c6fa5bbb C=c8a52a37 D=6f4649f2 E=9e029f3a F=58429519 H=dbfebd7b
[PASS] TC=889 A=9bb42241 B=c2aef13f C=6d544779 D=c7ac39ce E=b02dc4f7 F=82cdf90d H=dbedff4d
[PASS] TC=890 A=cb756618 B=97f142e6 C=486d3c10 D=27abd754 E=4b7ceea5 F=33101421 H=73fb57b5
[PASS] TC=891 A=18dda256 B=5e13b6df C=4191b655 D=4bf9dd45 E=d8960ea7 F=ce8445eb H=dee4c5eb
[PASS] TC=892 A=56219630 B=7fb9064e C=5b270286 D=ff5b269c E=689e974d F=6982b10b H=6dbeb34b
[PASS] TC=893 A=d35d912d B=88601ed9 C=7fd3bb70 D=32fb98b0 E=5dc6910e F=4f8f9f57 H=cfafffff
[PASS] TC=894 A=47649b88 B=7c9c1ffa C=aa304b20 D=65e50051 E=e151e59e F=069f3c78 H=2e9f3d7d
[PASS] TC=895 A=e82405fa B=631550c2 C=9d47cc97 D=01ce70a4 E=5dc58a2e F=8f7edd98 H=8fffddd9
[PASS] TC=896 A=459ec279 B=7648a364 C=5387c5d7 D=42bc9aeb E=6160bf58 F=bae60b90 H=fef6fb97
[PASS] TC=897 A=0a7920cb B=0be1ebca C=066a1280 D=2842ee8e E=187a8b57 F=3f51b5c2 H=3f5df7c6
[PASS] TC=898 A=57ef411f B=2666b5b4 C=cb4db5e4 D=934c10eb E=785d0994 F=b44fcbe5 H=f6dffbed
[PASS] TC=899 A=cf6bf70b B=66d030cb C=b66421b6 D=3c5bc0dd E=4282483c F=aca748ec H=aeff49fd
[PASS] TC=900 A=5abcd4e9 B=377a7337 C=604176cb D=28f9b830 E=b7ea4f5f F=6de48337 H=6ff6b77f
[PASS] TC=901 A=05440130 B=94227da1 C=0ac44872 D=4986da2f E=3f7db057 F=0afbf5e1 H=aefffdf5
[PASS] TC=902 A=d20d4756 B=b6be148f C=8f936365 D=5d7bea4f E=384f94f6 F=5d869890 H=5dd7d89f
[PASS] TC=903 A=0bc1867f B=50c0c3ac C=d5dfbea4 D=46e3db23 E=bfd4db06 F=58c4ca98 H=fcecfafe
[PASS] TC=904 A=2378a24b B=a4c762f5 C=52a2afc2 D=58d724af E=f7190f95 F=393f86ac H=7b3f86bc
[PASS] TC=905 A=72fb96ba B=70fbab4a C=2bb0ce82 D=43da3772 E=5501949a F=fb1e2ae0 H=ff7ebbfa
[PASS] TC=906 A=533e4201 B=06031312 C=1d075ec8 D=ddaa407f E=01138271 F=a37553b5 H=abff73b7
[PASS] TC=907 A=3234fc4c B=7864294d C=0be1b1a3 D=aff97edc E=485e20f4 F=2a26740e H=fb27fcee
[PASS] TC=908 A=ef766e00 B=ab804478 C=029aa69e D=6f5855d8 E=e8a0755c F=68ea05a7 H=6aea97f7
[PASS] TC=909 A=d4244694 B=4627d537 C=c906e99c D=28ecfb3a E=e5e8a150 F=2487f1c9 H=e5d7fdcd
[PASS] TC=910 A=52f4d480 B=70a69b52 C=f5749acc D=0f60e4eb E=08cdbae1 F=29630b67 H=ade33bf7
[PASS] TC=911 A=617f98bb B=61404a1f C=0e17ca2a D=4fc7e23b E=10bf95ee F=b772d9c5 H=bf72f9d5
[PASS] TC=912 A=7f8ae05e B=d4ff6572 C=81aff986 D=573bd4a3 E=ce06c7e1 F=6ff5c37a H=ffffe77e
[PASS] TC=913 A=62ae7f55 B=a8656b7b C=3a36d1c8 D=76e29bb6 E=6a84d822 F=e5d5789b H=edf77f9f
[PASS] TC=914 A=a24d359c B=5ad7b30c C=cb8a1249 D=8cd14b14 E=f2a861d0 F=b0867457 H=f1d77457
[PASS] TC=915 A=5b5607c2 B=48fa295c C=cfa3b8ef D=ecd63251 E=3844953c F=9dcc727b H=ffed737b
[PASS] TC=916 A=670414af B=0e31d188 C=ecd1f406 D=4a248f1e E=29a3a4fb F=422af52d H=fe7ff52d
[PASS] TC=917 A=b744cefb B=4042a9ec C=30cbf0c8 D=1e438c21 E=f88a673d F=b57dc82e H=bdfffe7f
[PASS] TC=918 A=202ca254 B=fa7f5871 C=3790984c D=caec9e94 E=acfbd91d F=701d99cc H=fbddbdec
[PASS] TC=919 A=cd23ba41 B=28ebf6c6 C=5f3c6b15 D=ebf41680 E=3a112c36 F=c06d6adc H=c4effefe
[PASS] TC=920 A=1cfedeb0 B=f6fe1589 C=45eeac7b D=ddb7661a E=4ecfd836 F=be8b865f H=bf8fee7f
[PASS] TC=921 A=70828977 B=24f41d7d C=62949511 D=b74a2fb8 E=4f52e035 F=267eae8e H=fffebf8e
[PASS] TC=922 A=4b4a1272 B=c50e855b C=3ea8857b D=f0385ba7 E=642ce736 F=7130aa1a H=7b3cffbb
[PASS] TC=923 A=93b14ee7 B=1034e281 C=271dcec0 D=68e097a0 E=58378dd4 F=b51dbacc H=ffbdbbfc
[PASS] TC=924 A=22e56c67 B=ea847237 C=4c9c1102 D=20c597e7 E=2375e5d4 F=1d42621d H=5f4af27f
[PASS] TC=925 A=6b4f0d7a B=bdc4cf7b C=f4b02ef4 D=79958862 E=7ddb89ca F=6ae3a4f9 H=eef7fdf9
[PASS] TC=926 A=588ad3c3 B=3c99b0c1 C=6198f1b6 D=6b8d847d E=5e1e5611 F=f6b5aaba H=ffb7bebe
[PASS] TC=927 A=6714177a B=42a18a89 C=fd4e5fe4 D=eca6689e E=6d5eaa6b F=3819620f H=fe5bff0f
[PASS] TC=928 A=d95fb1af B=ea71573b C=3b795554 D=fc349403 E=291738cd F=44c48aaf H=dee79bff
[PASS] TC=929 A=2a83b052 B=0f2d88a1 C=066305e2 D=335c6d77 E=1d5c75fd F=f8001aab H=fdebdfaf
[PASS] TC=930 A=d5e1e4a7 B=83494340 C=8f12bb62 D=a54f6871 E=6d118fc0 F=bfaca88a H=ffecfbfa
[PASS] TC=931 A=e514bbe0 B=3c8d0e2b C=f4ad8152 D=98db1f31 E=31a4a808 F=a7d23807 H=ffffbc67
[PASS] TC=932 A=adeadb2e B=a57fcb46 C=512c9d7f D=e5f1270d E=8226693a F=6a4d1138 H=ff7ffbfc
[PASS] TC=933 A=249d0f9c B=79aa91ae C=9f5c3956 D=3a398470 E=f53776c6 F=929ce9e4 H=92fee9ee
[PASS] TC=934 A=f8182b77 B=091529bc C=d37fb0e8 D=61c48169 E=8c160743 F=4cafdd42 H=6dffdd6f
[PASS] TC=935 A=a4c232a1 B=045026e9 C=9bdb6e9d D=3821c078 E=7e3ab1cb F=52271d96 H=feb75f96
[PASS] TC=936 A=eb228c60 B=a207e059 C=032634a3 D=ca3dfb3f E=601ad353 F=24fb3399 H=fefbb799
[PASS] TC=937 A=843b86bf B=b5021051 C=8e0201b1 D=ed9432c5 E=3452f1e4 F=59aed02e H=fffef82e
[PASS] TC=938 A=608191cf B=90a6debb C=439be2cd D=fc522ebd E=6f2d9e59 F=0f167254 H=5f7effd5
[PASS] TC=939 A=d2fcd953 B=6d933316 C=aca6928e D=66af30e1 E=194e1bb1 F=4133a750 H=737bb775
[PASS] TC=940 A=1d622ec7 B=da1551b5 C=20ab33c3 D=21e3812c E=c593b289 F=5fe8092e H=7fed8bae
[PASS] TC=941 A=95575c3a B=37eb0484 C=fa934701 D=76d8cd8f E=2054e46b F=00a5ccfb H=90bdcdff
[PASS] TC=942 A=76fa6754 B=fddc9048 C=83053f0f D=3798a067 E=6dd611ae F=f21c8e81 H=f27e8f9f
[PASS] TC=943 A=457113ff B=0fae0b04 C=c6896f96 D=14325be0 E=cbd04c1d F=6064c663 H=63eecf7f
[PASS] TC=944 A=931ed73d B=93f2b373 C=bba89497 D=806e32a2 E=fbeb7e4a F=c2ea7ef0 H=e6eafffb
[PASS] TC=945 A=bd5afa83 B=1f572b30 C=0c311174 D=b9b251a2 E=2573c960 F=5ca7ebfc H=7ffffffd
[PASS] TC=946 A=38f670d9 B=47dc04c6 C=bcf7a841 D=cb295015 E=7f7e5f1b F=03883b26 H=77ecfffe
[PASS] TC=947 A=f3b283f6 B=6dc9ef9d C=024130b3 D=6e8dbf9b E=2b368de4 F=eacb3767 H=ebfbbfff
[PASS] TC=948 A=9f58a47d B=890ac4cc C=6ddde5b1 D=b0c8a6d3 E=568af8a5 F=ab991381 H=efffff85
[PASS] TC=949 A=a0e676c2 B=63972064 C=d5dd671f D=5b8ac98f E=eb16c953 F=b92ced57 H=bfbdef77
[PASS] TC=950 A=fa0727b9 B=acf2253d C=b59e97bd D=5ca554f6 E=3c3be5af F=19c2aa18 H=dbf6ea9e
[PASS] TC=951 A=cb60ca8b B=50ec21ea C=c330fc85 D=356c6416 E=73489903 F=847a4925 H=f6fafbed
[PASS] TC=952 A=0022e004 B=12b5eb38 C=a958cbe1 D=d88fa35f E=f39b8581 F=c89ca939 H=f9beaff9
[PASS] TC=953 A=1d3f2541 B=fe2f597a C=0af017f2 D=0392d650 E=e27d547e F=f83ba5ad H=fb7fedff
[PASS] TC=954 A=51042da7 B=09c3c44c C=c6aa8e3d D=0d71c6cc E=6e412026 F=b2051799 H=bfc737df
[PASS] TC=955 A=ec088a94 B=baf8dfa3 C=10168395 D=88dc2d55 E=a8d6870b F=86cfb3c7 H=96ffbbcf
[PASS] TC=956 A=9efd8a61 B=8a17817a C=dee08252 D=27272fe4 E=aff930ea F=f43076a3 H=f4f976ff
[PASS] TC=957 A=bf2701a1 B=3d702d69 C=21c8ef75 D=45020dd0 E=7a09fffb F=ed738a1f H=ed7b9bbf
[PASS] TC=958 A=8390764f B=b7742c66 C=fd5a3e43 D=e02d9c58 E=c8a56a45 F=1dd2a785 H=1fdeb7df
[PASS] TC=959 A=ec9744fa B=d7699c91 C=75e4cb99 D=1334350c E=cd3a50a4 F=6275ef02 H=7ff7ef86
[PASS] TC=960 A=4019a777 B=fcd2ba23 C=a772ea45 D=44422b02 E=6094fbb7 F=57695def H=7fe97def
[PASS] TC=961 A=39fa3796 B=fa47029f C=a1db1819 D=aa248e73 E=5d13818d F=2b04d2f8 H=3f25daf8
[PASS] TC=962 A=4d263e38 B=08041a61 C=8edd6a79 D=0963cef6 E=11f00636 F=8919b963 H=db7dbfef
[PASS] TC=963 A=f07bcd5c B=e4655110 C=c9133bce D=aeff030d E=7365a946 F=05ad1540 H=bfadbff1
[PASS] TC=964 A=c15fafd1 B=a3b31e73 C=315fceb7 D=f16b7e85 E=0cf0f96f F=98e69bcd H=daeefbcf
[PASS] TC=965 A=63e8a24a B=6ac375d8 C=a880f3dd D=2f3b98fb E=c13913a1 F=ea0b8a4c H=fedfff6f
[PASS] TC=966 A=4f6f990a B=8d59c2d4 C=42509306 D=d81503b0 E=42d87bc8 F=22237437 H=a63775bf
[PASS] TC=967 A=4a80138e B=f2bc5770 C=0cfd8ba3 D=f33d70e5 E=2ded5e00 F=e6bdd66d H=efbffe6d
[PASS] TC=968 A=51dd15f9 B=6f681316 C=299a5974 D=9d627909 E=f27e2abc F=3bde34cf H=bffff4cf
[PASS] TC=969 A=bdc213f3 B=387f009a C=8fbb5aa2 D=74d1da3b E=6e30678e F=31ab7b2d H=b3ff7faf
[PASS] TC=970 A=f33124e8 B=ec12211e C=82e9d2cf D=f78bd4c6 E=e8c866f3 F=e7dd1262 H=efdf7762
[PASS] TC=971 A=c067853f B=8b6cb2e6 C=affbc74a D=e7b56dbe E=db3d2034 F=6e586af8 H=6f7d7afd
[PASS] TC=972 A=7ad6e32a B=4534e906 C=4ab876df D=64333de9 E=9bc85045 F=5f071eb1 H=df2f3eb1
[PASS] TC=973 A=23145692 B=f3770bdd C=bd85db54 D=1e3f7ded E=6094a9ab F=30d3108f H=79db968f
[PASS] TC=974 A=70f51888 B=7e4d4c32 C=38bceca6 D=b72bb392 E=cfd0fc5f F=9c981a88 H=dd9bfe9b
[PASS] TC=975 A=733e00cb B=58710f06 C=5110b778 D=2db77424 E=0e0a212f F=8001cb8f H=a2ffdbbf
[PASS] TC=976 A=fc839e41 B=497c5d17 C=47ec7a4f D=6da7b8e2 E=92d7ebf4 F=0514cb93 H=4d77ebd3
[PASS] TC=977 A=d89abc3f B=7f25a86a C=b89e1bbd D=c2f22bdd E=1c881b63 F=3ae36d98 H=bee7fdd8
[PASS] TC=978 A=d2db689b B=e1bde0e5 C=89ca61be D=ac75864d E=fffff5f1 F=e36547ec H=f37777ee
[PASS] TC=979 A=7041510c B=00ce0318 C=3d0005e2 D=ceac159b E=c2224dd1 F=be057ac0 H=be857bcc
[PASS] TC=980 A=698f80f8 B=a69d8617 C=9c5be181 D=f3b06f37 E=4a1cd56d F=501cd3e6 H=551ff3fe
[PASS] TC=981 A=372bfc91 B=5a33372b C=f2833d98 D=7f1762c4 E=8ea47fe5 F=65dccba5 H=6fdcdbaf
[PASS] TC=982 A=85c73488 B=e14047e9 C=825a9f45 D=c2aaebe9 E=203d6947 F=7200bc99 H=7b8bbf99
[PASS] TC=983 A=4ac865b0 B=2bd094e4 C=3b1d7bec D=68ca7249 E=787ec2fe F=a9746b01 H=e9fd6bcb
[PASS] TC=984 A=0096288b B=cdc58f3b C=a87033a1 D=5ae02e37 E=682a3c20 F=7621ea84 H=f621ebb4
[PASS] TC=985 A=db6538cb B=d66dfba3 C=a212486d D=b83cecdb E=ae1ee40c F=81bfe93b H=bdbfebff
[PASS] TC=986 A=5ff8ea8a B=5b84d876 C=ad8804f8 D=4377ae1e E=2d83113c F=3d59d5f3 H=fdffddfb
[PASS] TC=987 A=44de9839 B=042bad08 C=d4597a4c D=978cafbf E=b3176df9 F=ab625529 H=fff7f739
[PASS] TC=988 A=b666639e B=42046484 C=47aac3c4 D=4dc0a7a2 E=ae4ea944 F=80195bd6 H=df9fdbd6
[PASS] TC=989 A=ae3dc390 B=09f4dbc0 C=d4cd474e D=b1b419ab E=df87b5df F=c6b3b3e1 H=dff7fbf7
[PASS] TC=990 A=302b5e3f B=63a0e342 C=cc380f02 D=386b829e E=72a07a70 F=e723ba4a H=e7efffef
[PASS] TC=991 A=3e3434e3 B=61ecec82 C=de27e205 D=48588c64 E=a596524c F=68257a63 H=f87f7ee3
[PASS] TC=992 A=999a19d9 B=940e7922 C=cfb85ac1 D=2d03ffe3 E=b90090a3 F=e3258538 H=f76785bc
[PASS] TC=993 A=9fa51b90 B=07d61245 C=9600eef9 D=cc8fd434 E=23dc2e7b F=c0b60204 H=ceb79a7f
[PASS] TC=994 A=1081090e B=8e68b617 C=5b5bf68d D=307af4f5 E=1066c488 F=6e17e01e H=ffdffcbf
[PASS] TC=995 A=1f499b1a B=e001d849 C=2bbdc326 D=5d81cb62 E=deb76557 F=dda774b7 H=dff7fcb7
[PASS] TC=996 A=5451aa36 B=48ec782d C=d8b209a2 D=7a31e933 E=12b1089a F=9f4a6e0c H=ff5afe9c
[PASS] TC=997 A=ff27cfc4 B=63010f8e C=944cd119 D=efacb395 E=6c33cfae F=8bde97f1 H=afffb7f1
[PASS] TC=998 A=92d4e95f B=6353718b C=4eb640fb D=e643a307 E=eb312f2f F=1b35c3e3 H=bf7dcbf3
[PASS] TC=999 A=38d19566 B=ad164b82 C=9e004c60 D=b98e9d28 E=1c241c90 F=acb6b070 H=bef6b3f0
[PASS] TC=1000 A=eda99c62 B=640559dc C=6c10efe3 D=f1cdfee5 E=d9425521 F=707027f9 H=737fe7fb

====================================================
                TEST SUMMARY
====================================================
TOTAL TESTCASES : 1000
PASSED          : 1000
FAILED          : 0
====================================================
RESULT          : ALL TESTS PASSED
====================================================

$finish called at time : 270165 ns : File "C:/SOC_basic/buoi2/TB/TB_H_Function_Core.v" Line 470
