
*** Running vivado
    with args -log Median_Filter_Core.vds -m64 -product Vivado -mode batch -messageDb vivado.pb -notrace -source Median_Filter_Core.tcl



****** Vivado v2022.2 (64-bit)
  **** SW Build 3671981 on Fri Oct 14 05:00:03 MDT 2022
  **** IP Build 3669848 on Fri Oct 14 08:30:02 MDT 2022
    ** Copyright 1986-2022 Xilinx, Inc. All Rights Reserved.

source Median_Filter_Core.tcl -notrace
create_project: Time (s): cpu = 00:00:11 ; elapsed = 00:00:12 . Memory (MB): peak = 1003.109 ; gain = 117.699
Command: synth_design -top Median_Filter_Core -part xck26-sfvc784-2LV-c
Starting synth_design
Attempting to get a license for feature 'Synthesis' and/or device 'xck26'
INFO: [Common 17-349] Got license for feature 'Synthesis' and/or device 'xck26'
INFO: [Synth 8-7079] Multithreading enabled for synth_design using a maximum of 2 processes.
INFO: [Synth 8-7078] Launching helper process for spawning children vivado processes
INFO: [Synth 8-7075] Helper process launched with PID 12140
INFO: [Synth 8-11241] undeclared symbol 'REGCCE', assumed default net type 'wire' [C:/Xilinx/Vivado/2022.2/data/verilog/src/unimacro/BRAM_SINGLE_MACRO.v:2170]
---------------------------------------------------------------------------------
Starting Synthesize : Time (s): cpu = 00:00:09 ; elapsed = 00:00:09 . Memory (MB): peak = 1441.547 ; gain = 413.297
---------------------------------------------------------------------------------
INFO: [Synth 8-6157] synthesizing module 'Median_Filter_Core' [C:/SOC_basic/day6_7_8/RTL/Median_Filter_Core.v:3]
INFO: [Synth 8-6157] synthesizing module 'Median_Filter_Arbiter' [C:/SOC_basic/day6_7_8/RTL/Median_Filter_Arbiter.v:3]
	Parameter MEM_ADDR_BITS bound to: 12 - type: integer 
	Parameter BUS_ADDR_BITS bound to: 13 - type: integer 
	Parameter DIM_BITS bound to: 16 - type: integer 
INFO: [Synth 8-6155] done synthesizing module 'Median_Filter_Arbiter' (0#1) [C:/SOC_basic/day6_7_8/RTL/Median_Filter_Arbiter.v:3]
INFO: [Synth 8-6157] synthesizing module 'Median_Filter_FSM_CTRL' [C:/SOC_basic/day6_7_8/RTL/Median_Filter_FSM_CTRL.v:3]
	Parameter DIM_BITS bound to: 16 - type: integer 
INFO: [Synth 8-6155] done synthesizing module 'Median_Filter_FSM_CTRL' (0#1) [C:/SOC_basic/day6_7_8/RTL/Median_Filter_FSM_CTRL.v:3]
INFO: [Synth 8-6157] synthesizing module 'Median_Filter_Input_Bank_Memories' [C:/SOC_basic/day6_7_8/RTL/Median_Filter_Input_Bank_Memories.v:3]
	Parameter ADDR_BITS bound to: 12 - type: integer 
	Parameter DATA_BITS bound to: 8 - type: integer 
INFO: [Synth 8-6157] synthesizing module 'Median_Filter_BRAM_Bank' [C:/SOC_basic/day6_7_8/RTL/Median_Filter_BRAM_Bank.v:3]
	Parameter ADDR_BITS bound to: 12 - type: integer 
	Parameter DATA_BITS bound to: 8 - type: integer 
INFO: [Synth 8-6155] done synthesizing module 'Median_Filter_BRAM_Bank' (0#1) [C:/SOC_basic/day6_7_8/RTL/Median_Filter_BRAM_Bank.v:3]
INFO: [Synth 8-6155] done synthesizing module 'Median_Filter_Input_Bank_Memories' (0#1) [C:/SOC_basic/day6_7_8/RTL/Median_Filter_Input_Bank_Memories.v:3]
INFO: [Synth 8-6157] synthesizing module 'Median_Filter_Datapath' [C:/SOC_basic/day6_7_8/RTL/Median_Filter_Datapath.v:3]
	Parameter MEM_ADDR_BITS bound to: 12 - type: integer 
	Parameter DIM_BITS bound to: 16 - type: integer 
INFO: [Synth 8-6157] synthesizing module 'Median_Filter_Median9' [C:/SOC_basic/day6_7_8/RTL/Median_Filter_Median9.v:3]
INFO: [Synth 8-6157] synthesizing module 'Median_Filter_Compare_Swap' [C:/SOC_basic/day6_7_8/RTL/Median_Filter_Compare_Swap.v:3]
INFO: [Synth 8-6155] done synthesizing module 'Median_Filter_Compare_Swap' (0#1) [C:/SOC_basic/day6_7_8/RTL/Median_Filter_Compare_Swap.v:3]
INFO: [Synth 8-6155] done synthesizing module 'Median_Filter_Median9' (0#1) [C:/SOC_basic/day6_7_8/RTL/Median_Filter_Median9.v:3]
INFO: [Synth 8-6155] done synthesizing module 'Median_Filter_Datapath' (0#1) [C:/SOC_basic/day6_7_8/RTL/Median_Filter_Datapath.v:3]
INFO: [Synth 8-6157] synthesizing module 'Median_Filter_Output_Memory' [C:/SOC_basic/day6_7_8/RTL/Median_Filter_Output_Memory.v:3]
	Parameter ADDR_BITS bound to: 12 - type: integer 
	Parameter DATA_BITS bound to: 8 - type: integer 
INFO: [Synth 8-6155] done synthesizing module 'Median_Filter_Output_Memory' (0#1) [C:/SOC_basic/day6_7_8/RTL/Median_Filter_Output_Memory.v:3]
INFO: [Synth 8-6155] done synthesizing module 'Median_Filter_Core' (0#1) [C:/SOC_basic/day6_7_8/RTL/Median_Filter_Core.v:3]
WARNING: [Synth 8-7129] Port w_data_i[31] in module Median_Filter_Arbiter is either unconnected or has no load
WARNING: [Synth 8-7129] Port w_data_i[30] in module Median_Filter_Arbiter is either unconnected or has no load
WARNING: [Synth 8-7129] Port w_data_i[29] in module Median_Filter_Arbiter is either unconnected or has no load
WARNING: [Synth 8-7129] Port w_data_i[28] in module Median_Filter_Arbiter is either unconnected or has no load
WARNING: [Synth 8-7129] Port w_data_i[27] in module Median_Filter_Arbiter is either unconnected or has no load
WARNING: [Synth 8-7129] Port w_data_i[26] in module Median_Filter_Arbiter is either unconnected or has no load
WARNING: [Synth 8-7129] Port w_data_i[25] in module Median_Filter_Arbiter is either unconnected or has no load
WARNING: [Synth 8-7129] Port w_data_i[24] in module Median_Filter_Arbiter is either unconnected or has no load
WARNING: [Synth 8-7129] Port w_data_i[23] in module Median_Filter_Arbiter is either unconnected or has no load
WARNING: [Synth 8-7129] Port w_data_i[22] in module Median_Filter_Arbiter is either unconnected or has no load
WARNING: [Synth 8-7129] Port w_data_i[21] in module Median_Filter_Arbiter is either unconnected or has no load
WARNING: [Synth 8-7129] Port w_data_i[20] in module Median_Filter_Arbiter is either unconnected or has no load
WARNING: [Synth 8-7129] Port w_data_i[19] in module Median_Filter_Arbiter is either unconnected or has no load
WARNING: [Synth 8-7129] Port w_data_i[18] in module Median_Filter_Arbiter is either unconnected or has no load
WARNING: [Synth 8-7129] Port w_data_i[17] in module Median_Filter_Arbiter is either unconnected or has no load
WARNING: [Synth 8-7129] Port w_data_i[16] in module Median_Filter_Arbiter is either unconnected or has no load
---------------------------------------------------------------------------------
Finished Synthesize : Time (s): cpu = 00:00:12 ; elapsed = 00:00:13 . Memory (MB): peak = 1538.297 ; gain = 510.047
---------------------------------------------------------------------------------
---------------------------------------------------------------------------------
Finished Constraint Validation : Time (s): cpu = 00:00:13 ; elapsed = 00:00:14 . Memory (MB): peak = 1538.297 ; gain = 510.047
---------------------------------------------------------------------------------
---------------------------------------------------------------------------------
Start Loading Part and Timing Information
---------------------------------------------------------------------------------
Loading part: xck26-sfvc784-2LV-c
INFO: [Synth 8-6742] Reading net delay rules and data
---------------------------------------------------------------------------------
INFO: [Device 21-403] Loading part xck26-sfvc784-2LV-c
Finished Loading Part and Timing Information : Time (s): cpu = 00:00:13 ; elapsed = 00:00:14 . Memory (MB): peak = 1538.297 ; gain = 510.047
---------------------------------------------------------------------------------
INFO: [Synth 8-802] inferred FSM for state register 'state_r_reg' in module 'Median_Filter_FSM_CTRL'
INFO: [Synth 8-802] inferred FSM for state register 'state_r_reg' in module 'Median_Filter_Datapath'
---------------------------------------------------------------------------------------------------
                   State |                     New Encoding |                Previous Encoding 
---------------------------------------------------------------------------------------------------
                    IDLE |                              000 |                              000
                    LOAD |                              010 |                              001
                    WORK |                              100 |                              010
                    READ |                              011 |                              011
                    DONE |                              001 |                              100
---------------------------------------------------------------------------------------------------
INFO: [Synth 8-3354] encoded FSM with state register 'state_r_reg' using encoding 'sequential' in module 'Median_Filter_FSM_CTRL'
INFO: [Synth 8-7030] Implemented Non-Cascaded Block Ram (cascade_height = 1) of width 8 for RAM "Median_Filter_BRAM_Bank:/mem_reg"
---------------------------------------------------------------------------------------------------
                   State |                     New Encoding |                Previous Encoding 
---------------------------------------------------------------------------------------------------
                 DP_IDLE |                        000000001 |                             0000
             DP_READ_REQ |                        000000010 |                             0001
            DP_READ_WAIT |                        000000100 |                             0010
              DP_CAPTURE |                        000001000 |                             0011
           DP_WRITE_COPY |                        000010000 |                             0100
           DP_WRITE_LEFT |                        000100000 |                             0101
            DP_WRITE_MED |                        001000000 |                             0110
          DP_WRITE_RIGHT |                        010000000 |                             0111
                 DP_DONE |                        100000000 |                             1000
---------------------------------------------------------------------------------------------------
INFO: [Synth 8-3354] encoded FSM with state register 'state_r_reg' using encoding 'one-hot' in module 'Median_Filter_Datapath'
---------------------------------------------------------------------------------
Finished RTL Optimization Phase 2 : Time (s): cpu = 00:00:15 ; elapsed = 00:00:15 . Memory (MB): peak = 1538.297 ; gain = 510.047
---------------------------------------------------------------------------------
No constraint files found.
---------------------------------------------------------------------------------
Start RTL Component Statistics 
---------------------------------------------------------------------------------
Detailed RTL Component Info : 
+---Adders : 
	   2 Input   16 Bit       Adders := 3     
	   2 Input   12 Bit       Adders := 2     
	   2 Input    2 Bit       Adders := 3     
+---Registers : 
	               16 Bit    Registers := 5     
	               12 Bit    Registers := 2     
	                8 Bit    Registers := 14    
	                2 Bit    Registers := 3     
	                1 Bit    Registers := 5     
+---RAMs : 
	              32K Bit	(4096 X 8 bit)          RAMs := 4     
+---Muxes : 
	   2 Input   16 Bit        Muxes := 3     
	   5 Input   16 Bit        Muxes := 2     
	   7 Input   12 Bit        Muxes := 1     
	   9 Input   12 Bit        Muxes := 1     
	   2 Input   12 Bit        Muxes := 9     
	   9 Input    9 Bit        Muxes := 1     
	   2 Input    9 Bit        Muxes := 6     
	   2 Input    8 Bit        Muxes := 89    
	   7 Input    8 Bit        Muxes := 1     
	   9 Input    8 Bit        Muxes := 10    
	   5 Input    3 Bit        Muxes := 1     
	  10 Input    3 Bit        Muxes := 1     
	   2 Input    2 Bit        Muxes := 5     
	   5 Input    2 Bit        Muxes := 3     
	   2 Input    1 Bit        Muxes := 18    
	   5 Input    1 Bit        Muxes := 9     
	   7 Input    1 Bit        Muxes := 1     
	   9 Input    1 Bit        Muxes := 5     
---------------------------------------------------------------------------------
Finished RTL Component Statistics 
---------------------------------------------------------------------------------
---------------------------------------------------------------------------------
Start Part Resource Summary
---------------------------------------------------------------------------------
Part Resources:
DSPs: 1248 (col length:96)
BRAMs: 288 (col length: RAMB18 96 RAMB36 48)
---------------------------------------------------------------------------------
Finished Part Resource Summary
---------------------------------------------------------------------------------
No constraint files found.
---------------------------------------------------------------------------------
Start Cross Boundary and Area Optimization
---------------------------------------------------------------------------------
WARNING: [Synth 8-7080] Parallel synthesis criteria is not met
WARNING: [Synth 8-3917] design Median_Filter_Core has port r_data_o[31] driven by constant 0
WARNING: [Synth 8-3917] design Median_Filter_Core has port r_data_o[30] driven by constant 0
WARNING: [Synth 8-3917] design Median_Filter_Core has port r_data_o[29] driven by constant 0
WARNING: [Synth 8-3917] design Median_Filter_Core has port r_data_o[28] driven by constant 0
WARNING: [Synth 8-3917] design Median_Filter_Core has port r_data_o[27] driven by constant 0
WARNING: [Synth 8-3917] design Median_Filter_Core has port r_data_o[26] driven by constant 0
WARNING: [Synth 8-3917] design Median_Filter_Core has port r_data_o[25] driven by constant 0
WARNING: [Synth 8-3917] design Median_Filter_Core has port r_data_o[24] driven by constant 0
WARNING: [Synth 8-3917] design Median_Filter_Core has port r_data_o[23] driven by constant 0
WARNING: [Synth 8-3917] design Median_Filter_Core has port r_data_o[22] driven by constant 0
WARNING: [Synth 8-3917] design Median_Filter_Core has port r_data_o[21] driven by constant 0
WARNING: [Synth 8-3917] design Median_Filter_Core has port r_data_o[20] driven by constant 0
WARNING: [Synth 8-3917] design Median_Filter_Core has port r_data_o[19] driven by constant 0
WARNING: [Synth 8-3917] design Median_Filter_Core has port r_data_o[18] driven by constant 0
WARNING: [Synth 8-3917] design Median_Filter_Core has port r_data_o[17] driven by constant 0
WARNING: [Synth 8-3917] design Median_Filter_Core has port r_data_o[16] driven by constant 0
WARNING: [Synth 8-7129] Port w_data_i[31] in module Median_Filter_Core is either unconnected or has no load
WARNING: [Synth 8-7129] Port w_data_i[30] in module Median_Filter_Core is either unconnected or has no load
WARNING: [Synth 8-7129] Port w_data_i[29] in module Median_Filter_Core is either unconnected or has no load
WARNING: [Synth 8-7129] Port w_data_i[28] in module Median_Filter_Core is either unconnected or has no load
WARNING: [Synth 8-7129] Port w_data_i[27] in module Median_Filter_Core is either unconnected or has no load
WARNING: [Synth 8-7129] Port w_data_i[26] in module Median_Filter_Core is either unconnected or has no load
WARNING: [Synth 8-7129] Port w_data_i[25] in module Median_Filter_Core is either unconnected or has no load
WARNING: [Synth 8-7129] Port w_data_i[24] in module Median_Filter_Core is either unconnected or has no load
WARNING: [Synth 8-7129] Port w_data_i[23] in module Median_Filter_Core is either unconnected or has no load
WARNING: [Synth 8-7129] Port w_data_i[22] in module Median_Filter_Core is either unconnected or has no load
WARNING: [Synth 8-7129] Port w_data_i[21] in module Median_Filter_Core is either unconnected or has no load
WARNING: [Synth 8-7129] Port w_data_i[20] in module Median_Filter_Core is either unconnected or has no load
WARNING: [Synth 8-7129] Port w_data_i[19] in module Median_Filter_Core is either unconnected or has no load
WARNING: [Synth 8-7129] Port w_data_i[18] in module Median_Filter_Core is either unconnected or has no load
WARNING: [Synth 8-7129] Port w_data_i[17] in module Median_Filter_Core is either unconnected or has no load
WARNING: [Synth 8-7129] Port w_data_i[16] in module Median_Filter_Core is either unconnected or has no load
INFO: [Synth 8-7030] Implemented Non-Cascaded Block Ram (cascade_height = 1) of width 8 for RAM "Median_Filter_Core/u_Median_Filter_Input_Bank_Memories/u_Bank0/mem_reg"
INFO: [Synth 8-7030] Implemented Non-Cascaded Block Ram (cascade_height = 1) of width 8 for RAM "Median_Filter_Core/u_Median_Filter_Input_Bank_Memories/u_Bank1/mem_reg"
INFO: [Synth 8-7030] Implemented Non-Cascaded Block Ram (cascade_height = 1) of width 8 for RAM "Median_Filter_Core/u_Median_Filter_Input_Bank_Memories/u_Bank2/mem_reg"
INFO: [Synth 8-7030] Implemented Non-Cascaded Block Ram (cascade_height = 1) of width 8 for RAM "Median_Filter_Core/u_Median_Filter_Output_Memory/u_Output_BRAM/mem_reg"
---------------------------------------------------------------------------------
Finished Cross Boundary and Area Optimization : Time (s): cpu = 00:00:40 ; elapsed = 00:00:45 . Memory (MB): peak = 2358.906 ; gain = 1330.656
---------------------------------------------------------------------------------
---------------------------------------------------------------------------------
Start ROM, RAM, DSP, Shift Register and Retiming Reporting
---------------------------------------------------------------------------------

Block RAM: Preliminary Mapping Report (see note below)
+-------------------+-----------------------------------------------------+------------------------+---+---+------------------------+---+---+------------------+--------+--------+-----------------+
|Module Name        | RTL Object                                          | PORT A (Depth x Width) | W | R | PORT B (Depth x Width) | W | R | Ports driving FF | RAMB18 | RAMB36 | Cascade Heights | 
+-------------------+-----------------------------------------------------+------------------------+---+---+------------------------+---+---+------------------+--------+--------+-----------------+
|Median_Filter_Core | u_Median_Filter_Input_Bank_Memories/u_Bank0/mem_reg | 4 K x 8(READ_FIRST)    | W |   | 4 K x 8(WRITE_FIRST)   |   | R | Port A and B     | 0      | 1      | 1               | 
|Median_Filter_Core | u_Median_Filter_Input_Bank_Memories/u_Bank1/mem_reg | 4 K x 8(READ_FIRST)    | W |   | 4 K x 8(WRITE_FIRST)   |   | R | Port A and B     | 0      | 1      | 1               | 
|Median_Filter_Core | u_Median_Filter_Input_Bank_Memories/u_Bank2/mem_reg | 4 K x 8(READ_FIRST)    | W |   | 4 K x 8(WRITE_FIRST)   |   | R | Port A and B     | 0      | 1      | 1               | 
|Median_Filter_Core | u_Median_Filter_Output_Memory/u_Output_BRAM/mem_reg | 4 K x 8(READ_FIRST)    | W |   | 4 K x 8(WRITE_FIRST)   |   | R | Port A and B     | 0      | 1      | 1               | 
+-------------------+-----------------------------------------------------+------------------------+---+---+------------------------+---+---+------------------+--------+--------+-----------------+

Note: The table above is a preliminary report that shows the Block RAMs at the current stage of the synthesis flow. Some Block RAMs may be reimplemented as non Block RAM primitives later in the synthesis flow. Multiple instantiated Block RAMs are reported only once. 
---------------------------------------------------------------------------------
Finished ROM, RAM, DSP, Shift Register and Retiming Reporting
---------------------------------------------------------------------------------
No constraint files found.
---------------------------------------------------------------------------------
Start Timing Optimization
---------------------------------------------------------------------------------
---------------------------------------------------------------------------------
Finished Timing Optimization : Time (s): cpu = 00:00:41 ; elapsed = 00:00:45 . Memory (MB): peak = 2367.789 ; gain = 1339.539
---------------------------------------------------------------------------------
---------------------------------------------------------------------------------
Start ROM, RAM, DSP, Shift Register and Retiming Reporting
---------------------------------------------------------------------------------

Block RAM: Final Mapping Report
+-------------------+-----------------------------------------------------+------------------------+---+---+------------------------+---+---+------------------+--------+--------+-----------------+
|Module Name        | RTL Object                                          | PORT A (Depth x Width) | W | R | PORT B (Depth x Width) | W | R | Ports driving FF | RAMB18 | RAMB36 | Cascade Heights | 
+-------------------+-----------------------------------------------------+------------------------+---+---+------------------------+---+---+------------------+--------+--------+-----------------+
|Median_Filter_Core | u_Median_Filter_Input_Bank_Memories/u_Bank0/mem_reg | 4 K x 8(READ_FIRST)    | W |   | 4 K x 8(WRITE_FIRST)   |   | R | Port A and B     | 0      | 1      | 1               | 
|Median_Filter_Core | u_Median_Filter_Input_Bank_Memories/u_Bank1/mem_reg | 4 K x 8(READ_FIRST)    | W |   | 4 K x 8(WRITE_FIRST)   |   | R | Port A and B     | 0      | 1      | 1               | 
|Median_Filter_Core | u_Median_Filter_Input_Bank_Memories/u_Bank2/mem_reg | 4 K x 8(READ_FIRST)    | W |   | 4 K x 8(WRITE_FIRST)   |   | R | Port A and B     | 0      | 1      | 1               | 
|Median_Filter_Core | u_Median_Filter_Output_Memory/u_Output_BRAM/mem_reg | 4 K x 8(READ_FIRST)    | W |   | 4 K x 8(WRITE_FIRST)   |   | R | Port A and B     | 0      | 1      | 1               | 
+-------------------+-----------------------------------------------------+------------------------+---+---+------------------------+---+---+------------------+--------+--------+-----------------+

---------------------------------------------------------------------------------
Finished ROM, RAM, DSP, Shift Register and Retiming Reporting
---------------------------------------------------------------------------------
---------------------------------------------------------------------------------
Start Technology Mapping
---------------------------------------------------------------------------------
INFO: [Synth 8-7052] The timing for the instance u_Median_Filter_Input_Bank_Memories/u_Bank0/mem_reg_bram_0 (implemented as a Block RAM) might be sub-optimal as no optional output register could be merged into the ram block. Providing additional output register may help in improving timing.
INFO: [Synth 8-7052] The timing for the instance u_Median_Filter_Input_Bank_Memories/u_Bank1/mem_reg_bram_0 (implemented as a Block RAM) might be sub-optimal as no optional output register could be merged into the ram block. Providing additional output register may help in improving timing.
INFO: [Synth 8-7052] The timing for the instance u_Median_Filter_Input_Bank_Memories/u_Bank2/mem_reg_bram_0 (implemented as a Block RAM) might be sub-optimal as no optional output register could be merged into the ram block. Providing additional output register may help in improving timing.
INFO: [Synth 8-7052] The timing for the instance u_Median_Filter_Output_Memory/u_Output_BRAM/mem_reg_bram_0 (implemented as a Block RAM) might be sub-optimal as no optional output register could be merged into the ram block. Providing additional output register may help in improving timing.
---------------------------------------------------------------------------------
Finished Technology Mapping : Time (s): cpu = 00:00:41 ; elapsed = 00:00:46 . Memory (MB): peak = 2367.938 ; gain = 1339.688
---------------------------------------------------------------------------------
---------------------------------------------------------------------------------
Start IO Insertion
---------------------------------------------------------------------------------
---------------------------------------------------------------------------------
Start Flattening Before IO Insertion
---------------------------------------------------------------------------------
---------------------------------------------------------------------------------
Finished Flattening Before IO Insertion
---------------------------------------------------------------------------------
---------------------------------------------------------------------------------
Start Final Netlist Cleanup
---------------------------------------------------------------------------------
---------------------------------------------------------------------------------
Finished Final Netlist Cleanup
---------------------------------------------------------------------------------
---------------------------------------------------------------------------------
Finished IO Insertion : Time (s): cpu = 00:00:49 ; elapsed = 00:00:54 . Memory (MB): peak = 2367.938 ; gain = 1339.688
---------------------------------------------------------------------------------
---------------------------------------------------------------------------------
Start Renaming Generated Instances
---------------------------------------------------------------------------------
---------------------------------------------------------------------------------
Finished Renaming Generated Instances : Time (s): cpu = 00:00:49 ; elapsed = 00:00:54 . Memory (MB): peak = 2367.938 ; gain = 1339.688
---------------------------------------------------------------------------------
---------------------------------------------------------------------------------
Start Rebuilding User Hierarchy
---------------------------------------------------------------------------------
---------------------------------------------------------------------------------
Finished Rebuilding User Hierarchy : Time (s): cpu = 00:00:49 ; elapsed = 00:00:54 . Memory (MB): peak = 2367.938 ; gain = 1339.688
---------------------------------------------------------------------------------
---------------------------------------------------------------------------------
Start Renaming Generated Ports
---------------------------------------------------------------------------------
---------------------------------------------------------------------------------
Finished Renaming Generated Ports : Time (s): cpu = 00:00:49 ; elapsed = 00:00:54 . Memory (MB): peak = 2367.938 ; gain = 1339.688
---------------------------------------------------------------------------------
---------------------------------------------------------------------------------
Start Handling Custom Attributes
---------------------------------------------------------------------------------
---------------------------------------------------------------------------------
Finished Handling Custom Attributes : Time (s): cpu = 00:00:49 ; elapsed = 00:00:54 . Memory (MB): peak = 2367.938 ; gain = 1339.688
---------------------------------------------------------------------------------
---------------------------------------------------------------------------------
Start Renaming Generated Nets
---------------------------------------------------------------------------------
---------------------------------------------------------------------------------
Finished Renaming Generated Nets : Time (s): cpu = 00:00:49 ; elapsed = 00:00:54 . Memory (MB): peak = 2367.938 ; gain = 1339.688
---------------------------------------------------------------------------------
---------------------------------------------------------------------------------
Start Writing Synthesis Report
---------------------------------------------------------------------------------

Report BlackBoxes: 
+-+--------------+----------+
| |BlackBox name |Instances |
+-+--------------+----------+
+-+--------------+----------+

Report Cell Usage: 
+------+---------+------+
|      |Cell     |Count |
+------+---------+------+
|1     |BUFG     |     1|
|2     |CARRY8   |    32|
|3     |LUT1     |     1|
|4     |LUT2     |   111|
|5     |LUT3     |   189|
|6     |LUT4     |   190|
|7     |LUT5     |   226|
|8     |LUT6     |   328|
|9     |RAMB36E2 |     4|
|10    |FDCE     |   206|
|11    |FDPE     |     1|
|12    |IBUF     |    46|
|13    |OBUF     |    32|
+------+---------+------+

Report Instance Areas: 
+------+--------------------------------------+----------------------------------+------+
|      |Instance                              |Module                            |Cells |
+------+--------------------------------------+----------------------------------+------+
|1     |top                                   |                                  |  1367|
|2     |  u_Median_Filter_Arbiter             |Median_Filter_Arbiter             |   115|
|3     |  u_Median_Filter_Datapath            |Median_Filter_Datapath            |   889|
|4     |    u_Median_Filter_Median9           |Median_Filter_Median9             |   650|
|5     |      u_s1_01                         |Median_Filter_Compare_Swap        |    41|
|6     |      u_s1_23                         |Median_Filter_Compare_Swap_3      |   179|
|7     |      u_s1_45                         |Median_Filter_Compare_Swap_4      |   248|
|8     |      u_s1_67                         |Median_Filter_Compare_Swap_5      |   129|
|9     |      u_s2_12                         |Median_Filter_Compare_Swap_6      |     8|
|10    |      u_s2_34                         |Median_Filter_Compare_Swap_7      |     1|
|11    |      u_s2_56                         |Median_Filter_Compare_Swap_8      |     1|
|12    |      u_s2_78                         |Median_Filter_Compare_Swap_9      |    11|
|13    |      u_s3_01                         |Median_Filter_Compare_Swap_10     |    11|
|14    |      u_s3_23                         |Median_Filter_Compare_Swap_11     |     1|
|15    |      u_s3_45                         |Median_Filter_Compare_Swap_12     |     1|
|16    |      u_s3_67                         |Median_Filter_Compare_Swap_13     |     1|
|17    |      u_s4_12                         |Median_Filter_Compare_Swap_14     |     1|
|18    |      u_s4_34                         |Median_Filter_Compare_Swap_15     |     1|
|19    |      u_s4_56                         |Median_Filter_Compare_Swap_16     |     1|
|20    |      u_s4_78                         |Median_Filter_Compare_Swap_17     |     1|
|21    |      u_s5_01                         |Median_Filter_Compare_Swap_18     |     1|
|22    |      u_s5_23                         |Median_Filter_Compare_Swap_19     |     1|
|23    |      u_s5_45                         |Median_Filter_Compare_Swap_20     |     1|
|24    |      u_s5_67                         |Median_Filter_Compare_Swap_21     |     1|
|25    |      u_s6_12                         |Median_Filter_Compare_Swap_22     |     1|
|26    |      u_s6_34                         |Median_Filter_Compare_Swap_23     |     1|
|27    |      u_s6_56                         |Median_Filter_Compare_Swap_24     |     1|
|28    |      u_s6_78                         |Median_Filter_Compare_Swap_25     |     1|
|29    |      u_s7_23                         |Median_Filter_Compare_Swap_26     |     1|
|30    |      u_s7_45                         |Median_Filter_Compare_Swap_27     |     1|
|31    |      u_s7_67                         |Median_Filter_Compare_Swap_28     |     1|
|32    |      u_s8_34                         |Median_Filter_Compare_Swap_29     |     1|
|33    |      u_s8_56                         |Median_Filter_Compare_Swap_30     |     1|
|34    |      u_s9_45                         |Median_Filter_Compare_Swap_31     |     1|
|35    |  u_Median_Filter_FSM_CTRL            |Median_Filter_FSM_CTRL            |   248|
|36    |  u_Median_Filter_Input_Bank_Memories |Median_Filter_Input_Bank_Memories |    35|
|37    |    u_Bank0                           |Median_Filter_BRAM_Bank_0         |    33|
|38    |    u_Bank1                           |Median_Filter_BRAM_Bank_1         |     1|
|39    |    u_Bank2                           |Median_Filter_BRAM_Bank_2         |     1|
|40    |  u_Median_Filter_Output_Memory       |Median_Filter_Output_Memory       |     1|
|41    |    u_Output_BRAM                     |Median_Filter_BRAM_Bank           |     1|
+------+--------------------------------------+----------------------------------+------+
---------------------------------------------------------------------------------
Finished Writing Synthesis Report : Time (s): cpu = 00:00:49 ; elapsed = 00:00:54 . Memory (MB): peak = 2367.938 ; gain = 1339.688
---------------------------------------------------------------------------------
Synthesis finished with 0 errors, 0 critical warnings and 49 warnings.
Synthesis Optimization Runtime : Time (s): cpu = 00:00:50 ; elapsed = 00:00:54 . Memory (MB): peak = 2367.938 ; gain = 1339.688
Synthesis Optimization Complete : Time (s): cpu = 00:00:50 ; elapsed = 00:00:54 . Memory (MB): peak = 2367.938 ; gain = 1339.688
INFO: [Project 1-571] Translating synthesized netlist
Netlist sorting complete. Time (s): cpu = 00:00:00 ; elapsed = 00:00:00.039 . Memory (MB): peak = 2379.844 ; gain = 0.000
INFO: [Netlist 29-17] Analyzing 79 Unisim elements for replacement
INFO: [Netlist 29-28] Unisim Transformation completed in 0 CPU seconds
INFO: [Project 1-570] Preparing netlist for logic optimization
INFO: [Opt 31-138] Pushed 0 inverter(s) to 0 load pin(s).
Netlist sorting complete. Time (s): cpu = 00:00:00 ; elapsed = 00:00:00.001 . Memory (MB): peak = 2402.727 ; gain = 0.000
INFO: [Project 1-111] Unisim Transformation Summary:
  A total of 47 instances were transformed.
  BUFG => BUFGCE: 1 instance 
  IBUF => IBUF (IBUFCTRL, INBUF): 46 instances

Synth Design complete, checksum: d8cbdf5f
INFO: [Common 17-83] Releasing license: Synthesis
45 Infos, 49 Warnings, 0 Critical Warnings and 0 Errors encountered.
synth_design completed successfully
synth_design: Time (s): cpu = 00:00:54 ; elapsed = 00:00:59 . Memory (MB): peak = 2402.727 ; gain = 1399.355
INFO: [Common 17-1381] The checkpoint 'C:/SOC_basic/day6_7_8/Simulation/Simulation.runs/synth_1/Median_Filter_Core.dcp' has been generated.
INFO: [runtcl-4] Executing : report_utilization -file Median_Filter_Core_utilization_synth.rpt -pb Median_Filter_Core_utilization_synth.pb
INFO: [Common 17-206] Exiting Vivado at Sat Sep 19 09:29:32 2026...
