
*** Running vivado
    with args -log Median_Filter_IP_v1_0.vds -m64 -product Vivado -mode batch -messageDb vivado.pb -notrace -source Median_Filter_IP_v1_0.tcl



****** Vivado v2022.2 (64-bit)
  **** SW Build 3671981 on Fri Oct 14 05:00:03 MDT 2022
  **** IP Build 3669848 on Fri Oct 14 08:30:02 MDT 2022
    ** Copyright 1986-2022 Xilinx, Inc. All Rights Reserved.

source Median_Filter_IP_v1_0.tcl -notrace
create_project: Time (s): cpu = 00:00:11 ; elapsed = 00:00:11 . Memory (MB): peak = 1003.078 ; gain = 119.062
INFO: [IP_Flow 19-234] Refreshing IP repositories
INFO: [IP_Flow 19-1700] Loaded user IP repository 'c:/SOC_basic/day6_7_8/ip_repo'.
INFO: [IP_Flow 19-2313] Loaded Vivado IP repository 'C:/Xilinx/Vivado/2022.2/data/ip'.
WARNING: [IP_Flow 19-4995] The host OS only allows 260 characters in a normal path. The IP cache path is more than 80 characters. If you experience issues with IP caching, please consider changing the IP cache to a location with a shorter path. Alternately consider using the OS subst command to map part of the path to a drive letter. 
Current IP cache path is c:/soc_basic/day6_7_8/soc/soc.tmp/median_filter_ip_v1_0_project/Median_Filter_IP_v1_0_project.cache/ip 
Command: synth_design -top Median_Filter_IP_v1_0 -part xck26-sfvc784-2LV-c
Starting synth_design
Attempting to get a license for feature 'Synthesis' and/or device 'xck26'
INFO: [Common 17-349] Got license for feature 'Synthesis' and/or device 'xck26'
INFO: [Synth 8-7079] Multithreading enabled for synth_design using a maximum of 2 processes.
INFO: [Synth 8-7078] Launching helper process for spawning children vivado processes
INFO: [Synth 8-7075] Helper process launched with PID 19984
INFO: [Synth 8-11241] undeclared symbol 'REGCCE', assumed default net type 'wire' [C:/Xilinx/Vivado/2022.2/data/verilog/src/unimacro/BRAM_SINGLE_MACRO.v:2170]
WARNING: [Synth 8-10714] extra semicolon is not allowed here in this dialect; use SystemVerilog mode instead [c:/SOC_basic/day6_7_8/ip_repo/Median_Filter_IP_1_0/hdl/Median_Filter_IP_v1_0_S00_AXI.v:411]
WARNING: [Synth 8-11065] parameter 'MEM_ADDR_BITS' becomes localparam in 'Median_Filter_IP_v1_0_S00_AXI' with formal parameter declaration list [c:/SOC_basic/day6_7_8/ip_repo/Median_Filter_IP_1_0/hdl/Median_Filter_IP_v1_0_S00_AXI.v:401]
WARNING: [Synth 8-11065] parameter 'BUS_ADDR_BITS' becomes localparam in 'Median_Filter_IP_v1_0_S00_AXI' with formal parameter declaration list [c:/SOC_basic/day6_7_8/ip_repo/Median_Filter_IP_1_0/hdl/Median_Filter_IP_v1_0_S00_AXI.v:402]
WARNING: [Synth 8-11065] parameter 'DIM_BITS' becomes localparam in 'Median_Filter_IP_v1_0_S00_AXI' with formal parameter declaration list [c:/SOC_basic/day6_7_8/ip_repo/Median_Filter_IP_1_0/hdl/Median_Filter_IP_v1_0_S00_AXI.v:403]
---------------------------------------------------------------------------------
Starting Synthesize : Time (s): cpu = 00:00:09 ; elapsed = 00:00:09 . Memory (MB): peak = 1449.246 ; gain = 403.453
---------------------------------------------------------------------------------
INFO: [Synth 8-6157] synthesizing module 'Median_Filter_IP_v1_0' [c:/SOC_basic/day6_7_8/ip_repo/Median_Filter_IP_1_0/hdl/Median_Filter_IP_v1_0.v:4]
INFO: [Synth 8-6157] synthesizing module 'Median_Filter_IP_v1_0_S00_AXI' [c:/SOC_basic/day6_7_8/ip_repo/Median_Filter_IP_1_0/hdl/Median_Filter_IP_v1_0_S00_AXI.v:4]
	Parameter C_S_AXI_DATA_WIDTH bound to: 32 - type: integer 
	Parameter C_S_AXI_ADDR_WIDTH bound to: 4 - type: integer 
INFO: [Synth 8-226] default block is never used [c:/SOC_basic/day6_7_8/ip_repo/Median_Filter_IP_1_0/hdl/Median_Filter_IP_v1_0_S00_AXI.v:231]
INFO: [Synth 8-226] default block is never used [c:/SOC_basic/day6_7_8/ip_repo/Median_Filter_IP_1_0/hdl/Median_Filter_IP_v1_0_S00_AXI.v:372]
INFO: [Synth 8-6157] synthesizing module 'Median_Filter_Core' [c:/SOC_basic/day6_7_8/ip_repo/Median_Filter_IP_1_0/src/Median_Filter_Core.v:3]
	Parameter MEM_ADDR_BITS bound to: 12 - type: integer 
	Parameter BUS_ADDR_BITS bound to: 13 - type: integer 
	Parameter DIM_BITS bound to: 16 - type: integer 
INFO: [Synth 8-6157] synthesizing module 'Median_Filter_Arbiter' [c:/SOC_basic/day6_7_8/ip_repo/Median_Filter_IP_1_0/src/Median_Filter_Arbiter.v:3]
	Parameter MEM_ADDR_BITS bound to: 12 - type: integer 
	Parameter BUS_ADDR_BITS bound to: 13 - type: integer 
	Parameter DIM_BITS bound to: 16 - type: integer 
INFO: [Synth 8-6155] done synthesizing module 'Median_Filter_Arbiter' (0#1) [c:/SOC_basic/day6_7_8/ip_repo/Median_Filter_IP_1_0/src/Median_Filter_Arbiter.v:3]
INFO: [Synth 8-6157] synthesizing module 'Median_Filter_FSM_CTRL' [c:/SOC_basic/day6_7_8/ip_repo/Median_Filter_IP_1_0/src/Median_Filter_FSM_CTRL.v:3]
	Parameter DIM_BITS bound to: 16 - type: integer 
INFO: [Synth 8-6155] done synthesizing module 'Median_Filter_FSM_CTRL' (0#1) [c:/SOC_basic/day6_7_8/ip_repo/Median_Filter_IP_1_0/src/Median_Filter_FSM_CTRL.v:3]
INFO: [Synth 8-6157] synthesizing module 'Median_Filter_Input_Bank_Memories' [c:/SOC_basic/day6_7_8/ip_repo/Median_Filter_IP_1_0/src/Median_Filter_Input_Bank_Memories.v:3]
	Parameter ADDR_BITS bound to: 12 - type: integer 
	Parameter DATA_BITS bound to: 8 - type: integer 
INFO: [Synth 8-6157] synthesizing module 'Median_Filter_BRAM_Bank' [c:/SOC_basic/day6_7_8/ip_repo/Median_Filter_IP_1_0/src/Median_Filter_BRAM_Bank.v:3]
	Parameter ADDR_BITS bound to: 12 - type: integer 
	Parameter DATA_BITS bound to: 8 - type: integer 
INFO: [Synth 8-6155] done synthesizing module 'Median_Filter_BRAM_Bank' (0#1) [c:/SOC_basic/day6_7_8/ip_repo/Median_Filter_IP_1_0/src/Median_Filter_BRAM_Bank.v:3]
INFO: [Synth 8-6155] done synthesizing module 'Median_Filter_Input_Bank_Memories' (0#1) [c:/SOC_basic/day6_7_8/ip_repo/Median_Filter_IP_1_0/src/Median_Filter_Input_Bank_Memories.v:3]
INFO: [Synth 8-6157] synthesizing module 'Median_Filter_Datapath' [c:/SOC_basic/day6_7_8/ip_repo/Median_Filter_IP_1_0/src/Median_Filter_Datapath.v:3]
	Parameter MEM_ADDR_BITS bound to: 12 - type: integer 
	Parameter DIM_BITS bound to: 16 - type: integer 
INFO: [Synth 8-6157] synthesizing module 'Median_Filter_Median9' [c:/SOC_basic/day6_7_8/ip_repo/Median_Filter_IP_1_0/src/Median_Filter_Median9.v:3]
INFO: [Synth 8-6157] synthesizing module 'Median_Filter_Compare_Swap' [c:/SOC_basic/day6_7_8/ip_repo/Median_Filter_IP_1_0/src/Median_Filter_Compare_Swap.v:3]
INFO: [Synth 8-6155] done synthesizing module 'Median_Filter_Compare_Swap' (0#1) [c:/SOC_basic/day6_7_8/ip_repo/Median_Filter_IP_1_0/src/Median_Filter_Compare_Swap.v:3]
INFO: [Synth 8-6155] done synthesizing module 'Median_Filter_Median9' (0#1) [c:/SOC_basic/day6_7_8/ip_repo/Median_Filter_IP_1_0/src/Median_Filter_Median9.v:3]
INFO: [Synth 8-6155] done synthesizing module 'Median_Filter_Datapath' (0#1) [c:/SOC_basic/day6_7_8/ip_repo/Median_Filter_IP_1_0/src/Median_Filter_Datapath.v:3]
INFO: [Synth 8-6157] synthesizing module 'Median_Filter_Output_Memory' [c:/SOC_basic/day6_7_8/ip_repo/Median_Filter_IP_1_0/src/Median_Filter_Output_Memory.v:3]
	Parameter ADDR_BITS bound to: 12 - type: integer 
	Parameter DATA_BITS bound to: 8 - type: integer 
INFO: [Synth 8-6155] done synthesizing module 'Median_Filter_Output_Memory' (0#1) [c:/SOC_basic/day6_7_8/ip_repo/Median_Filter_IP_1_0/src/Median_Filter_Output_Memory.v:3]
INFO: [Synth 8-6155] done synthesizing module 'Median_Filter_Core' (0#1) [c:/SOC_basic/day6_7_8/ip_repo/Median_Filter_IP_1_0/src/Median_Filter_Core.v:3]
INFO: [Synth 8-6155] done synthesizing module 'Median_Filter_IP_v1_0_S00_AXI' (0#1) [c:/SOC_basic/day6_7_8/ip_repo/Median_Filter_IP_1_0/hdl/Median_Filter_IP_v1_0_S00_AXI.v:4]
INFO: [Synth 8-6155] done synthesizing module 'Median_Filter_IP_v1_0' (0#1) [c:/SOC_basic/day6_7_8/ip_repo/Median_Filter_IP_1_0/hdl/Median_Filter_IP_v1_0.v:4]
WARNING: [Synth 8-6014] Unused sequential element slv_reg0_reg was removed.  [c:/SOC_basic/day6_7_8/ip_repo/Median_Filter_IP_1_0/hdl/Median_Filter_IP_v1_0_S00_AXI.v:223]
WARNING: [Synth 8-6014] Unused sequential element slv_reg1_reg was removed.  [c:/SOC_basic/day6_7_8/ip_repo/Median_Filter_IP_1_0/hdl/Median_Filter_IP_v1_0_S00_AXI.v:224]
WARNING: [Synth 8-6014] Unused sequential element slv_reg2_reg was removed.  [c:/SOC_basic/day6_7_8/ip_repo/Median_Filter_IP_1_0/hdl/Median_Filter_IP_v1_0_S00_AXI.v:225]
WARNING: [Synth 8-6014] Unused sequential element slv_reg3_reg was removed.  [c:/SOC_basic/day6_7_8/ip_repo/Median_Filter_IP_1_0/hdl/Median_Filter_IP_v1_0_S00_AXI.v:226]
WARNING: [Synth 8-7129] Port w_data_i[31] in module Median_Filter_Arbiter is either unconnected or has no load
WARNING: [Synth 8-7129] Port w_data_i[30] in module Median_Filter_Arbiter is either unconnected or has no load
WARNING: [Synth 8-7129] Port w_data_i[29] in module Median_Filter_Arbiter is either unconnected or has no load
WARNING: [Synth 8-7129] Port w_data_i[28] in module Median_Filter_Arbiter is either unconnected or has no load
WARNING: [Synth 8-7129] Port w_data_i[27] in module Median_Filter_Arbiter is either unconnected or has no load
WARNING: [Synth 8-7129] Port w_data_i[26] in module Median_Filter_Arbiter is either unconnected or has no load
WARNING: [Synth 8-7129] Port w_data_i[25] in module Median_Filter_Arbiter is either unconnected or has no load
WARNING: [Synth 8-7129] Port w_data_i[24] in module Median_Filter_Arbiter is either unconnected or has no load
WARNING: [Synth 8-7129] Port w_data_i[23] in module Median_Filter_Arbiter is either unconnected or has no load
WARNING: [Synth 8-7129] Port w_data_i[22] in module Median_Filter_Arbiter is either unconnected or has no load
WARNING: [Synth 8-7129] Port w_data_i[21] in module Median_Filter_Arbiter is either unconnected or has no load
WARNING: [Synth 8-7129] Port w_data_i[20] in module Median_Filter_Arbiter is either unconnected or has no load
WARNING: [Synth 8-7129] Port w_data_i[19] in module Median_Filter_Arbiter is either unconnected or has no load
WARNING: [Synth 8-7129] Port w_data_i[18] in module Median_Filter_Arbiter is either unconnected or has no load
WARNING: [Synth 8-7129] Port w_data_i[17] in module Median_Filter_Arbiter is either unconnected or has no load
WARNING: [Synth 8-7129] Port w_data_i[16] in module Median_Filter_Arbiter is either unconnected or has no load
WARNING: [Synth 8-7129] Port S_AXI_AWPROT[2] in module Median_Filter_IP_v1_0_S00_AXI is either unconnected or has no load
WARNING: [Synth 8-7129] Port S_AXI_AWPROT[1] in module Median_Filter_IP_v1_0_S00_AXI is either unconnected or has no load
WARNING: [Synth 8-7129] Port S_AXI_AWPROT[0] in module Median_Filter_IP_v1_0_S00_AXI is either unconnected or has no load
WARNING: [Synth 8-7129] Port S_AXI_WSTRB[3] in module Median_Filter_IP_v1_0_S00_AXI is either unconnected or has no load
WARNING: [Synth 8-7129] Port S_AXI_WSTRB[2] in module Median_Filter_IP_v1_0_S00_AXI is either unconnected or has no load
WARNING: [Synth 8-7129] Port S_AXI_WSTRB[1] in module Median_Filter_IP_v1_0_S00_AXI is either unconnected or has no load
WARNING: [Synth 8-7129] Port S_AXI_WSTRB[0] in module Median_Filter_IP_v1_0_S00_AXI is either unconnected or has no load
WARNING: [Synth 8-7129] Port S_AXI_ARPROT[2] in module Median_Filter_IP_v1_0_S00_AXI is either unconnected or has no load
WARNING: [Synth 8-7129] Port S_AXI_ARPROT[1] in module Median_Filter_IP_v1_0_S00_AXI is either unconnected or has no load
WARNING: [Synth 8-7129] Port S_AXI_ARPROT[0] in module Median_Filter_IP_v1_0_S00_AXI is either unconnected or has no load
---------------------------------------------------------------------------------
Finished Synthesize : Time (s): cpu = 00:00:12 ; elapsed = 00:00:13 . Memory (MB): peak = 1546.258 ; gain = 500.465
---------------------------------------------------------------------------------
---------------------------------------------------------------------------------
Finished Constraint Validation : Time (s): cpu = 00:00:13 ; elapsed = 00:00:14 . Memory (MB): peak = 1546.258 ; gain = 500.465
---------------------------------------------------------------------------------
---------------------------------------------------------------------------------
Start Loading Part and Timing Information
---------------------------------------------------------------------------------
Loading part: xck26-sfvc784-2LV-c
INFO: [Synth 8-6742] Reading net delay rules and data
---------------------------------------------------------------------------------
Finished Loading Part and Timing Information : Time (s): cpu = 00:00:13 ; elapsed = 00:00:14 . Memory (MB): peak = 1546.258 ; gain = 500.465
INFO: [Device 21-403] Loading part xck26-sfvc784-2LV-c
---------------------------------------------------------------------------------
INFO: [Synth 8-802] inferred FSM for state register 'state_r_reg' in module 'Median_Filter_FSM_CTRL'
INFO: [Synth 8-802] inferred FSM for state register 'state_r_reg' in module 'Median_Filter_Datapath'
---------------------------------------------------------------------------------------------------
                   State |                     New Encoding |                Previous Encoding 
---------------------------------------------------------------------------------------------------
                    IDLE |                              000 |                              000
                    LOAD |                              010 |                              001
                    WORK |                              100 |                              010
                    READ |                              011 |                              011
                    DONE |                              001 |                              100
---------------------------------------------------------------------------------------------------
INFO: [Synth 8-3354] encoded FSM with state register 'state_r_reg' using encoding 'sequential' in module 'Median_Filter_FSM_CTRL'
INFO: [Synth 8-7030] Implemented Non-Cascaded Block Ram (cascade_height = 1) of width 8 for RAM "Median_Filter_BRAM_Bank:/mem_reg"
---------------------------------------------------------------------------------------------------
                   State |                     New Encoding |                Previous Encoding 
---------------------------------------------------------------------------------------------------
                 DP_IDLE |                        000000001 |                             0000
             DP_READ_REQ |                        000000010 |                             0001
            DP_READ_WAIT |                        000000100 |                             0010
              DP_CAPTURE |                        000001000 |                             0011
           DP_WRITE_COPY |                        000010000 |                             0100
           DP_WRITE_LEFT |                        000100000 |                             0101
            DP_WRITE_MED |                        001000000 |                             0110
          DP_WRITE_RIGHT |                        010000000 |                             0111
                 DP_DONE |                        100000000 |                             1000
---------------------------------------------------------------------------------------------------
INFO: [Synth 8-3354] encoded FSM with state register 'state_r_reg' using encoding 'one-hot' in module 'Median_Filter_Datapath'
---------------------------------------------------------------------------------
Finished RTL Optimization Phase 2 : Time (s): cpu = 00:00:15 ; elapsed = 00:00:15 . Memory (MB): peak = 1546.258 ; gain = 500.465
---------------------------------------------------------------------------------
No constraint files found.
---------------------------------------------------------------------------------
Start RTL Component Statistics 
---------------------------------------------------------------------------------
Detailed RTL Component Info : 
+---Adders : 
	   2 Input   16 Bit       Adders := 3     
	   2 Input   12 Bit       Adders := 2     
	   2 Input    2 Bit       Adders := 3     
+---Registers : 
	               16 Bit    Registers := 5     
	               12 Bit    Registers := 2     
	                8 Bit    Registers := 14    
	                4 Bit    Registers := 2     
	                2 Bit    Registers := 5     
	                1 Bit    Registers := 11    
+---RAMs : 
	              32K Bit	(4096 X 8 bit)          RAMs := 4     
+---Muxes : 
	   2 Input   16 Bit        Muxes := 3     
	   5 Input   16 Bit        Muxes := 2     
	   7 Input   12 Bit        Muxes := 1     
	   9 Input   12 Bit        Muxes := 1     
	   2 Input   12 Bit        Muxes := 9     
	   9 Input    9 Bit        Muxes := 1     
	   2 Input    9 Bit        Muxes := 6     
	   2 Input    8 Bit        Muxes := 89    
	   7 Input    8 Bit        Muxes := 1     
	   9 Input    8 Bit        Muxes := 10    
	   5 Input    3 Bit        Muxes := 1     
	  10 Input    3 Bit        Muxes := 1     
	   2 Input    2 Bit        Muxes := 5     
	   5 Input    2 Bit        Muxes := 3     
	   2 Input    1 Bit        Muxes := 23    
	   5 Input    1 Bit        Muxes := 9     
	   7 Input    1 Bit        Muxes := 1     
	   9 Input    1 Bit        Muxes := 5     
---------------------------------------------------------------------------------
Finished RTL Component Statistics 
---------------------------------------------------------------------------------
---------------------------------------------------------------------------------
Start Part Resource Summary
---------------------------------------------------------------------------------
Part Resources:
DSPs: 1248 (col length:96)
BRAMs: 288 (col length: RAMB18 96 RAMB36 48)
---------------------------------------------------------------------------------
Finished Part Resource Summary
---------------------------------------------------------------------------------
No constraint files found.
---------------------------------------------------------------------------------
Start Cross Boundary and Area Optimization
---------------------------------------------------------------------------------
WARNING: [Synth 8-7080] Parallel synthesis criteria is not met
WARNING: [Synth 8-3917] design Median_Filter_IP_v1_0 has port s00_axi_rdata[31] driven by constant 0
WARNING: [Synth 8-3917] design Median_Filter_IP_v1_0 has port s00_axi_rdata[30] driven by constant 0
WARNING: [Synth 8-3917] design Median_Filter_IP_v1_0 has port s00_axi_rdata[29] driven by constant 0
WARNING: [Synth 8-3917] design Median_Filter_IP_v1_0 has port s00_axi_rdata[28] driven by constant 0
WARNING: [Synth 8-3917] design Median_Filter_IP_v1_0 has port s00_axi_rdata[27] driven by constant 0
WARNING: [Synth 8-3917] design Median_Filter_IP_v1_0 has port s00_axi_rdata[26] driven by constant 0
WARNING: [Synth 8-3917] design Median_Filter_IP_v1_0 has port s00_axi_rdata[25] driven by constant 0
WARNING: [Synth 8-3917] design Median_Filter_IP_v1_0 has port s00_axi_rdata[24] driven by constant 0
WARNING: [Synth 8-3917] design Median_Filter_IP_v1_0 has port s00_axi_rdata[23] driven by constant 0
WARNING: [Synth 8-3917] design Median_Filter_IP_v1_0 has port s00_axi_rdata[22] driven by constant 0
WARNING: [Synth 8-3917] design Median_Filter_IP_v1_0 has port s00_axi_rdata[21] driven by constant 0
WARNING: [Synth 8-3917] design Median_Filter_IP_v1_0 has port s00_axi_rdata[20] driven by constant 0
WARNING: [Synth 8-3917] design Median_Filter_IP_v1_0 has port s00_axi_rdata[19] driven by constant 0
WARNING: [Synth 8-3917] design Median_Filter_IP_v1_0 has port s00_axi_rdata[18] driven by constant 0
WARNING: [Synth 8-3917] design Median_Filter_IP_v1_0 has port s00_axi_rdata[17] driven by constant 0
WARNING: [Synth 8-3917] design Median_Filter_IP_v1_0 has port s00_axi_rdata[16] driven by constant 0
WARNING: [Synth 8-7129] Port s00_axi_awprot[2] in module Median_Filter_IP_v1_0 is either unconnected or has no load
WARNING: [Synth 8-7129] Port s00_axi_awprot[1] in module Median_Filter_IP_v1_0 is either unconnected or has no load
WARNING: [Synth 8-7129] Port s00_axi_awprot[0] in module Median_Filter_IP_v1_0 is either unconnected or has no load
WARNING: [Synth 8-7129] Port s00_axi_wdata[31] in module Median_Filter_IP_v1_0 is either unconnected or has no load
WARNING: [Synth 8-7129] Port s00_axi_wdata[30] in module Median_Filter_IP_v1_0 is either unconnected or has no load
WARNING: [Synth 8-7129] Port s00_axi_wdata[29] in module Median_Filter_IP_v1_0 is either unconnected or has no load
WARNING: [Synth 8-7129] Port s00_axi_wdata[28] in module Median_Filter_IP_v1_0 is either unconnected or has no load
WARNING: [Synth 8-7129] Port s00_axi_wdata[27] in module Median_Filter_IP_v1_0 is either unconnected or has no load
WARNING: [Synth 8-7129] Port s00_axi_wdata[26] in module Median_Filter_IP_v1_0 is either unconnected or has no load
WARNING: [Synth 8-7129] Port s00_axi_wdata[25] in module Median_Filter_IP_v1_0 is either unconnected or has no load
WARNING: [Synth 8-7129] Port s00_axi_wdata[24] in module Median_Filter_IP_v1_0 is either unconnected or has no load
WARNING: [Synth 8-7129] Port s00_axi_wdata[23] in module Median_Filter_IP_v1_0 is either unconnected or has no load
WARNING: [Synth 8-7129] Port s00_axi_wdata[22] in module Median_Filter_IP_v1_0 is either unconnected or has no load
WARNING: [Synth 8-7129] Port s00_axi_wdata[21] in module Median_Filter_IP_v1_0 is either unconnected or has no load
WARNING: [Synth 8-7129] Port s00_axi_wdata[20] in module Median_Filter_IP_v1_0 is either unconnected or has no load
WARNING: [Synth 8-7129] Port s00_axi_wdata[19] in module Median_Filter_IP_v1_0 is either unconnected or has no load
WARNING: [Synth 8-7129] Port s00_axi_wdata[18] in module Median_Filter_IP_v1_0 is either unconnected or has no load
WARNING: [Synth 8-7129] Port s00_axi_wdata[17] in module Median_Filter_IP_v1_0 is either unconnected or has no load
WARNING: [Synth 8-7129] Port s00_axi_wdata[16] in module Median_Filter_IP_v1_0 is either unconnected or has no load
WARNING: [Synth 8-7129] Port s00_axi_wstrb[3] in module Median_Filter_IP_v1_0 is either unconnected or has no load
WARNING: [Synth 8-7129] Port s00_axi_wstrb[2] in module Median_Filter_IP_v1_0 is either unconnected or has no load
WARNING: [Synth 8-7129] Port s00_axi_wstrb[1] in module Median_Filter_IP_v1_0 is either unconnected or has no load
WARNING: [Synth 8-7129] Port s00_axi_wstrb[0] in module Median_Filter_IP_v1_0 is either unconnected or has no load
WARNING: [Synth 8-7129] Port s00_axi_arprot[2] in module Median_Filter_IP_v1_0 is either unconnected or has no load
WARNING: [Synth 8-7129] Port s00_axi_arprot[1] in module Median_Filter_IP_v1_0 is either unconnected or has no load
WARNING: [Synth 8-7129] Port s00_axi_arprot[0] in module Median_Filter_IP_v1_0 is either unconnected or has no load
INFO: [Synth 8-7030] Implemented Non-Cascaded Block Ram (cascade_height = 1) of width 8 for RAM "Median_Filter_IP_v1_0/Median_Filter_IP_v1_0_S00_AXI_inst/u1/u_Median_Filter_Input_Bank_Memories/u_Bank0/mem_reg"
INFO: [Synth 8-7030] Implemented Non-Cascaded Block Ram (cascade_height = 1) of width 8 for RAM "Median_Filter_IP_v1_0/Median_Filter_IP_v1_0_S00_AXI_inst/u1/u_Median_Filter_Input_Bank_Memories/u_Bank1/mem_reg"
INFO: [Synth 8-7030] Implemented Non-Cascaded Block Ram (cascade_height = 1) of width 8 for RAM "Median_Filter_IP_v1_0/Median_Filter_IP_v1_0_S00_AXI_inst/u1/u_Median_Filter_Input_Bank_Memories/u_Bank2/mem_reg"
INFO: [Synth 8-7030] Implemented Non-Cascaded Block Ram (cascade_height = 1) of width 8 for RAM "Median_Filter_IP_v1_0/Median_Filter_IP_v1_0_S00_AXI_inst/u1/u_Median_Filter_Output_Memory/u_Output_BRAM/mem_reg"
WARNING: [Synth 8-3332] Sequential element (Median_Filter_IP_v1_0_S00_AXI_inst/u1/u_Median_Filter_FSM_CTRL/FSM_sequential_state_r_reg[2]) is unused and will be removed from module Median_Filter_IP_v1_0.
WARNING: [Synth 8-3332] Sequential element (Median_Filter_IP_v1_0_S00_AXI_inst/u1/u_Median_Filter_FSM_CTRL/FSM_sequential_state_r_reg[1]) is unused and will be removed from module Median_Filter_IP_v1_0.
WARNING: [Synth 8-3332] Sequential element (Median_Filter_IP_v1_0_S00_AXI_inst/u1/u_Median_Filter_FSM_CTRL/FSM_sequential_state_r_reg[0]) is unused and will be removed from module Median_Filter_IP_v1_0.
WARNING: [Synth 8-3332] Sequential element (Median_Filter_IP_v1_0_S00_AXI_inst/u1/u_Median_Filter_Datapath/FSM_onehot_state_r_reg[8]) is unused and will be removed from module Median_Filter_IP_v1_0.
---------------------------------------------------------------------------------
Finished Cross Boundary and Area Optimization : Time (s): cpu = 00:00:32 ; elapsed = 00:00:35 . Memory (MB): peak = 2350.195 ; gain = 1304.402
---------------------------------------------------------------------------------
---------------------------------------------------------------------------------
Start ROM, RAM, DSP, Shift Register and Retiming Reporting
---------------------------------------------------------------------------------

Block RAM: Preliminary Mapping Report (see note below)
+----------------------+-------------------------------------------------------------------------------------------+------------------------+---+---+------------------------+---+---+------------------+--------+--------+-----------------+
|Module Name           | RTL Object                                                                                | PORT A (Depth x Width) | W | R | PORT B (Depth x Width) | W | R | Ports driving FF | RAMB18 | RAMB36 | Cascade Heights | 
+----------------------+-------------------------------------------------------------------------------------------+------------------------+---+---+------------------------+---+---+------------------+--------+--------+-----------------+
|Median_Filter_IP_v1_0 | Median_Filter_IP_v1_0_S00_AXI_inst/u1/u_Median_Filter_Input_Bank_Memories/u_Bank0/mem_reg | 4 K x 8(READ_FIRST)    | W |   | 4 K x 8(WRITE_FIRST)   |   | R | Port A and B     | 0      | 1      | 1               | 
|Median_Filter_IP_v1_0 | Median_Filter_IP_v1_0_S00_AXI_inst/u1/u_Median_Filter_Output_Memory/u_Output_BRAM/mem_reg | 4 K x 8(READ_FIRST)    | W |   | 4 K x 8(WRITE_FIRST)   |   | R | Port A and B     | 0      | 1      | 1               | 
+----------------------+-------------------------------------------------------------------------------------------+------------------------+---+---+------------------------+---+---+------------------+--------+--------+-----------------+

Note: The table above is a preliminary report that shows the Block RAMs at the current stage of the synthesis flow. Some Block RAMs may be reimplemented as non Block RAM primitives later in the synthesis flow. Multiple instantiated Block RAMs are reported only once. 
---------------------------------------------------------------------------------
Finished ROM, RAM, DSP, Shift Register and Retiming Reporting
---------------------------------------------------------------------------------
No constraint files found.
---------------------------------------------------------------------------------
Start Timing Optimization
---------------------------------------------------------------------------------
---------------------------------------------------------------------------------
Finished Timing Optimization : Time (s): cpu = 00:00:32 ; elapsed = 00:00:35 . Memory (MB): peak = 2350.195 ; gain = 1304.402
---------------------------------------------------------------------------------
---------------------------------------------------------------------------------
Start ROM, RAM, DSP, Shift Register and Retiming Reporting
---------------------------------------------------------------------------------

Block RAM: Final Mapping Report
+----------------------+-------------------------------------------------------------------------------------------+------------------------+---+---+------------------------+---+---+------------------+--------+--------+-----------------+
|Module Name           | RTL Object                                                                                | PORT A (Depth x Width) | W | R | PORT B (Depth x Width) | W | R | Ports driving FF | RAMB18 | RAMB36 | Cascade Heights | 
+----------------------+-------------------------------------------------------------------------------------------+------------------------+---+---+------------------------+---+---+------------------+--------+--------+-----------------+
|Median_Filter_IP_v1_0 | Median_Filter_IP_v1_0_S00_AXI_inst/u1/u_Median_Filter_Input_Bank_Memories/u_Bank0/mem_reg | 4 K x 8(READ_FIRST)    | W |   | 4 K x 8(WRITE_FIRST)   |   | R | Port A and B     | 0      | 1      | 1               | 
|Median_Filter_IP_v1_0 | Median_Filter_IP_v1_0_S00_AXI_inst/u1/u_Median_Filter_Output_Memory/u_Output_BRAM/mem_reg | 4 K x 8(READ_FIRST)    | W |   | 4 K x 8(WRITE_FIRST)   |   | R | Port A and B     | 0      | 1      | 1               | 
+----------------------+-------------------------------------------------------------------------------------------+------------------------+---+---+------------------------+---+---+------------------+--------+--------+-----------------+

---------------------------------------------------------------------------------
Finished ROM, RAM, DSP, Shift Register and Retiming Reporting
---------------------------------------------------------------------------------
---------------------------------------------------------------------------------
Start Technology Mapping
---------------------------------------------------------------------------------
INFO: [Synth 8-7052] The timing for the instance Median_Filter_IP_v1_0_S00_AXI_inst/u1/u_Median_Filter_Input_Bank_Memories/u_Bank0/mem_reg_bram_0 (implemented as a Block RAM) might be sub-optimal as no optional output register could be merged into the ram block. Providing additional output register may help in improving timing.
INFO: [Synth 8-7052] The timing for the instance Median_Filter_IP_v1_0_S00_AXI_inst/u1/u_Median_Filter_Output_Memory/u_Output_BRAM/mem_reg_bram_0 (implemented as a Block RAM) might be sub-optimal as no optional output register could be merged into the ram block. Providing additional output register may help in improving timing.
---------------------------------------------------------------------------------
Finished Technology Mapping : Time (s): cpu = 00:00:32 ; elapsed = 00:00:36 . Memory (MB): peak = 2350.195 ; gain = 1304.402
---------------------------------------------------------------------------------
---------------------------------------------------------------------------------
Start IO Insertion
---------------------------------------------------------------------------------
---------------------------------------------------------------------------------
Start Flattening Before IO Insertion
---------------------------------------------------------------------------------
---------------------------------------------------------------------------------
Finished Flattening Before IO Insertion
---------------------------------------------------------------------------------
---------------------------------------------------------------------------------
Start Final Netlist Cleanup
---------------------------------------------------------------------------------
---------------------------------------------------------------------------------
Finished Final Netlist Cleanup
---------------------------------------------------------------------------------
---------------------------------------------------------------------------------
Finished IO Insertion : Time (s): cpu = 00:00:40 ; elapsed = 00:00:44 . Memory (MB): peak = 2350.195 ; gain = 1304.402
---------------------------------------------------------------------------------
---------------------------------------------------------------------------------
Start Renaming Generated Instances
---------------------------------------------------------------------------------
---------------------------------------------------------------------------------
Finished Renaming Generated Instances : Time (s): cpu = 00:00:40 ; elapsed = 00:00:44 . Memory (MB): peak = 2350.195 ; gain = 1304.402
---------------------------------------------------------------------------------
---------------------------------------------------------------------------------
Start Rebuilding User Hierarchy
---------------------------------------------------------------------------------
---------------------------------------------------------------------------------
Finished Rebuilding User Hierarchy : Time (s): cpu = 00:00:40 ; elapsed = 00:00:44 . Memory (MB): peak = 2350.195 ; gain = 1304.402
---------------------------------------------------------------------------------
---------------------------------------------------------------------------------
Start Renaming Generated Ports
---------------------------------------------------------------------------------
---------------------------------------------------------------------------------
Finished Renaming Generated Ports : Time (s): cpu = 00:00:40 ; elapsed = 00:00:44 . Memory (MB): peak = 2350.195 ; gain = 1304.402
---------------------------------------------------------------------------------
---------------------------------------------------------------------------------
Start Handling Custom Attributes
---------------------------------------------------------------------------------
---------------------------------------------------------------------------------
Finished Handling Custom Attributes : Time (s): cpu = 00:00:40 ; elapsed = 00:00:44 . Memory (MB): peak = 2350.195 ; gain = 1304.402
---------------------------------------------------------------------------------
---------------------------------------------------------------------------------
Start Renaming Generated Nets
---------------------------------------------------------------------------------
---------------------------------------------------------------------------------
Finished Renaming Generated Nets : Time (s): cpu = 00:00:40 ; elapsed = 00:00:44 . Memory (MB): peak = 2350.195 ; gain = 1304.402
---------------------------------------------------------------------------------
---------------------------------------------------------------------------------
Start Writing Synthesis Report
---------------------------------------------------------------------------------

Report BlackBoxes: 
+-+--------------+----------+
| |BlackBox name |Instances |
+-+--------------+----------+
+-+--------------+----------+

Report Cell Usage: 
+------+---------+------+
|      |Cell     |Count |
+------+---------+------+
|1     |BUFG     |     1|
|2     |LUT1     |     2|
|3     |LUT2     |    34|
|4     |LUT3     |     4|
|5     |LUT4     |     6|
|6     |LUT5     |     1|
|7     |LUT6     |     6|
|8     |RAMB36E2 |     2|
|9     |FDCE     |    25|
|10    |FDPE     |     1|
|11    |FDRE     |     7|
|12    |FDSE     |     1|
|13    |IBUF     |     9|
|14    |OBUF     |    41|
+------+---------+------+

Report Instance Areas: 
+------+------------------------------------------+----------------------------------+------+
|      |Instance                                  |Module                            |Cells |
+------+------------------------------------------+----------------------------------+------+
|1     |top                                       |                                  |   140|
|2     |  Median_Filter_IP_v1_0_S00_AXI_inst      |Median_Filter_IP_v1_0_S00_AXI     |    89|
|3     |    u1                                    |Median_Filter_Core                |    74|
|4     |      u_Median_Filter_Arbiter             |Median_Filter_Arbiter             |     9|
|5     |      u_Median_Filter_Datapath            |Median_Filter_Datapath            |    63|
|6     |      u_Median_Filter_Input_Bank_Memories |Median_Filter_Input_Bank_Memories |     1|
|7     |        u_Bank0                           |Median_Filter_BRAM_Bank_0         |     1|
|8     |      u_Median_Filter_Output_Memory       |Median_Filter_Output_Memory       |     1|
|9     |        u_Output_BRAM                     |Median_Filter_BRAM_Bank           |     1|
+------+------------------------------------------+----------------------------------+------+
---------------------------------------------------------------------------------
Finished Writing Synthesis Report : Time (s): cpu = 00:00:40 ; elapsed = 00:00:44 . Memory (MB): peak = 2350.195 ; gain = 1304.402
---------------------------------------------------------------------------------
Synthesis finished with 0 errors, 0 critical warnings and 81 warnings.
Synthesis Optimization Runtime : Time (s): cpu = 00:00:40 ; elapsed = 00:00:44 . Memory (MB): peak = 2350.195 ; gain = 1304.402
Synthesis Optimization Complete : Time (s): cpu = 00:00:40 ; elapsed = 00:00:44 . Memory (MB): peak = 2350.195 ; gain = 1304.402
INFO: [Project 1-571] Translating synthesized netlist
Netlist sorting complete. Time (s): cpu = 00:00:00 ; elapsed = 00:00:00.003 . Memory (MB): peak = 2350.195 ; gain = 0.000
INFO: [Netlist 29-17] Analyzing 10 Unisim elements for replacement
INFO: [Netlist 29-28] Unisim Transformation completed in 0 CPU seconds
INFO: [Project 1-570] Preparing netlist for logic optimization
INFO: [Opt 31-138] Pushed 0 inverter(s) to 0 load pin(s).
Netlist sorting complete. Time (s): cpu = 00:00:00 ; elapsed = 00:00:00 . Memory (MB): peak = 2400.777 ; gain = 0.000
INFO: [Project 1-111] Unisim Transformation Summary:
  A total of 10 instances were transformed.
  BUFG => BUFGCE: 1 instance 
  IBUF => IBUF (IBUFCTRL, INBUF): 9 instances

Synth Design complete, checksum: 209c4236
INFO: [Common 17-83] Releasing license: Synthesis
52 Infos, 82 Warnings, 0 Critical Warnings and 0 Errors encountered.
synth_design completed successfully
synth_design: Time (s): cpu = 00:00:45 ; elapsed = 00:00:48 . Memory (MB): peak = 2400.777 ; gain = 1354.984
INFO: [Common 17-1381] The checkpoint 'c:/SOC_basic/day6_7_8/SoC/SoC.tmp/median_filter_ip_v1_0_project/Median_Filter_IP_v1_0_project.runs/synth_1/Median_Filter_IP_v1_0.dcp' has been generated.
INFO: [runtcl-4] Executing : report_utilization -file Median_Filter_IP_v1_0_utilization_synth.rpt -pb Median_Filter_IP_v1_0_utilization_synth.pb
INFO: [Common 17-206] Exiting Vivado at Sun Sep 20 16:29:22 2026...
