Copyright 1986-2022 Xilinx, Inc. All Rights Reserved.
----------------------------------------------------------------------------------------
| Tool Version : Vivado v.2022.2 (win64) Build 3671981 Fri Oct 14 05:00:03 MDT 2022
| Date         : Wed Sep  2 00:30:59 2026
| Host         : LAPTOP-RKRVUI82 running 64-bit major release  (build 9200)
| Command      : report_control_sets -verbose -file SoC_wrapper_control_sets_placed.rpt
| Design       : SoC_wrapper
| Device       : xck26
----------------------------------------------------------------------------------------

Control Set Information

Table of Contents
-----------------
1. Summary
2. Histogram
3. Flip-Flop Distribution
4. Detailed Control Set Information

1. Summary
----------

+----------------------------------------------------------+-------+
|                          Status                          | Count |
+----------------------------------------------------------+-------+
| Total control sets                                       |   154 |
|    Minimum number of control sets                        |   154 |
|    Addition due to synthesis replication                 |     0 |
|    Addition due to physical synthesis replication        |     0 |
| Unused register locations in slices containing registers |   179 |
+----------------------------------------------------------+-------+
* Control sets can be merged at opt_design using control_set_merge or merge_equivalent_drivers
** Run report_qor_suggestions for automated merging and remapping suggestions


2. Histogram
------------

+--------------------+-------+
|       Fanout       | Count |
+--------------------+-------+
| Total control sets |   154 |
| >= 0 to < 4        |    18 |
| >= 4 to < 6        |    16 |
| >= 6 to < 8        |    15 |
| >= 8 to < 10       |     9 |
| >= 10 to < 12      |    14 |
| >= 12 to < 14      |     8 |
| >= 14 to < 16      |     2 |
| >= 16              |    72 |
+--------------------+-------+
* Control sets can be remapped at either synth_design or opt_design


3. Flip-Flop Distribution
-------------------------

+--------------+-----------------------+------------------------+-----------------+--------------+
| Clock Enable | Synchronous Set/Reset | Asynchronous Set/Reset | Total Registers | Total Slices |
+--------------+-----------------------+------------------------+-----------------+--------------+
| No           | No                    | No                     |             190 |           63 |
| No           | No                    | Yes                    |              92 |           26 |
| No           | Yes                   | No                     |             107 |           49 |
| Yes          | No                    | No                     |            1161 |          223 |
| Yes          | No                    | Yes                    |             669 |           80 |
| Yes          | Yes                   | No                     |            1050 |          246 |
+--------------+-----------------------+------------------------+-----------------+--------------+


4. Detailed Control Set Information
-----------------------------------

+---------------------------------------+----------------------------------------------------------------------------------------------------------------------------------------------------------------------------------------------------------------------------------------------------------------------------------+------------------------------------------------------------------------------------------------------------------------------------------------------------------------------------------------------------------------------+------------------+----------------+--------------+
|              Clock Signal             |                                                                                                                                   Enable Signal                                                                                                                                  |                                                                                                       Set/Reset Signal                                                                                                       | Slice Load Count | Bel Load Count | Bels / Slice |
+---------------------------------------+----------------------------------------------------------------------------------------------------------------------------------------------------------------------------------------------------------------------------------------------------------------------------------+------------------------------------------------------------------------------------------------------------------------------------------------------------------------------------------------------------------------------+------------------+----------------+--------------+
|  SoC_i/zynq_ultra_ps_e_0/inst/pl_clk0 | SoC_i/ps8_0_axi_periph/s00_couplers/auto_pc/inst/gen_axilite.gen_b2s_conv.axilite_b2s/RD.r_channel_0/r_push_r                                                                                                                                                                    |                                                                                                                                                                                                                              |                1 |              1 |         1.00 |
|  SoC_i/zynq_ultra_ps_e_0/inst/pl_clk0 | SoC_i/ps8_0_axi_periph/s01_couplers/auto_pc/inst/gen_axilite.gen_b2s_conv.axilite_b2s/RD.r_channel_0/r_push_r                                                                                                                                                                    |                                                                                                                                                                                                                              |                1 |              1 |         1.00 |
|  SoC_i/zynq_ultra_ps_e_0/inst/pl_clk0 | SoC_i/ps8_0_axi_periph/s00_couplers/auto_pc/inst/gen_axilite.gen_b2s_conv.axilite_b2s/SI_REG/b.b_pipe/p_1_in                                                                                                                                                                     |                                                                                                                                                                                                                              |                1 |              2 |         2.00 |
|  SoC_i/zynq_ultra_ps_e_0/inst/pl_clk0 | SoC_i/ps8_0_axi_periph/s01_couplers/auto_pc/inst/gen_axilite.gen_b2s_conv.axilite_b2s/SI_REG/b.b_pipe/p_1_in                                                                                                                                                                     |                                                                                                                                                                                                                              |                1 |              2 |         2.00 |
|  SoC_i/zynq_ultra_ps_e_0/inst/pl_clk0 | SoC_i/ps8_0_axi_periph/s01_couplers/auto_pc/inst/gen_axilite.gen_b2s_conv.axilite_b2s/WR.b_channel_0/bresp_fifo_0/E[0]                                                                                                                                                           | SoC_i/ps8_0_axi_periph/s01_couplers/auto_pc/inst/gen_axilite.gen_b2s_conv.axilite_b2s/WR.b_channel_0/bid_fifo_0/SR[0]                                                                                                        |                1 |              2 |         2.00 |
|  SoC_i/zynq_ultra_ps_e_0/inst/pl_clk0 | SoC_i/ps8_0_axi_periph/s01_couplers/auto_pc/inst/gen_axilite.gen_b2s_conv.axilite_b2s/WR.b_channel_0/bid_fifo_0/E[0]                                                                                                                                                             | SoC_i/ps8_0_axi_periph/s01_couplers/auto_pc/inst/gen_axilite.gen_b2s_conv.axilite_b2s/areset_d1                                                                                                                              |                2 |              2 |         1.00 |
|  SoC_i/zynq_ultra_ps_e_0/inst/pl_clk0 | SoC_i/ps8_0_axi_periph/s01_couplers/auto_pc/inst/gen_axilite.gen_b2s_conv.axilite_b2s/WR.b_channel_0/bid_fifo_0/sel                                                                                                                                                              |                                                                                                                                                                                                                              |                1 |              2 |         2.00 |
|  SoC_i/zynq_ultra_ps_e_0/inst/pl_clk0 | SoC_i/ps8_0_axi_periph/xbar/inst/gen_sasd.crossbar_sasd_0/addr_arbiter_inst/m_grant_enc_i                                                                                                                                                                                        | SoC_i/ps8_0_axi_periph/xbar/inst/gen_sasd.crossbar_sasd_0/addr_arbiter_inst/gen_arbiter.m_grant_hot_i[1]_i_1_n_0                                                                                                             |                1 |              2 |         2.00 |
|  SoC_i/zynq_ultra_ps_e_0/inst/pl_clk0 |                                                                                                                                                                                                                                                                                  | SoC_i/ps8_0_axi_periph/xbar/inst/gen_sasd.crossbar_sasd_0/addr_arbiter_inst/gen_arbiter.s_ready_i[1]_i_1_n_0                                                                                                                 |                1 |              2 |         2.00 |
|  SoC_i/zynq_ultra_ps_e_0/inst/pl_clk0 | SoC_i/H_Acceleration_IP_0/inst/H_Acceleration_IP_v1_0_S00_AXI_inst/dut/u_H_FSM_CTRL/FSM_sequential_state_r[1]_i_1_n_0                                                                                                                                                            | SoC_i/rst_ps8_0_99M/U0/peripheral_aresetn[0]                                                                                                                                                                                 |                1 |              2 |         2.00 |
|  SoC_i/zynq_ultra_ps_e_0/inst/pl_clk0 | SoC_i/ps8_0_axi_periph/s00_couplers/auto_pc/inst/gen_axilite.gen_b2s_conv.axilite_b2s/WR.b_channel_0/bresp_fifo_0/E[0]                                                                                                                                                           | SoC_i/ps8_0_axi_periph/s00_couplers/auto_pc/inst/gen_axilite.gen_b2s_conv.axilite_b2s/WR.b_channel_0/bid_fifo_0/SR[0]                                                                                                        |                1 |              2 |         2.00 |
|  SoC_i/zynq_ultra_ps_e_0/inst/pl_clk0 |                                                                                                                                                                                                                                                                                  | SoC_i/ps8_0_axi_periph/xbar/inst/gen_sasd.crossbar_sasd_0/addr_arbiter_inst/m_payload_i_reg[0][0]                                                                                                                            |                2 |              2 |         1.00 |
|  SoC_i/zynq_ultra_ps_e_0/inst/pl_clk0 | SoC_i/ps8_0_axi_periph/s00_couplers/auto_pc/inst/gen_axilite.gen_b2s_conv.axilite_b2s/WR.b_channel_0/bid_fifo_0/sel                                                                                                                                                              |                                                                                                                                                                                                                              |                1 |              2 |         2.00 |
|  SoC_i/zynq_ultra_ps_e_0/inst/pl_clk0 | SoC_i/ps8_0_axi_periph/s01_couplers/auto_pc/inst/gen_axilite.gen_b2s_conv.axilite_b2s/WR.b_channel_0/bid_fifo_0/cnt_read[1]_i_1_n_0                                                                                                                                              | SoC_i/ps8_0_axi_periph/s01_couplers/auto_pc/inst/gen_axilite.gen_b2s_conv.axilite_b2s/areset_d1                                                                                                                              |                1 |              2 |         2.00 |
|  SoC_i/zynq_ultra_ps_e_0/inst/pl_clk0 | SoC_i/ps8_0_axi_periph/s00_couplers/auto_pc/inst/gen_axilite.gen_b2s_conv.axilite_b2s/WR.b_channel_0/bid_fifo_0/cnt_read[1]_i_1_n_0                                                                                                                                              | SoC_i/ps8_0_axi_periph/s00_couplers/auto_pc/inst/gen_axilite.gen_b2s_conv.axilite_b2s/areset_d1                                                                                                                              |                1 |              2 |         2.00 |
|  SoC_i/zynq_ultra_ps_e_0/inst/pl_clk0 | SoC_i/ps8_0_axi_periph/s00_couplers/auto_pc/inst/gen_axilite.gen_b2s_conv.axilite_b2s/WR.b_channel_0/bid_fifo_0/E[0]                                                                                                                                                             | SoC_i/ps8_0_axi_periph/s00_couplers/auto_pc/inst/gen_axilite.gen_b2s_conv.axilite_b2s/areset_d1                                                                                                                              |                1 |              2 |         2.00 |
|  SoC_i/zynq_ultra_ps_e_0/inst/pl_clk0 | SoC_i/H_Acceleration_IP_0/inst/H_Acceleration_IP_v1_0_S00_AXI_inst/dut/u_H_Datapath/FSM_sequential_state_r[2]_i_1_n_0                                                                                                                                                            | SoC_i/rst_ps8_0_99M/U0/peripheral_aresetn[0]                                                                                                                                                                                 |                2 |              3 |         1.50 |
|  SoC_i/zynq_ultra_ps_e_0/inst/pl_clk0 |                                                                                                                                                                                                                                                                                  | SoC_i/ps8_0_axi_periph/xbar/inst/gen_sasd.crossbar_sasd_0/addr_arbiter_inst/m_ready_d_reg[1][0]                                                                                                                              |                3 |              3 |         1.00 |
|  SoC_i/zynq_ultra_ps_e_0/inst/pl_clk0 |                                                                                                                                                                                                                                                                                  | SoC_i/ps8_0_axi_periph/s01_couplers/auto_pc/inst/gen_axilite.gen_b2s_conv.axilite_b2s/SI_REG/ar.ar_pipe/aresetn_d_reg_n_0_[1]                                                                                                |                2 |              4 |         2.00 |
|  SoC_i/zynq_ultra_ps_e_0/inst/pl_clk0 |                                                                                                                                                                                                                                                                                  | SoC_i/rst_ps8_0_99M/U0/EXT_LPF/lpf_int                                                                                                                                                                                       |                1 |              4 |         4.00 |
|  SoC_i/zynq_ultra_ps_e_0/inst/pl_clk0 |                                                                                                                                                                                                                                                                                  | SoC_i/ps8_0_axi_periph/s01_couplers/auto_pc/inst/gen_axilite.gen_b2s_conv.axilite_b2s/SI_REG/aw.aw_pipe/aresetn_d_reg[0]_1                                                                                                   |                2 |              4 |         2.00 |
|  SoC_i/zynq_ultra_ps_e_0/inst/pl_clk0 | SoC_i/ps8_0_axi_periph/xbar/inst/gen_sasd.crossbar_sasd_0/addr_arbiter_inst/m_grant_enc_i                                                                                                                                                                                        | SoC_i/ps8_0_axi_periph/xbar/inst/gen_sasd.crossbar_sasd_0/aresetn_d                                                                                                                                                          |                1 |              4 |         4.00 |
|  SoC_i/zynq_ultra_ps_e_0/inst/pl_clk0 |                                                                                                                                                                                                                                                                                  | SoC_i/ps8_0_axi_periph/s00_couplers/auto_pc/inst/gen_axilite.gen_b2s_conv.axilite_b2s/SI_REG/aw.aw_pipe/aresetn_d_reg[0]_1                                                                                                   |                2 |              4 |         2.00 |
|  SoC_i/zynq_ultra_ps_e_0/inst/pl_clk0 |                                                                                                                                                                                                                                                                                  | SoC_i/ps8_0_axi_periph/s00_couplers/auto_pc/inst/gen_axilite.gen_b2s_conv.axilite_b2s/SI_REG/ar.ar_pipe/aresetn_d_reg_n_0_[1]                                                                                                |                2 |              4 |         2.00 |
|  SoC_i/zynq_ultra_ps_e_0/inst/pl_clk0 |                                                                                                                                                                                                                                                                                  | SoC_i/ps8_0_axi_periph/xbar/inst/gen_sasd.crossbar_sasd_0/addr_arbiter_inst/s_arvalid_reg                                                                                                                                    |                2 |              4 |         2.00 |
|  SoC_i/zynq_ultra_ps_e_0/inst/pl_clk0 | SoC_i/H_Acceleration_IP_0/inst/H_Acceleration_IP_v1_0_S00_AXI_inst/axi_awready0                                                                                                                                                                                                  | SoC_i/rst_ps8_0_99M/U0/peripheral_aresetn[0]                                                                                                                                                                                 |                2 |              4 |         2.00 |
|  SoC_i/zynq_ultra_ps_e_0/inst/pl_clk0 | SoC_i/ps8_0_axi_periph/s01_couplers/auto_ds/inst/gen_downsizer.gen_simple_downsizer.axi_downsizer_inst/USE_WRITE.write_addr_inst/USE_B_CHANNEL.cmd_b_queue/inst/fifo_gen_inst/inst_fifo_gen/gconvfifo.rf/grf.rf/gntv_or_sync_fifo.gl0.rd/gr1.gr1_int.rfwft/E[0]                  |                                                                                                                                                                                                                              |                1 |              5 |         5.00 |
|  SoC_i/zynq_ultra_ps_e_0/inst/pl_clk0 | SoC_i/ps8_0_axi_periph/s01_couplers/auto_pc/inst/gen_axilite.gen_b2s_conv.axilite_b2s/RD.r_channel_0/rd_data_fifo_0/cnt_read[4]_i_1_n_0                                                                                                                                          | SoC_i/ps8_0_axi_periph/s01_couplers/auto_pc/inst/gen_axilite.gen_b2s_conv.axilite_b2s/areset_d1                                                                                                                              |                1 |              5 |         5.00 |
|  SoC_i/zynq_ultra_ps_e_0/inst/pl_clk0 | SoC_i/ps8_0_axi_periph/s00_couplers/auto_pc/inst/gen_axilite.gen_b2s_conv.axilite_b2s/RD.r_channel_0/transaction_fifo_0/cnt_read[4]_i_1__0_n_0                                                                                                                                   | SoC_i/ps8_0_axi_periph/s00_couplers/auto_pc/inst/gen_axilite.gen_b2s_conv.axilite_b2s/areset_d1                                                                                                                              |                1 |              5 |         5.00 |
|  SoC_i/zynq_ultra_ps_e_0/inst/pl_clk0 | SoC_i/ps8_0_axi_periph/s00_couplers/auto_pc/inst/gen_axilite.gen_b2s_conv.axilite_b2s/RD.r_channel_0/rd_data_fifo_0/cnt_read[4]_i_1_n_0                                                                                                                                          | SoC_i/ps8_0_axi_periph/s00_couplers/auto_pc/inst/gen_axilite.gen_b2s_conv.axilite_b2s/areset_d1                                                                                                                              |                1 |              5 |         5.00 |
|  SoC_i/zynq_ultra_ps_e_0/inst/pl_clk0 | SoC_i/ps8_0_axi_periph/s00_couplers/auto_ds/inst/gen_downsizer.gen_simple_downsizer.axi_downsizer_inst/USE_WRITE.write_addr_inst/USE_B_CHANNEL.cmd_b_queue/inst/fifo_gen_inst/inst_fifo_gen/gconvfifo.rf/grf.rf/gntv_or_sync_fifo.gl0.rd/gr1.gr1_int.rfwft/E[0]                  |                                                                                                                                                                                                                              |                1 |              5 |         5.00 |
|  SoC_i/zynq_ultra_ps_e_0/inst/pl_clk0 | SoC_i/ps8_0_axi_periph/s01_couplers/auto_ds/inst/gen_downsizer.gen_simple_downsizer.axi_downsizer_inst/USE_WRITE.write_addr_inst/USE_B_CHANNEL.cmd_b_queue/inst/fifo_gen_inst/inst_fifo_gen/gconvfifo.rf/grf.rf/rstblk/E[0]                                                      |                                                                                                                                                                                                                              |                2 |              5 |         2.50 |
|  SoC_i/zynq_ultra_ps_e_0/inst/pl_clk0 | SoC_i/ps8_0_axi_periph/s00_couplers/auto_ds/inst/gen_downsizer.gen_simple_downsizer.axi_downsizer_inst/USE_WRITE.write_addr_inst/USE_B_CHANNEL.cmd_b_queue/inst/fifo_gen_inst/inst_fifo_gen/gconvfifo.rf/grf.rf/rstblk/E[0]                                                      |                                                                                                                                                                                                                              |                2 |              5 |         2.50 |
|  SoC_i/zynq_ultra_ps_e_0/inst/pl_clk0 | SoC_i/ps8_0_axi_periph/s01_couplers/auto_pc/inst/gen_axilite.gen_b2s_conv.axilite_b2s/RD.r_channel_0/transaction_fifo_0/cnt_read[4]_i_1__0_n_0                                                                                                                                   | SoC_i/ps8_0_axi_periph/s01_couplers/auto_pc/inst/gen_axilite.gen_b2s_conv.axilite_b2s/areset_d1                                                                                                                              |                1 |              5 |         5.00 |
|  SoC_i/zynq_ultra_ps_e_0/inst/pl_clk0 | SoC_i/ps8_0_axi_periph/s00_couplers/auto_pc/inst/gen_axilite.gen_b2s_conv.axilite_b2s/WR.aw_channel_0/cmd_translator_0/incr_cmd_0/axaddr_incr[11]_i_1_n_0                                                                                                                        |                                                                                                                                                                                                                              |                3 |              6 |         2.00 |
|  SoC_i/zynq_ultra_ps_e_0/inst/pl_clk0 | SoC_i/ps8_0_axi_periph/s01_couplers/auto_ds/inst/gen_downsizer.gen_simple_downsizer.axi_downsizer_inst/USE_READ.read_addr_inst/cmd_queue/inst/cmd_push_block_reg_0[0]                                                                                                            | SoC_i/rst_ps8_0_99M/U0/peripheral_aresetn[0]                                                                                                                                                                                 |                1 |              6 |         6.00 |
|  SoC_i/zynq_ultra_ps_e_0/inst/pl_clk0 | SoC_i/ps8_0_axi_periph/s00_couplers/auto_pc/inst/gen_axilite.gen_b2s_conv.axilite_b2s/RD.ar_channel_0/ar_cmd_fsm_0/sel_first_reg[0]                                                                                                                                              |                                                                                                                                                                                                                              |                3 |              6 |         2.00 |
|  SoC_i/zynq_ultra_ps_e_0/inst/pl_clk0 | SoC_i/ps8_0_axi_periph/s00_couplers/auto_pc/inst/gen_axilite.gen_b2s_conv.axilite_b2s/WR.aw_channel_0/aw_cmd_fsm_0/E[0]                                                                                                                                                          |                                                                                                                                                                                                                              |                3 |              6 |         2.00 |
|  SoC_i/zynq_ultra_ps_e_0/inst/pl_clk0 | SoC_i/ps8_0_axi_periph/s01_couplers/auto_pc/inst/gen_axilite.gen_b2s_conv.axilite_b2s/RD.ar_channel_0/ar_cmd_fsm_0/E[0]                                                                                                                                                          |                                                                                                                                                                                                                              |                3 |              6 |         2.00 |
|  SoC_i/zynq_ultra_ps_e_0/inst/pl_clk0 | SoC_i/ps8_0_axi_periph/s01_couplers/auto_ds/inst/gen_downsizer.gen_simple_downsizer.axi_downsizer_inst/USE_WRITE.write_addr_inst/USE_B_CHANNEL.cmd_b_queue/inst/cmd_b_push_block_reg_0[0]                                                                                        | SoC_i/rst_ps8_0_99M/U0/peripheral_aresetn[0]                                                                                                                                                                                 |                1 |              6 |         6.00 |
|  SoC_i/zynq_ultra_ps_e_0/inst/pl_clk0 | SoC_i/ps8_0_axi_periph/s00_couplers/auto_pc/inst/gen_axilite.gen_b2s_conv.axilite_b2s/RD.ar_channel_0/ar_cmd_fsm_0/E[0]                                                                                                                                                          |                                                                                                                                                                                                                              |                3 |              6 |         2.00 |
|  SoC_i/zynq_ultra_ps_e_0/inst/pl_clk0 | SoC_i/rst_ps8_0_99M/U0/SEQ/seq_cnt_en                                                                                                                                                                                                                                            | SoC_i/rst_ps8_0_99M/U0/SEQ/seq_clr                                                                                                                                                                                           |                1 |              6 |         6.00 |
|  SoC_i/zynq_ultra_ps_e_0/inst/pl_clk0 | SoC_i/ps8_0_axi_periph/s00_couplers/auto_ds/inst/gen_downsizer.gen_simple_downsizer.axi_downsizer_inst/USE_WRITE.write_addr_inst/USE_B_CHANNEL.cmd_b_queue/inst/cmd_b_push_block_reg_0[0]                                                                                        | SoC_i/rst_ps8_0_99M/U0/peripheral_aresetn[0]                                                                                                                                                                                 |                2 |              6 |         3.00 |
|  SoC_i/zynq_ultra_ps_e_0/inst/pl_clk0 | SoC_i/ps8_0_axi_periph/s00_couplers/auto_ds/inst/gen_downsizer.gen_simple_downsizer.axi_downsizer_inst/USE_READ.read_addr_inst/cmd_queue/inst/cmd_push_block_reg_0[0]                                                                                                            | SoC_i/rst_ps8_0_99M/U0/peripheral_aresetn[0]                                                                                                                                                                                 |                2 |              6 |         3.00 |
|  SoC_i/zynq_ultra_ps_e_0/inst/pl_clk0 | SoC_i/ps8_0_axi_periph/s01_couplers/auto_pc/inst/gen_axilite.gen_b2s_conv.axilite_b2s/WR.aw_channel_0/aw_cmd_fsm_0/E[0]                                                                                                                                                          |                                                                                                                                                                                                                              |                4 |              6 |         1.50 |
|  SoC_i/zynq_ultra_ps_e_0/inst/pl_clk0 |                                                                                                                                                                                                                                                                                  | SoC_i/ps8_0_axi_periph/s01_couplers/auto_pc/inst/gen_axilite.gen_b2s_conv.axilite_b2s/areset_d1                                                                                                                              |                4 |              6 |         1.50 |
|  SoC_i/zynq_ultra_ps_e_0/inst/pl_clk0 | SoC_i/ps8_0_axi_periph/s01_couplers/auto_pc/inst/gen_axilite.gen_b2s_conv.axilite_b2s/RD.ar_channel_0/ar_cmd_fsm_0/sel_first_reg[0]                                                                                                                                              |                                                                                                                                                                                                                              |                3 |              6 |         2.00 |
|  SoC_i/zynq_ultra_ps_e_0/inst/pl_clk0 | SoC_i/ps8_0_axi_periph/s01_couplers/auto_pc/inst/gen_axilite.gen_b2s_conv.axilite_b2s/WR.aw_channel_0/cmd_translator_0/incr_cmd_0/axaddr_incr[11]_i_1_n_0                                                                                                                        |                                                                                                                                                                                                                              |                3 |              6 |         2.00 |
|  SoC_i/zynq_ultra_ps_e_0/inst/pl_clk0 |                                                                                                                                                                                                                                                                                  | SoC_i/ps8_0_axi_periph/s00_couplers/auto_pc/inst/gen_axilite.gen_b2s_conv.axilite_b2s/areset_d1                                                                                                                              |                4 |              6 |         1.50 |
|  SoC_i/zynq_ultra_ps_e_0/inst/pl_clk0 | SoC_i/ps8_0_axi_periph/s01_couplers/auto_pc/inst/gen_axilite.gen_b2s_conv.axilite_b2s/WR.b_channel_0/mhandshake_r                                                                                                                                                                | SoC_i/ps8_0_axi_periph/s01_couplers/auto_pc/inst/gen_axilite.gen_b2s_conv.axilite_b2s/WR.b_channel_0/bid_fifo_0/SR[0]                                                                                                        |                2 |              8 |         4.00 |
|  SoC_i/zynq_ultra_ps_e_0/inst/pl_clk0 | SoC_i/ps8_0_axi_periph/s00_couplers/auto_pc/inst/gen_axilite.gen_b2s_conv.axilite_b2s/WR.b_channel_0/mhandshake_r                                                                                                                                                                | SoC_i/ps8_0_axi_periph/s00_couplers/auto_pc/inst/gen_axilite.gen_b2s_conv.axilite_b2s/WR.b_channel_0/bid_fifo_0/SR[0]                                                                                                        |                2 |              8 |         4.00 |
|  SoC_i/zynq_ultra_ps_e_0/inst/pl_clk0 | SoC_i/ps8_0_axi_periph/s00_couplers/auto_ds/inst/gen_downsizer.gen_simple_downsizer.axi_downsizer_inst/USE_WRITE.write_addr_inst/USE_B_CHANNEL.cmd_b_queue/inst/m_axi_awready_0[0]                                                                                               | SoC_i/ps8_0_axi_periph/s00_couplers/auto_ds/inst/gen_downsizer.gen_simple_downsizer.axi_downsizer_inst/USE_WRITE.write_addr_inst/pushed_commands[7]_i_1_n_0                                                                  |                2 |              8 |         4.00 |
|  SoC_i/zynq_ultra_ps_e_0/inst/pl_clk0 | SoC_i/ps8_0_axi_periph/s00_couplers/auto_pc/inst/gen_axilite.gen_b2s_conv.axilite_b2s/WR.aw_channel_0/aw_cmd_fsm_0/b_push                                                                                                                                                        |                                                                                                                                                                                                                              |                1 |              8 |         8.00 |
|  SoC_i/zynq_ultra_ps_e_0/inst/pl_clk0 | SoC_i/ps8_0_axi_periph/s00_couplers/auto_ds/inst/gen_downsizer.gen_simple_downsizer.axi_downsizer_inst/USE_READ.read_addr_inst/cmd_queue/inst/m_axi_arready_1[0]                                                                                                                 | SoC_i/ps8_0_axi_periph/s00_couplers/auto_ds/inst/gen_downsizer.gen_simple_downsizer.axi_downsizer_inst/USE_READ.read_addr_inst/pushed_commands[7]_i_1__0_n_0                                                                 |                2 |              8 |         4.00 |
|  SoC_i/zynq_ultra_ps_e_0/inst/pl_clk0 | SoC_i/ps8_0_axi_periph/s01_couplers/auto_ds/inst/gen_downsizer.gen_simple_downsizer.axi_downsizer_inst/USE_READ.read_addr_inst/cmd_queue/inst/m_axi_arready_1[0]                                                                                                                 | SoC_i/ps8_0_axi_periph/s01_couplers/auto_ds/inst/gen_downsizer.gen_simple_downsizer.axi_downsizer_inst/USE_READ.read_addr_inst/pushed_commands[7]_i_1__0_n_0                                                                 |                2 |              8 |         4.00 |
|  SoC_i/zynq_ultra_ps_e_0/inst/pl_clk0 | SoC_i/ps8_0_axi_periph/s01_couplers/auto_ds/inst/gen_downsizer.gen_simple_downsizer.axi_downsizer_inst/USE_WRITE.write_addr_inst/USE_B_CHANNEL.cmd_b_queue/inst/m_axi_awready_0[0]                                                                                               | SoC_i/ps8_0_axi_periph/s01_couplers/auto_ds/inst/gen_downsizer.gen_simple_downsizer.axi_downsizer_inst/USE_WRITE.write_addr_inst/pushed_commands[7]_i_1_n_0                                                                  |                2 |              8 |         4.00 |
|  SoC_i/zynq_ultra_ps_e_0/inst/pl_clk0 | SoC_i/ps8_0_axi_periph/s01_couplers/auto_pc/inst/gen_axilite.gen_b2s_conv.axilite_b2s/WR.aw_channel_0/aw_cmd_fsm_0/b_push                                                                                                                                                        |                                                                                                                                                                                                                              |                1 |              8 |         8.00 |
|  SoC_i/zynq_ultra_ps_e_0/inst/pl_clk0 |                                                                                                                                                                                                                                                                                  | SoC_i/ps8_0_axi_periph/xbar/inst/gen_sasd.crossbar_sasd_0/aresetn_d                                                                                                                                                          |                4 |              9 |         2.25 |
|  SoC_i/zynq_ultra_ps_e_0/inst/pl_clk0 | SoC_i/ps8_0_axi_periph/s01_couplers/auto_ds/inst/gen_downsizer.gen_simple_downsizer.axi_downsizer_inst/USE_WRITE.write_addr_inst/cmd_queue/inst/fifo_gen_inst/inst_fifo_gen/gconvfifo.rf/grf.rf/gntv_or_sync_fifo.gl0.rd/gr1.gr1_int.rfwft/ram_empty_fb_i_reg[0]                 | SoC_i/ps8_0_axi_periph/s01_couplers/auto_ds/inst/gen_downsizer.gen_simple_downsizer.axi_downsizer_inst/USE_WRITE.write_addr_inst/cmd_queue/inst/fifo_gen_inst/inst_fifo_gen/gconvfifo.rf/grf.rf/rstblk/AR[0]                 |                2 |             10 |         5.00 |
|  SoC_i/zynq_ultra_ps_e_0/inst/pl_clk0 | SoC_i/ps8_0_axi_periph/s00_couplers/auto_ds/inst/gen_downsizer.gen_simple_downsizer.axi_downsizer_inst/USE_WRITE.write_addr_inst/USE_B_CHANNEL.cmd_b_queue/inst/fifo_gen_inst/inst_fifo_gen/gconvfifo.rf/grf.rf/gntv_or_sync_fifo.gl0.wr/gwss.wsts/E[0]                          | SoC_i/ps8_0_axi_periph/s00_couplers/auto_ds/inst/gen_downsizer.gen_simple_downsizer.axi_downsizer_inst/USE_WRITE.write_addr_inst/USE_B_CHANNEL.cmd_b_queue/inst/fifo_gen_inst/inst_fifo_gen/gconvfifo.rf/grf.rf/rstblk/AR[0] |                2 |             10 |         5.00 |
|  SoC_i/zynq_ultra_ps_e_0/inst/pl_clk0 | SoC_i/ps8_0_axi_periph/s01_couplers/auto_ds/inst/gen_downsizer.gen_simple_downsizer.axi_downsizer_inst/USE_READ.read_addr_inst/cmd_queue/inst/fifo_gen_inst/inst_fifo_gen/gconvfifo.rf/grf.rf/gntv_or_sync_fifo.gl0.rd/gr1.gr1_int.rfwft/ram_empty_fb_i_reg[0]                   | SoC_i/ps8_0_axi_periph/s01_couplers/auto_ds/inst/gen_downsizer.gen_simple_downsizer.axi_downsizer_inst/USE_READ.read_addr_inst/cmd_queue/inst/fifo_gen_inst/inst_fifo_gen/gconvfifo.rf/grf.rf/rstblk/AR[0]                   |                2 |             10 |         5.00 |
|  SoC_i/zynq_ultra_ps_e_0/inst/pl_clk0 | SoC_i/ps8_0_axi_periph/s01_couplers/auto_ds/inst/gen_downsizer.gen_simple_downsizer.axi_downsizer_inst/USE_READ.read_addr_inst/cmd_queue/inst/fifo_gen_inst/inst_fifo_gen/gconvfifo.rf/grf.rf/gntv_or_sync_fifo.gl0.wr/gwss.wsts/E[0]                                            | SoC_i/ps8_0_axi_periph/s01_couplers/auto_ds/inst/gen_downsizer.gen_simple_downsizer.axi_downsizer_inst/USE_READ.read_addr_inst/cmd_queue/inst/fifo_gen_inst/inst_fifo_gen/gconvfifo.rf/grf.rf/rstblk/AR[0]                   |                2 |             10 |         5.00 |
|  SoC_i/zynq_ultra_ps_e_0/inst/pl_clk0 | SoC_i/ps8_0_axi_periph/s00_couplers/auto_ds/inst/gen_downsizer.gen_simple_downsizer.axi_downsizer_inst/USE_WRITE.write_addr_inst/USE_B_CHANNEL.cmd_b_queue/inst/fifo_gen_inst/inst_fifo_gen/gconvfifo.rf/grf.rf/gntv_or_sync_fifo.gl0.rd/gr1.gr1_int.rfwft/ram_empty_fb_i_reg[0] | SoC_i/ps8_0_axi_periph/s00_couplers/auto_ds/inst/gen_downsizer.gen_simple_downsizer.axi_downsizer_inst/USE_WRITE.write_addr_inst/USE_B_CHANNEL.cmd_b_queue/inst/fifo_gen_inst/inst_fifo_gen/gconvfifo.rf/grf.rf/rstblk/AR[0] |                2 |             10 |         5.00 |
|  SoC_i/zynq_ultra_ps_e_0/inst/pl_clk0 | SoC_i/ps8_0_axi_periph/s01_couplers/auto_ds/inst/gen_downsizer.gen_simple_downsizer.axi_downsizer_inst/USE_WRITE.write_addr_inst/USE_B_CHANNEL.cmd_b_queue/inst/fifo_gen_inst/inst_fifo_gen/gconvfifo.rf/grf.rf/gntv_or_sync_fifo.gl0.rd/gr1.gr1_int.rfwft/ram_empty_fb_i_reg[0] | SoC_i/ps8_0_axi_periph/s01_couplers/auto_ds/inst/gen_downsizer.gen_simple_downsizer.axi_downsizer_inst/USE_WRITE.write_addr_inst/USE_B_CHANNEL.cmd_b_queue/inst/fifo_gen_inst/inst_fifo_gen/gconvfifo.rf/grf.rf/rstblk/AR[0] |                3 |             10 |         3.33 |
|  SoC_i/zynq_ultra_ps_e_0/inst/pl_clk0 | SoC_i/ps8_0_axi_periph/s00_couplers/auto_ds/inst/gen_downsizer.gen_simple_downsizer.axi_downsizer_inst/USE_READ.read_addr_inst/cmd_queue/inst/fifo_gen_inst/inst_fifo_gen/gconvfifo.rf/grf.rf/gntv_or_sync_fifo.gl0.rd/gr1.gr1_int.rfwft/ram_empty_fb_i_reg[0]                   | SoC_i/ps8_0_axi_periph/s00_couplers/auto_ds/inst/gen_downsizer.gen_simple_downsizer.axi_downsizer_inst/USE_READ.read_addr_inst/cmd_queue/inst/fifo_gen_inst/inst_fifo_gen/gconvfifo.rf/grf.rf/rstblk/AR[0]                   |                2 |             10 |         5.00 |
|  SoC_i/zynq_ultra_ps_e_0/inst/pl_clk0 | SoC_i/ps8_0_axi_periph/s01_couplers/auto_ds/inst/gen_downsizer.gen_simple_downsizer.axi_downsizer_inst/USE_WRITE.write_addr_inst/USE_B_CHANNEL.cmd_b_queue/inst/fifo_gen_inst/inst_fifo_gen/gconvfifo.rf/grf.rf/gntv_or_sync_fifo.gl0.wr/gwss.wsts/E[0]                          | SoC_i/ps8_0_axi_periph/s01_couplers/auto_ds/inst/gen_downsizer.gen_simple_downsizer.axi_downsizer_inst/USE_WRITE.write_addr_inst/USE_B_CHANNEL.cmd_b_queue/inst/fifo_gen_inst/inst_fifo_gen/gconvfifo.rf/grf.rf/rstblk/AR[0] |                3 |             10 |         3.33 |
|  SoC_i/zynq_ultra_ps_e_0/inst/pl_clk0 | SoC_i/ps8_0_axi_periph/s00_couplers/auto_ds/inst/gen_downsizer.gen_simple_downsizer.axi_downsizer_inst/USE_READ.read_addr_inst/cmd_queue/inst/fifo_gen_inst/inst_fifo_gen/gconvfifo.rf/grf.rf/gntv_or_sync_fifo.gl0.wr/gwss.wsts/E[0]                                            | SoC_i/ps8_0_axi_periph/s00_couplers/auto_ds/inst/gen_downsizer.gen_simple_downsizer.axi_downsizer_inst/USE_READ.read_addr_inst/cmd_queue/inst/fifo_gen_inst/inst_fifo_gen/gconvfifo.rf/grf.rf/rstblk/AR[0]                   |                2 |             10 |         5.00 |
|  SoC_i/zynq_ultra_ps_e_0/inst/pl_clk0 | SoC_i/ps8_0_axi_periph/s00_couplers/auto_ds/inst/gen_downsizer.gen_simple_downsizer.axi_downsizer_inst/USE_WRITE.write_addr_inst/cmd_queue/inst/fifo_gen_inst/inst_fifo_gen/gconvfifo.rf/grf.rf/gntv_or_sync_fifo.gl0.wr/gwss.wsts/E[0]                                          | SoC_i/ps8_0_axi_periph/s00_couplers/auto_ds/inst/gen_downsizer.gen_simple_downsizer.axi_downsizer_inst/USE_WRITE.write_addr_inst/cmd_queue/inst/fifo_gen_inst/inst_fifo_gen/gconvfifo.rf/grf.rf/rstblk/AR[0]                 |                2 |             10 |         5.00 |
|  SoC_i/zynq_ultra_ps_e_0/inst/pl_clk0 | SoC_i/ps8_0_axi_periph/s00_couplers/auto_ds/inst/gen_downsizer.gen_simple_downsizer.axi_downsizer_inst/USE_WRITE.write_addr_inst/cmd_queue/inst/fifo_gen_inst/inst_fifo_gen/gconvfifo.rf/grf.rf/gntv_or_sync_fifo.gl0.rd/gr1.gr1_int.rfwft/ram_empty_fb_i_reg[0]                 | SoC_i/ps8_0_axi_periph/s00_couplers/auto_ds/inst/gen_downsizer.gen_simple_downsizer.axi_downsizer_inst/USE_WRITE.write_addr_inst/cmd_queue/inst/fifo_gen_inst/inst_fifo_gen/gconvfifo.rf/grf.rf/rstblk/AR[0]                 |                2 |             10 |         5.00 |
|  SoC_i/zynq_ultra_ps_e_0/inst/pl_clk0 | SoC_i/ps8_0_axi_periph/s01_couplers/auto_ds/inst/gen_downsizer.gen_simple_downsizer.axi_downsizer_inst/USE_WRITE.write_addr_inst/cmd_queue/inst/fifo_gen_inst/inst_fifo_gen/gconvfifo.rf/grf.rf/gntv_or_sync_fifo.gl0.wr/gwss.wsts/E[0]                                          | SoC_i/ps8_0_axi_periph/s01_couplers/auto_ds/inst/gen_downsizer.gen_simple_downsizer.axi_downsizer_inst/USE_WRITE.write_addr_inst/cmd_queue/inst/fifo_gen_inst/inst_fifo_gen/gconvfifo.rf/grf.rf/rstblk/AR[0]                 |                2 |             10 |         5.00 |
|  SoC_i/zynq_ultra_ps_e_0/inst/pl_clk0 | SoC_i/ps8_0_axi_periph/s01_couplers/auto_ds/inst/gen_downsizer.gen_simple_downsizer.axi_downsizer_inst/USE_WRITE.USE_SPLIT.write_resp_inst/p_1_in                                                                                                                                | SoC_i/rst_ps8_0_99M/U0/peripheral_aresetn[0]                                                                                                                                                                                 |                3 |             11 |         3.67 |
|  SoC_i/zynq_ultra_ps_e_0/inst/pl_clk0 | SoC_i/ps8_0_axi_periph/s00_couplers/auto_ds/inst/gen_downsizer.gen_simple_downsizer.axi_downsizer_inst/USE_WRITE.USE_SPLIT.write_resp_inst/p_1_in                                                                                                                                | SoC_i/rst_ps8_0_99M/U0/peripheral_aresetn[0]                                                                                                                                                                                 |                3 |             11 |         3.67 |
|  SoC_i/zynq_ultra_ps_e_0/inst/pl_clk0 |                                                                                                                                                                                                                                                                                  | SoC_i/ps8_0_axi_periph/s00_couplers/auto_ds/inst/gen_downsizer.gen_simple_downsizer.axi_downsizer_inst/USE_READ.read_addr_inst/cmd_queue/inst/fifo_gen_inst/inst_fifo_gen/gconvfifo.rf/grf.rf/rstblk/AR[0]                   |                4 |             12 |         3.00 |
|  SoC_i/zynq_ultra_ps_e_0/inst/pl_clk0 |                                                                                                                                                                                                                                                                                  | SoC_i/ps8_0_axi_periph/s01_couplers/auto_ds/inst/gen_downsizer.gen_simple_downsizer.axi_downsizer_inst/USE_READ.read_addr_inst/cmd_queue/inst/fifo_gen_inst/inst_fifo_gen/gconvfifo.rf/grf.rf/rstblk/AR[0]                   |                2 |             12 |         6.00 |
|  SoC_i/zynq_ultra_ps_e_0/inst/pl_clk0 |                                                                                                                                                                                                                                                                                  | SoC_i/ps8_0_axi_periph/s01_couplers/auto_ds/inst/gen_downsizer.gen_simple_downsizer.axi_downsizer_inst/USE_WRITE.write_addr_inst/USE_B_CHANNEL.cmd_b_queue/inst/fifo_gen_inst/inst_fifo_gen/gconvfifo.rf/grf.rf/rstblk/AR[0] |                4 |             12 |         3.00 |
|  SoC_i/zynq_ultra_ps_e_0/inst/pl_clk0 |                                                                                                                                                                                                                                                                                  | SoC_i/ps8_0_axi_periph/s00_couplers/auto_ds/inst/gen_downsizer.gen_simple_downsizer.axi_downsizer_inst/USE_WRITE.write_addr_inst/cmd_queue/inst/fifo_gen_inst/inst_fifo_gen/gconvfifo.rf/grf.rf/rstblk/AR[0]                 |                2 |             12 |         6.00 |
|  SoC_i/zynq_ultra_ps_e_0/inst/pl_clk0 |                                                                                                                                                                                                                                                                                  | SoC_i/ps8_0_axi_periph/s00_couplers/auto_ds/inst/gen_downsizer.gen_simple_downsizer.axi_downsizer_inst/USE_WRITE.write_addr_inst/USE_B_CHANNEL.cmd_b_queue/inst/fifo_gen_inst/inst_fifo_gen/gconvfifo.rf/grf.rf/rstblk/AR[0] |                3 |             12 |         4.00 |
|  SoC_i/zynq_ultra_ps_e_0/inst/pl_clk0 |                                                                                                                                                                                                                                                                                  | SoC_i/ps8_0_axi_periph/s01_couplers/auto_ds/inst/gen_downsizer.gen_simple_downsizer.axi_downsizer_inst/USE_WRITE.write_addr_inst/cmd_queue/inst/fifo_gen_inst/inst_fifo_gen/gconvfifo.rf/grf.rf/rstblk/AR[0]                 |                3 |             12 |         4.00 |
|  SoC_i/zynq_ultra_ps_e_0/inst/pl_clk0 | SoC_i/ps8_0_axi_periph/s00_couplers/auto_ds/inst/gen_downsizer.gen_simple_downsizer.axi_downsizer_inst/USE_WRITE.write_addr_inst/cmd_queue/inst/m_axi_wready_0[0]                                                                                                                | SoC_i/rst_ps8_0_99M/U0/peripheral_aresetn[0]                                                                                                                                                                                 |                5 |             13 |         2.60 |
|  SoC_i/zynq_ultra_ps_e_0/inst/pl_clk0 | SoC_i/ps8_0_axi_periph/s01_couplers/auto_ds/inst/gen_downsizer.gen_simple_downsizer.axi_downsizer_inst/USE_WRITE.write_addr_inst/cmd_queue/inst/m_axi_wready_0[0]                                                                                                                | SoC_i/rst_ps8_0_99M/U0/peripheral_aresetn[0]                                                                                                                                                                                 |                5 |             13 |         2.60 |
|  SoC_i/zynq_ultra_ps_e_0/inst/pl_clk0 | SoC_i/ps8_0_axi_periph/s00_couplers/auto_ds/inst/gen_downsizer.gen_simple_downsizer.axi_downsizer_inst/USE_READ.read_addr_inst/cmd_queue/inst/s_axi_rready_0[0]                                                                                                                  | SoC_i/rst_ps8_0_99M/U0/peripheral_aresetn[0]                                                                                                                                                                                 |                7 |             15 |         2.14 |
|  SoC_i/zynq_ultra_ps_e_0/inst/pl_clk0 | SoC_i/ps8_0_axi_periph/s01_couplers/auto_ds/inst/gen_downsizer.gen_simple_downsizer.axi_downsizer_inst/USE_READ.read_addr_inst/cmd_queue/inst/s_axi_rready_0[0]                                                                                                                  | SoC_i/rst_ps8_0_99M/U0/peripheral_aresetn[0]                                                                                                                                                                                 |                5 |             15 |         3.00 |
|  SoC_i/zynq_ultra_ps_e_0/inst/pl_clk0 | SoC_i/ps8_0_axi_periph/s00_couplers/auto_ds/inst/gen_downsizer.gen_simple_downsizer.axi_downsizer_inst/USE_READ.read_addr_inst/cmd_queue/inst/E[0]                                                                                                                               | SoC_i/rst_ps8_0_99M/U0/peripheral_aresetn[0]                                                                                                                                                                                 |                2 |             16 |         8.00 |
|  SoC_i/zynq_ultra_ps_e_0/inst/pl_clk0 | SoC_i/ps8_0_axi_periph/s00_couplers/auto_ds/inst/gen_downsizer.gen_simple_downsizer.axi_downsizer_inst/USE_WRITE.write_addr_inst/USE_B_CHANNEL.cmd_b_queue/inst/cmd_push_block_reg_0[0]                                                                                          | SoC_i/rst_ps8_0_99M/U0/peripheral_aresetn[0]                                                                                                                                                                                 |                3 |             16 |         5.33 |
|  SoC_i/zynq_ultra_ps_e_0/inst/pl_clk0 | SoC_i/ps8_0_axi_periph/s00_couplers/auto_ds/inst/gen_downsizer.gen_simple_downsizer.axi_downsizer_inst/USE_WRITE.write_addr_inst/USE_B_CHANNEL.cmd_b_queue/inst/fifo_gen_inst/inst_fifo_gen/gconvfifo.rf/grf.rf/gntv_or_sync_fifo.gl0.wr/gwss.wsts/E[0]                          |                                                                                                                                                                                                                              |                1 |             16 |        16.00 |
|  SoC_i/zynq_ultra_ps_e_0/inst/pl_clk0 | SoC_i/ps8_0_axi_periph/s01_couplers/auto_ds/inst/gen_downsizer.gen_simple_downsizer.axi_downsizer_inst/USE_WRITE.write_addr_inst/USE_B_CHANNEL.cmd_b_queue/inst/fifo_gen_inst/inst_fifo_gen/gconvfifo.rf/grf.rf/gntv_or_sync_fifo.gl0.wr/gwss.wsts/E[0]                          |                                                                                                                                                                                                                              |                1 |             16 |        16.00 |
|  SoC_i/zynq_ultra_ps_e_0/inst/pl_clk0 | SoC_i/ps8_0_axi_periph/s01_couplers/auto_ds/inst/gen_downsizer.gen_simple_downsizer.axi_downsizer_inst/USE_WRITE.write_addr_inst/USE_B_CHANNEL.cmd_b_queue/inst/cmd_push_block_reg_0[0]                                                                                          | SoC_i/rst_ps8_0_99M/U0/peripheral_aresetn[0]                                                                                                                                                                                 |                2 |             16 |         8.00 |
|  SoC_i/zynq_ultra_ps_e_0/inst/pl_clk0 | SoC_i/ps8_0_axi_periph/s01_couplers/auto_ds/inst/gen_downsizer.gen_simple_downsizer.axi_downsizer_inst/USE_READ.read_addr_inst/cmd_queue/inst/E[0]                                                                                                                               | SoC_i/rst_ps8_0_99M/U0/peripheral_aresetn[0]                                                                                                                                                                                 |                3 |             16 |         5.33 |
|  SoC_i/zynq_ultra_ps_e_0/inst/pl_clk0 | SoC_i/ps8_0_axi_periph/s00_couplers/auto_pc/inst/gen_axilite.gen_b2s_conv.axilite_b2s/WR.aw_channel_0/aw_cmd_fsm_0/FSM_sequential_state_reg[1]_0[0]                                                                                                                              |                                                                                                                                                                                                                              |                8 |             18 |         2.25 |
|  SoC_i/zynq_ultra_ps_e_0/inst/pl_clk0 | SoC_i/ps8_0_axi_periph/s01_couplers/auto_pc/inst/gen_axilite.gen_b2s_conv.axilite_b2s/WR.aw_channel_0/aw_cmd_fsm_0/FSM_sequential_state_reg[1]_0[0]                                                                                                                              |                                                                                                                                                                                                                              |                6 |             18 |         3.00 |
|  SoC_i/zynq_ultra_ps_e_0/inst/pl_clk0 | SoC_i/ps8_0_axi_periph/s01_couplers/auto_pc/inst/gen_axilite.gen_b2s_conv.axilite_b2s/RD.ar_channel_0/ar_cmd_fsm_0/m_valid_i_reg[0]                                                                                                                                              |                                                                                                                                                                                                                              |                8 |             19 |         2.38 |
|  SoC_i/zynq_ultra_ps_e_0/inst/pl_clk0 | SoC_i/ps8_0_axi_periph/s00_couplers/auto_pc/inst/gen_axilite.gen_b2s_conv.axilite_b2s/RD.ar_channel_0/ar_cmd_fsm_0/m_valid_i_reg[0]                                                                                                                                              |                                                                                                                                                                                                                              |                7 |             19 |         2.71 |
|  SoC_i/zynq_ultra_ps_e_0/inst/pl_clk0 | SoC_i/ps8_0_axi_periph/xbar/inst/gen_sasd.crossbar_sasd_0/addr_arbiter_inst/p_0_in                                                                                                                                                                                               | SoC_i/ps8_0_axi_periph/xbar/inst/gen_sasd.crossbar_sasd_0/aresetn_d                                                                                                                                                          |                8 |             28 |         3.50 |
|  SoC_i/zynq_ultra_ps_e_0/inst/pl_clk0 | SoC_i/ps8_0_axi_periph/s00_couplers/auto_ds/inst/gen_downsizer.gen_simple_downsizer.axi_downsizer_inst/USE_WRITE.write_addr_inst/cmd_queue/inst/fifo_gen_inst/inst_fifo_gen/gconvfifo.rf/grf.rf/gntv_or_sync_fifo.gl0.rd/gr1.gr1_int.rfwft/E[0]                                  |                                                                                                                                                                                                                              |                3 |             28 |         9.33 |
|  SoC_i/zynq_ultra_ps_e_0/inst/pl_clk0 | SoC_i/ps8_0_axi_periph/s00_couplers/auto_ds/inst/gen_downsizer.gen_simple_downsizer.axi_downsizer_inst/USE_WRITE.write_addr_inst/cmd_queue/inst/fifo_gen_inst/inst_fifo_gen/gconvfifo.rf/grf.rf/rstblk/gpregsm1.curr_fwft_state_reg[0][0]                                        |                                                                                                                                                                                                                              |                7 |             28 |         4.00 |
|  SoC_i/zynq_ultra_ps_e_0/inst/pl_clk0 | SoC_i/ps8_0_axi_periph/s01_couplers/auto_ds/inst/gen_downsizer.gen_simple_downsizer.axi_downsizer_inst/USE_WRITE.write_addr_inst/cmd_queue/inst/fifo_gen_inst/inst_fifo_gen/gconvfifo.rf/grf.rf/gntv_or_sync_fifo.gl0.rd/gr1.gr1_int.rfwft/E[0]                                  |                                                                                                                                                                                                                              |                3 |             28 |         9.33 |
|  SoC_i/zynq_ultra_ps_e_0/inst/pl_clk0 | SoC_i/ps8_0_axi_periph/s01_couplers/auto_ds/inst/gen_downsizer.gen_simple_downsizer.axi_downsizer_inst/USE_WRITE.write_addr_inst/cmd_queue/inst/fifo_gen_inst/inst_fifo_gen/gconvfifo.rf/grf.rf/rstblk/gpregsm1.curr_fwft_state_reg[0][0]                                        |                                                                                                                                                                                                                              |                6 |             28 |         4.67 |
|  SoC_i/zynq_ultra_ps_e_0/inst/pl_clk0 | SoC_i/ps8_0_axi_periph/s01_couplers/auto_ds/inst/gen_downsizer.gen_simple_downsizer.axi_downsizer_inst/USE_READ.read_addr_inst/cmd_queue/inst/fifo_gen_inst/inst_fifo_gen/gconvfifo.rf/grf.rf/rstblk/gpregsm1.curr_fwft_state_reg[0][0]                                          |                                                                                                                                                                                                                              |                6 |             29 |         4.83 |
|  SoC_i/zynq_ultra_ps_e_0/inst/pl_clk0 | SoC_i/ps8_0_axi_periph/s00_couplers/auto_ds/inst/gen_downsizer.gen_simple_downsizer.axi_downsizer_inst/USE_READ.read_addr_inst/cmd_queue/inst/fifo_gen_inst/inst_fifo_gen/gconvfifo.rf/grf.rf/rstblk/gpregsm1.curr_fwft_state_reg[0][0]                                          |                                                                                                                                                                                                                              |               12 |             29 |         2.42 |
|  SoC_i/zynq_ultra_ps_e_0/inst/pl_clk0 | SoC_i/ps8_0_axi_periph/s01_couplers/auto_ds/inst/gen_downsizer.gen_simple_downsizer.axi_downsizer_inst/USE_READ.read_addr_inst/cmd_queue/inst/fifo_gen_inst/inst_fifo_gen/gconvfifo.rf/grf.rf/gntv_or_sync_fifo.gl0.rd/gr1.gr1_int.rfwft/E[0]                                    |                                                                                                                                                                                                                              |                3 |             29 |         9.67 |
|  SoC_i/zynq_ultra_ps_e_0/inst/pl_clk0 | SoC_i/ps8_0_axi_periph/s00_couplers/auto_ds/inst/gen_downsizer.gen_simple_downsizer.axi_downsizer_inst/USE_READ.read_addr_inst/cmd_queue/inst/fifo_gen_inst/inst_fifo_gen/gconvfifo.rf/grf.rf/gntv_or_sync_fifo.gl0.rd/gr1.gr1_int.rfwft/E[0]                                    |                                                                                                                                                                                                                              |                3 |             29 |         9.67 |
|  SoC_i/zynq_ultra_ps_e_0/inst/pl_clk0 | SoC_i/ps8_0_axi_periph/s00_couplers/auto_ds/inst/gen_downsizer.gen_simple_downsizer.axi_downsizer_inst/USE_READ.read_addr_inst/cmd_queue/inst/s_axi_rready_3[0]                                                                                                                  | SoC_i/ps8_0_axi_periph/s00_couplers/auto_ds/inst/gen_downsizer.gen_simple_downsizer.axi_downsizer_inst/USE_READ.read_addr_inst/cmd_queue/inst/s_axi_aresetn[0]                                                               |               18 |             32 |         1.78 |
|  SoC_i/zynq_ultra_ps_e_0/inst/pl_clk0 | SoC_i/H_Acceleration_IP_0/inst/H_Acceleration_IP_v1_0_S00_AXI_inst/dut/u_H_Input_Memory/axi_awaddr_reg[2]_3[0]                                                                                                                                                                   | SoC_i/rst_ps8_0_99M/U0/peripheral_aresetn[0]                                                                                                                                                                                 |               15 |             32 |         2.13 |
|  SoC_i/zynq_ultra_ps_e_0/inst/pl_clk0 | SoC_i/H_Acceleration_IP_0/inst/H_Acceleration_IP_v1_0_S00_AXI_inst/dut/u_H_Input_Memory/axi_awaddr_reg[2]_0[0]                                                                                                                                                                   | SoC_i/rst_ps8_0_99M/U0/peripheral_aresetn[0]                                                                                                                                                                                 |               11 |             32 |         2.91 |
|  SoC_i/zynq_ultra_ps_e_0/inst/pl_clk0 | SoC_i/H_Acceleration_IP_0/inst/H_Acceleration_IP_v1_0_S00_AXI_inst/dut/u_H_Input_Memory/axi_awaddr_reg[2]_1[0]                                                                                                                                                                   | SoC_i/rst_ps8_0_99M/U0/peripheral_aresetn[0]                                                                                                                                                                                 |               10 |             32 |         3.20 |
|  SoC_i/zynq_ultra_ps_e_0/inst/pl_clk0 | SoC_i/H_Acceleration_IP_0/inst/H_Acceleration_IP_v1_0_S00_AXI_inst/dut/u_H_Datapath/xor_r_0                                                                                                                                                                                      | SoC_i/rst_ps8_0_99M/U0/peripheral_aresetn[0]                                                                                                                                                                                 |                8 |             32 |         4.00 |
|  SoC_i/zynq_ultra_ps_e_0/inst/pl_clk0 | SoC_i/ps8_0_axi_periph/s00_couplers/auto_ds/inst/gen_downsizer.gen_simple_downsizer.axi_downsizer_inst/USE_READ.read_addr_inst/cmd_queue/inst/s_axi_rready_4[0]                                                                                                                  | SoC_i/ps8_0_axi_periph/s00_couplers/auto_ds/inst/gen_downsizer.gen_simple_downsizer.axi_downsizer_inst/USE_READ.read_addr_inst/cmd_queue/inst/s_axi_aresetn[0]                                                               |               19 |             32 |         1.68 |
|  SoC_i/zynq_ultra_ps_e_0/inst/pl_clk0 | SoC_i/H_Acceleration_IP_0/inst/H_Acceleration_IP_v1_0_S00_AXI_inst/dut/u_H_Datapath/E[0]                                                                                                                                                                                         | SoC_i/rst_ps8_0_99M/U0/peripheral_aresetn[0]                                                                                                                                                                                 |                9 |             32 |         3.56 |
|  SoC_i/zynq_ultra_ps_e_0/inst/pl_clk0 | SoC_i/ps8_0_axi_periph/s01_couplers/auto_ds/inst/gen_downsizer.gen_simple_downsizer.axi_downsizer_inst/USE_READ.read_addr_inst/cmd_queue/inst/s_axi_rready_1[0]                                                                                                                  | SoC_i/ps8_0_axi_periph/s01_couplers/auto_ds/inst/gen_downsizer.gen_simple_downsizer.axi_downsizer_inst/USE_READ.read_addr_inst/cmd_queue/inst/s_axi_aresetn[0]                                                               |               16 |             32 |         2.00 |
|  SoC_i/zynq_ultra_ps_e_0/inst/pl_clk0 | SoC_i/H_Acceleration_IP_0/inst/H_Acceleration_IP_v1_0_S00_AXI_inst/dut/u_H_Datapath/sum_r                                                                                                                                                                                        | SoC_i/rst_ps8_0_99M/U0/peripheral_aresetn[0]                                                                                                                                                                                 |                4 |             32 |         8.00 |
|  SoC_i/zynq_ultra_ps_e_0/inst/pl_clk0 | SoC_i/H_Acceleration_IP_0/inst/H_Acceleration_IP_v1_0_S00_AXI_inst/dut/u_H_Input_Memory/E[0]                                                                                                                                                                                     | SoC_i/rst_ps8_0_99M/U0/peripheral_aresetn[0]                                                                                                                                                                                 |                8 |             32 |         4.00 |
|  SoC_i/zynq_ultra_ps_e_0/inst/pl_clk0 | SoC_i/ps8_0_axi_periph/s00_couplers/auto_ds/inst/gen_downsizer.gen_simple_downsizer.axi_downsizer_inst/USE_READ.read_addr_inst/cmd_queue/inst/s_axi_rready_1[0]                                                                                                                  | SoC_i/ps8_0_axi_periph/s00_couplers/auto_ds/inst/gen_downsizer.gen_simple_downsizer.axi_downsizer_inst/USE_READ.read_addr_inst/cmd_queue/inst/s_axi_aresetn[0]                                                               |               19 |             32 |         1.68 |
|  SoC_i/zynq_ultra_ps_e_0/inst/pl_clk0 | SoC_i/H_Acceleration_IP_0/inst/H_Acceleration_IP_v1_0_S00_AXI_inst/dut/u_H_Input_Memory/axi_awaddr_reg[2][0]                                                                                                                                                                     | SoC_i/rst_ps8_0_99M/U0/peripheral_aresetn[0]                                                                                                                                                                                 |               11 |             32 |         2.91 |
|  SoC_i/zynq_ultra_ps_e_0/inst/pl_clk0 | SoC_i/H_Acceleration_IP_0/inst/H_Acceleration_IP_v1_0_S00_AXI_inst/dut/u_H_Datapath/sub_r                                                                                                                                                                                        | SoC_i/rst_ps8_0_99M/U0/peripheral_aresetn[0]                                                                                                                                                                                 |                4 |             32 |         8.00 |
|  SoC_i/zynq_ultra_ps_e_0/inst/pl_clk0 | SoC_i/H_Acceleration_IP_0/inst/H_Acceleration_IP_v1_0_S00_AXI_inst/dut/u_H_Datapath/h_r                                                                                                                                                                                          | SoC_i/rst_ps8_0_99M/U0/peripheral_aresetn[0]                                                                                                                                                                                 |                8 |             32 |         4.00 |
|  SoC_i/zynq_ultra_ps_e_0/inst/pl_clk0 | SoC_i/ps8_0_axi_periph/s01_couplers/auto_ds/inst/gen_downsizer.gen_simple_downsizer.axi_downsizer_inst/USE_READ.read_addr_inst/cmd_queue/inst/s_axi_rready_4[0]                                                                                                                  | SoC_i/ps8_0_axi_periph/s01_couplers/auto_ds/inst/gen_downsizer.gen_simple_downsizer.axi_downsizer_inst/USE_READ.read_addr_inst/cmd_queue/inst/s_axi_aresetn[0]                                                               |               14 |             32 |         2.29 |
|  SoC_i/zynq_ultra_ps_e_0/inst/pl_clk0 | SoC_i/ps8_0_axi_periph/s01_couplers/auto_ds/inst/gen_downsizer.gen_simple_downsizer.axi_downsizer_inst/USE_READ.read_addr_inst/cmd_queue/inst/s_axi_rready_2[0]                                                                                                                  | SoC_i/ps8_0_axi_periph/s01_couplers/auto_ds/inst/gen_downsizer.gen_simple_downsizer.axi_downsizer_inst/USE_READ.read_addr_inst/cmd_queue/inst/s_axi_aresetn[0]                                                               |               18 |             32 |         1.78 |
|  SoC_i/zynq_ultra_ps_e_0/inst/pl_clk0 | SoC_i/ps8_0_axi_periph/s01_couplers/auto_ds/inst/gen_downsizer.gen_simple_downsizer.axi_downsizer_inst/USE_READ.read_addr_inst/cmd_queue/inst/s_axi_rready_3[0]                                                                                                                  | SoC_i/ps8_0_axi_periph/s01_couplers/auto_ds/inst/gen_downsizer.gen_simple_downsizer.axi_downsizer_inst/USE_READ.read_addr_inst/cmd_queue/inst/s_axi_aresetn[0]                                                               |               17 |             32 |         1.88 |
|  SoC_i/zynq_ultra_ps_e_0/inst/pl_clk0 | SoC_i/H_Acceleration_IP_0/inst/H_Acceleration_IP_v1_0_S00_AXI_inst/dut/u_H_Input_Memory/axi_awaddr_reg[2]_2[0]                                                                                                                                                                   | SoC_i/rst_ps8_0_99M/U0/peripheral_aresetn[0]                                                                                                                                                                                 |               11 |             32 |         2.91 |
|  SoC_i/zynq_ultra_ps_e_0/inst/pl_clk0 | SoC_i/ps8_0_axi_periph/s00_couplers/auto_ds/inst/gen_downsizer.gen_simple_downsizer.axi_downsizer_inst/USE_READ.read_addr_inst/cmd_queue/inst/s_axi_rready_2[0]                                                                                                                  | SoC_i/ps8_0_axi_periph/s00_couplers/auto_ds/inst/gen_downsizer.gen_simple_downsizer.axi_downsizer_inst/USE_READ.read_addr_inst/cmd_queue/inst/s_axi_aresetn[0]                                                               |               17 |             32 |         1.88 |
|  SoC_i/zynq_ultra_ps_e_0/inst/pl_clk0 | SoC_i/ps8_0_axi_periph/s00_couplers/auto_ds/inst/gen_downsizer.gen_simple_downsizer.axi_downsizer_inst/USE_READ.read_addr_inst/cmd_queue/inst/fifo_gen_inst/inst_fifo_gen/gconvfifo.rf/grf.rf/gntv_or_sync_fifo.gl0.wr/gwss.wsts/E[0]                                            |                                                                                                                                                                                                                              |                3 |             34 |        11.33 |
|  SoC_i/zynq_ultra_ps_e_0/inst/pl_clk0 | SoC_i/ps8_0_axi_periph/s00_couplers/auto_pc/inst/gen_axilite.gen_b2s_conv.axilite_b2s/RD.r_channel_0/rd_data_fifo_0/wr_en0                                                                                                                                                       |                                                                                                                                                                                                                              |                5 |             34 |         6.80 |
|  SoC_i/zynq_ultra_ps_e_0/inst/pl_clk0 | SoC_i/ps8_0_axi_periph/s01_couplers/auto_ds/inst/gen_downsizer.gen_simple_downsizer.axi_downsizer_inst/USE_READ.read_addr_inst/cmd_queue/inst/fifo_gen_inst/inst_fifo_gen/gconvfifo.rf/grf.rf/gntv_or_sync_fifo.gl0.wr/gwss.wsts/E[0]                                            |                                                                                                                                                                                                                              |                3 |             34 |        11.33 |
|  SoC_i/zynq_ultra_ps_e_0/inst/pl_clk0 | SoC_i/ps8_0_axi_periph/s01_couplers/auto_ds/inst/gen_downsizer.gen_simple_downsizer.axi_downsizer_inst/USE_WRITE.write_addr_inst/cmd_queue/inst/fifo_gen_inst/inst_fifo_gen/gconvfifo.rf/grf.rf/gntv_or_sync_fifo.gl0.wr/gwss.wsts/E[0]                                          |                                                                                                                                                                                                                              |                3 |             34 |        11.33 |
|  SoC_i/zynq_ultra_ps_e_0/inst/pl_clk0 | SoC_i/ps8_0_axi_periph/s00_couplers/auto_ds/inst/gen_downsizer.gen_simple_downsizer.axi_downsizer_inst/USE_WRITE.write_addr_inst/cmd_queue/inst/fifo_gen_inst/inst_fifo_gen/gconvfifo.rf/grf.rf/gntv_or_sync_fifo.gl0.wr/gwss.wsts/E[0]                                          |                                                                                                                                                                                                                              |                3 |             34 |        11.33 |
|  SoC_i/zynq_ultra_ps_e_0/inst/pl_clk0 | SoC_i/ps8_0_axi_periph/s01_couplers/auto_pc/inst/gen_axilite.gen_b2s_conv.axilite_b2s/RD.r_channel_0/rd_data_fifo_0/wr_en0                                                                                                                                                       |                                                                                                                                                                                                                              |                5 |             34 |         6.80 |
|  SoC_i/zynq_ultra_ps_e_0/inst/pl_clk0 | SoC_i/ps8_0_axi_periph/s00_couplers/auto_pc/inst/gen_axilite.gen_b2s_conv.axilite_b2s/SI_REG/r.r_pipe/p_1_in                                                                                                                                                                     |                                                                                                                                                                                                                              |                9 |             35 |         3.89 |
|  SoC_i/zynq_ultra_ps_e_0/inst/pl_clk0 | SoC_i/ps8_0_axi_periph/s00_couplers/auto_pc/inst/gen_axilite.gen_b2s_conv.axilite_b2s/SI_REG/r.r_pipe/si_rs_rready                                                                                                                                                               |                                                                                                                                                                                                                              |                9 |             35 |         3.89 |
|  SoC_i/zynq_ultra_ps_e_0/inst/pl_clk0 | SoC_i/ps8_0_axi_periph/s01_couplers/auto_pc/inst/gen_axilite.gen_b2s_conv.axilite_b2s/SI_REG/r.r_pipe/p_1_in                                                                                                                                                                     |                                                                                                                                                                                                                              |                6 |             35 |         5.83 |
|  SoC_i/zynq_ultra_ps_e_0/inst/pl_clk0 | SoC_i/ps8_0_axi_periph/s01_couplers/auto_pc/inst/gen_axilite.gen_b2s_conv.axilite_b2s/SI_REG/r.r_pipe/si_rs_rready                                                                                                                                                               |                                                                                                                                                                                                                              |                6 |             35 |         5.83 |
|  SoC_i/zynq_ultra_ps_e_0/inst/pl_clk0 | SoC_i/ps8_0_axi_periph/xbar/inst/gen_sasd.crossbar_sasd_0/addr_arbiter_inst/E[0]                                                                                                                                                                                                 |                                                                                                                                                                                                                              |                9 |             35 |         3.89 |
|  SoC_i/zynq_ultra_ps_e_0/inst/pl_clk0 | SoC_i/ps8_0_axi_periph/s01_couplers/auto_ds/inst/gen_downsizer.gen_simple_downsizer.axi_downsizer_inst/USE_WRITE.write_addr_inst/USE_B_CHANNEL.cmd_b_queue/inst/m_axi_awready_0[0]                                                                                               | SoC_i/rst_ps8_0_99M/U0/peripheral_aresetn[0]                                                                                                                                                                                 |                9 |             37 |         4.11 |
|  SoC_i/zynq_ultra_ps_e_0/inst/pl_clk0 | SoC_i/ps8_0_axi_periph/s01_couplers/auto_ds/inst/gen_downsizer.gen_simple_downsizer.axi_downsizer_inst/USE_READ.read_addr_inst/cmd_queue/inst/m_axi_arready_1[0]                                                                                                                 | SoC_i/rst_ps8_0_99M/U0/peripheral_aresetn[0]                                                                                                                                                                                 |               10 |             37 |         3.70 |
|  SoC_i/zynq_ultra_ps_e_0/inst/pl_clk0 | SoC_i/ps8_0_axi_periph/s00_couplers/auto_ds/inst/gen_downsizer.gen_simple_downsizer.axi_downsizer_inst/USE_WRITE.write_addr_inst/USE_B_CHANNEL.cmd_b_queue/inst/m_axi_awready_0[0]                                                                                               | SoC_i/rst_ps8_0_99M/U0/peripheral_aresetn[0]                                                                                                                                                                                 |               10 |             37 |         3.70 |
|  SoC_i/zynq_ultra_ps_e_0/inst/pl_clk0 | SoC_i/ps8_0_axi_periph/s00_couplers/auto_ds/inst/gen_downsizer.gen_simple_downsizer.axi_downsizer_inst/USE_READ.read_addr_inst/cmd_queue/inst/m_axi_arready_1[0]                                                                                                                 | SoC_i/rst_ps8_0_99M/U0/peripheral_aresetn[0]                                                                                                                                                                                 |                9 |             37 |         4.11 |
|  SoC_i/zynq_ultra_ps_e_0/inst/pl_clk0 | SoC_i/ps8_0_axi_periph/s00_couplers/auto_pc/inst/gen_axilite.gen_b2s_conv.axilite_b2s/SI_REG/ar.ar_pipe/s_ready_i_reg_0                                                                                                                                                          |                                                                                                                                                                                                                              |               13 |             43 |         3.31 |
|  SoC_i/zynq_ultra_ps_e_0/inst/pl_clk0 | SoC_i/ps8_0_axi_periph/s00_couplers/auto_pc/inst/gen_axilite.gen_b2s_conv.axilite_b2s/SI_REG/aw.aw_pipe/s_ready_i_reg_0                                                                                                                                                          |                                                                                                                                                                                                                              |               14 |             43 |         3.07 |
|  SoC_i/zynq_ultra_ps_e_0/inst/pl_clk0 | SoC_i/ps8_0_axi_periph/s01_couplers/auto_pc/inst/gen_axilite.gen_b2s_conv.axilite_b2s/WR.aw_channel_0/aw_cmd_fsm_0/m_valid_i_reg[0]                                                                                                                                              |                                                                                                                                                                                                                              |               11 |             43 |         3.91 |
|  SoC_i/zynq_ultra_ps_e_0/inst/pl_clk0 | SoC_i/ps8_0_axi_periph/s00_couplers/auto_pc/inst/gen_axilite.gen_b2s_conv.axilite_b2s/WR.aw_channel_0/aw_cmd_fsm_0/m_valid_i_reg[0]                                                                                                                                              |                                                                                                                                                                                                                              |               14 |             43 |         3.07 |
|  SoC_i/zynq_ultra_ps_e_0/inst/pl_clk0 | SoC_i/ps8_0_axi_periph/s01_couplers/auto_pc/inst/gen_axilite.gen_b2s_conv.axilite_b2s/SI_REG/aw.aw_pipe/s_ready_i_reg_0                                                                                                                                                          |                                                                                                                                                                                                                              |               11 |             43 |         3.91 |
|  SoC_i/zynq_ultra_ps_e_0/inst/pl_clk0 | SoC_i/ps8_0_axi_periph/s01_couplers/auto_pc/inst/gen_axilite.gen_b2s_conv.axilite_b2s/SI_REG/ar.ar_pipe/s_ready_i_reg_0                                                                                                                                                          |                                                                                                                                                                                                                              |               11 |             43 |         3.91 |
|  SoC_i/zynq_ultra_ps_e_0/inst/pl_clk0 | SoC_i/ps8_0_axi_periph/s01_couplers/auto_pc/inst/gen_axilite.gen_b2s_conv.axilite_b2s/RD.ar_channel_0/ar_cmd_fsm_0/m_valid_i_reg_0[0]                                                                                                                                            |                                                                                                                                                                                                                              |               11 |             43 |         3.91 |
|  SoC_i/zynq_ultra_ps_e_0/inst/pl_clk0 | SoC_i/ps8_0_axi_periph/s00_couplers/auto_pc/inst/gen_axilite.gen_b2s_conv.axilite_b2s/RD.ar_channel_0/ar_cmd_fsm_0/m_valid_i_reg_0[0]                                                                                                                                            |                                                                                                                                                                                                                              |               13 |             43 |         3.31 |
|  SoC_i/zynq_ultra_ps_e_0/inst/pl_clk0 | SoC_i/ps8_0_axi_periph/s01_couplers/auto_ds/inst/gen_downsizer.gen_simple_downsizer.axi_downsizer_inst/USE_WRITE.write_addr_inst/S_AXI_AREADY_I_reg_0                                                                                                                            |                                                                                                                                                                                                                              |               19 |             67 |         3.53 |
|  SoC_i/zynq_ultra_ps_e_0/inst/pl_clk0 | SoC_i/ps8_0_axi_periph/s00_couplers/auto_ds/inst/gen_downsizer.gen_simple_downsizer.axi_downsizer_inst/USE_WRITE.write_addr_inst/S_AXI_AREADY_I_reg_0                                                                                                                            |                                                                                                                                                                                                                              |               23 |             67 |         2.91 |
|  SoC_i/zynq_ultra_ps_e_0/inst/pl_clk0 | SoC_i/ps8_0_axi_periph/s00_couplers/auto_ds/inst/gen_downsizer.gen_simple_downsizer.axi_downsizer_inst/USE_READ.read_addr_inst/S_AXI_AREADY_I_reg_0                                                                                                                              |                                                                                                                                                                                                                              |               26 |             67 |         2.58 |
|  SoC_i/zynq_ultra_ps_e_0/inst/pl_clk0 | SoC_i/ps8_0_axi_periph/s01_couplers/auto_ds/inst/gen_downsizer.gen_simple_downsizer.axi_downsizer_inst/USE_READ.read_addr_inst/S_AXI_AREADY_I_reg_0                                                                                                                              |                                                                                                                                                                                                                              |               24 |             67 |         2.79 |
|  SoC_i/zynq_ultra_ps_e_0/inst/pl_clk0 |                                                                                                                                                                                                                                                                                  | SoC_i/rst_ps8_0_99M/U0/peripheral_aresetn[0]                                                                                                                                                                                 |               33 |             75 |         2.27 |
|  SoC_i/zynq_ultra_ps_e_0/inst/pl_clk0 | SoC_i/ps8_0_axi_periph/s01_couplers/auto_ds/inst/gen_downsizer.gen_simple_downsizer.axi_downsizer_inst/USE_WRITE.write_addr_inst/S_AXI_AREADY_I_reg_0                                                                                                                            | SoC_i/rst_ps8_0_99M/U0/peripheral_aresetn[0]                                                                                                                                                                                 |               24 |             89 |         3.71 |
|  SoC_i/zynq_ultra_ps_e_0/inst/pl_clk0 | SoC_i/ps8_0_axi_periph/s00_couplers/auto_ds/inst/gen_downsizer.gen_simple_downsizer.axi_downsizer_inst/USE_WRITE.write_addr_inst/S_AXI_AREADY_I_reg_0                                                                                                                            | SoC_i/rst_ps8_0_99M/U0/peripheral_aresetn[0]                                                                                                                                                                                 |               30 |             89 |         2.97 |
|  SoC_i/zynq_ultra_ps_e_0/inst/pl_clk0 | SoC_i/ps8_0_axi_periph/s01_couplers/auto_ds/inst/gen_downsizer.gen_simple_downsizer.axi_downsizer_inst/USE_READ.read_addr_inst/S_AXI_AREADY_I_reg_0                                                                                                                              | SoC_i/rst_ps8_0_99M/U0/peripheral_aresetn[0]                                                                                                                                                                                 |               33 |             89 |         2.70 |
|  SoC_i/zynq_ultra_ps_e_0/inst/pl_clk0 | SoC_i/ps8_0_axi_periph/s00_couplers/auto_ds/inst/gen_downsizer.gen_simple_downsizer.axi_downsizer_inst/USE_READ.read_addr_inst/S_AXI_AREADY_I_reg_0                                                                                                                              | SoC_i/rst_ps8_0_99M/U0/peripheral_aresetn[0]                                                                                                                                                                                 |               26 |             89 |         3.42 |
|  SoC_i/zynq_ultra_ps_e_0/inst/pl_clk0 |                                                                                                                                                                                                                                                                                  |                                                                                                                                                                                                                              |               64 |            191 |         2.98 |
|  SoC_i/zynq_ultra_ps_e_0/inst/pl_clk0 | SoC_i/H_Acceleration_IP_0/inst/H_Acceleration_IP_v1_0_S00_AXI_inst/dut/u_H_Datapath/a_r                                                                                                                                                                                          | SoC_i/rst_ps8_0_99M/U0/peripheral_aresetn[0]                                                                                                                                                                                 |               38 |            192 |         5.05 |
+---------------------------------------+----------------------------------------------------------------------------------------------------------------------------------------------------------------------------------------------------------------------------------------------------------------------------------+------------------------------------------------------------------------------------------------------------------------------------------------------------------------------------------------------------------------------+------------------+----------------+--------------+


